
  [01;33mThis stage is deprecated. Please consider moving to a new stage (2025
or newer)[0m

Traceback (most recent call last):
  File "/p/project1/hclimrep/vozar2/PACE-Toolkit/dirty_bit/mpi_allocator.py", line 31, in <module>
    torch.cuda.set_device(local_rank)
  File "/p/software/juwelsbooster/stages/2024/software/PyTorch/2.1.2-gcccoreflexiblas-12.3.0-3.3.1/lib/python3.11/site-packages/torch/cuda/__init__.py", line 404, in set_device
    torch._C._cuda_setDevice(device)
RuntimeError: CUDA error: invalid device ordinal
CUDA kernel errors might be asynchronously reported at some other API call, so the stacktrace below might be incorrect.
For debugging consider passing CUDA_LAUNCH_BLOCKING=1.
Compile with `TORCH_USE_CUDA_DSA` to enable device-side assertions.

Traceback (most recent call last):
  File "/p/project1/hclimrep/vozar2/PACE-Toolkit/dirty_bit/mpi_allocator.py", line 31, in <module>
    torch.cuda.set_device(local_rank)
  File "/p/software/juwelsbooster/stages/2024/software/PyTorch/2.1.2-gcccoreflexiblas-12.3.0-3.3.1/lib/python3.11/site-packages/torch/cuda/__init__.py", line 404, in set_device
    torch._C._cuda_setDevice(device)
RuntimeError: CUDA error: invalid device ordinal
CUDA kernel errors might be asynchronously reported at some other API call, so the stacktrace below might be incorrect.
For debugging consider passing CUDA_LAUNCH_BLOCKING=1.
Compile with `TORCH_USE_CUDA_DSA` to enable device-side assertions.

srun: error: jwb0924: task 3: Exited with exit code 1
srun: error: jwb0905: task 1: Exited with exit code 1
