Starting multi-node, multi-GPU Python script...
Hello from Global Rank 1/4 on node 'jwb0437.juwels'.
  - My SLURM Local ID is: 1
  - Slurm assigned me physical GPU(s): CUDA_VISIBLE_DEVICES=1
  - I am using logical GPU: 0 (NVIDIA A100-SXM4-40GB)
-------------------------------------------------
Hello from Global Rank 0/4 on node 'jwb0437.juwels'.
  - My SLURM Local ID is: 0
  - Slurm assigned me physical GPU(s): CUDA_VISIBLE_DEVICES=0
  - I am using logical GPU: 0 (NVIDIA A100-SXM4-40GB)
-------------------------------------------------
Hello from Global Rank 2/4 on node 'jwb0443.juwels'.
  - My SLURM Local ID is: 0
  - Slurm assigned me physical GPU(s): CUDA_VISIBLE_DEVICES=0
  - I am using logical GPU: 0 (NVIDIA A100-SXM4-40GB)
-------------------------------------------------
Hello from Global Rank 3/4 on node 'jwb0443.juwels'.
  - My SLURM Local ID is: 1
  - Slurm assigned me physical GPU(s): CUDA_VISIBLE_DEVICES=1
  - I am using logical GPU: 0 (NVIDIA A100-SXM4-40GB)
-------------------------------------------------

✅ All MPI ranks have successfully reported their GPU assignments.
