
  [01;33mThis stage is deprecated. Please consider moving to a new stage (2025
or newer)[0m

[W socket.cpp:663] [c10d] The client socket cannot be initialized to connect to [jwb0184.juwels]:18552 (errno: 97 - Address family not supported by protocol).
[W socket.cpp:663] [c10d] The client socket cannot be initialized to connect to [jwb0184.juwels]:18552 (errno: 97 - Address family not supported by protocol).
[W socket.cpp:663] [c10d] The client socket cannot be initialized to connect to [jwb0184.juwels]:18552 (errno: 97 - Address family not supported by protocol).
[W socket.cpp:663] [c10d] The client socket cannot be initialized to connect to [jwb0184.juwels]:18552 (errno: 97 - Address family not supported by protocol).
[W socket.cpp:663] [c10d] The client socket has failed to connect to jwb0184.juwels:18552 (errno: 113 - No route to host).
[E socket.cpp:719] [c10d] The client socket has failed to connect to any network address of (jwb0184, 18552).
[W socket.cpp:663] [c10d] The client socket has failed to connect to jwb0184.juwels:18552 (errno: 113 - No route to host).
[E socket.cpp:719] [c10d] The client socket has failed to connect to any network address of (jwb0184, 18552).
[W socket.cpp:663] [c10d] The client socket has failed to connect to jwb0184.juwels:18552 (errno: 113 - No route to host).
[E socket.cpp:719] [c10d] The client socket has failed to connect to any network address of (jwb0184, 18552).
[W socket.cpp:663] [c10d] The client socket has failed to connect to jwb0184.juwels:18552 (errno: 113 - No route to host).
[E socket.cpp:719] [c10d] The client socket has failed to connect to any network address of (jwb0184, 18552).
Traceback (most recent call last):
  File "/p/project1/hclimrep/vozar2/PACE-Toolkit/pace/evaluator.py", line 212, in <module>
Traceback (most recent call last):
  File "/p/project1/hclimrep/vozar2/PACE-Toolkit/pace/evaluator.py", line 212, in <module>
Traceback (most recent call last):
  File "/p/project1/hclimrep/vozar2/PACE-Toolkit/pace/evaluator.py", line 212, in <module>
Traceback (most recent call last):
  File "/p/project1/hclimrep/vozar2/PACE-Toolkit/pace/evaluator.py", line 212, in <module>
    main(distributed=True)
    main(distributed=True)
  File "/p/project1/hclimrep/vozar2/PACE-Toolkit/pace/evaluator.py", line 39, in main
    main(distributed=True)
  File "/p/project1/hclimrep/vozar2/PACE-Toolkit/pace/evaluator.py", line 39, in main
  File "/p/project1/hclimrep/vozar2/PACE-Toolkit/pace/evaluator.py", line 39, in main
    main(distributed=True)
    rank, world_size = setup(distributed=distributed)
  File "/p/project1/hclimrep/vozar2/PACE-Toolkit/pace/evaluator.py", line 39, in main
    rank, world_size = setup(distributed=distributed)
                       ^^^^^^^^^^^^^^^^^^^^^^^^^^^^^^
  File "/p/project1/hclimrep/vozar2/PACE-Toolkit/pace/utils/functions.py", line 55, in setup
                       ^^^^^^^^^^^^^^^^^^^^^^^^^^^^^^
  File "/p/project1/hclimrep/vozar2/PACE-Toolkit/pace/utils/functions.py", line 55, in setup
    rank, world_size = setup(distributed=distributed)
    rank, world_size = setup(distributed=distributed)
                       ^^^^^^^^^^^^^^^^^^^^^^^^^^^^^^
  File "/p/project1/hclimrep/vozar2/PACE-Toolkit/pace/utils/functions.py", line 55, in setup
                       ^^^^^^^^^^^^^^^^^^^^^^^^^^^^^^
  File "/p/project1/hclimrep/vozar2/PACE-Toolkit/pace/utils/functions.py", line 55, in setup
    dist.init_process_group(
  File "/p/software/juwelsbooster/stages/2024/software/PyTorch/2.1.2-gcccoreflexiblas-12.3.0-3.3.1/lib/python3.11/site-packages/torch/distributed/c10d_logger.py", line 74, in wrapper
    dist.init_process_group(
  File "/p/software/juwelsbooster/stages/2024/software/PyTorch/2.1.2-gcccoreflexiblas-12.3.0-3.3.1/lib/python3.11/site-packages/torch/distributed/c10d_logger.py", line 74, in wrapper
    dist.init_process_group(
  File "/p/software/juwelsbooster/stages/2024/software/PyTorch/2.1.2-gcccoreflexiblas-12.3.0-3.3.1/lib/python3.11/site-packages/torch/distributed/c10d_logger.py", line 74, in wrapper
    dist.init_process_group(
  File "/p/software/juwelsbooster/stages/2024/software/PyTorch/2.1.2-gcccoreflexiblas-12.3.0-3.3.1/lib/python3.11/site-packages/torch/distributed/c10d_logger.py", line 74, in wrapper
    func_return = func(*args, **kwargs)
                  ^^^^^^^^^^^^^^^^^^^^^
    func_return = func(*args, **kwargs)
  File "/p/software/juwelsbooster/stages/2024/software/PyTorch/2.1.2-gcccoreflexiblas-12.3.0-3.3.1/lib/python3.11/site-packages/torch/distributed/distributed_c10d.py", line 1141, in init_process_group
                  ^^^^^^^^^^^^^^^^^^^^^
  File "/p/software/juwelsbooster/stages/2024/software/PyTorch/2.1.2-gcccoreflexiblas-12.3.0-3.3.1/lib/python3.11/site-packages/torch/distributed/distributed_c10d.py", line 1141, in init_process_group
    func_return = func(*args, **kwargs)
                  ^^^^^^^^^^^^^^^^^^^^^
  File "/p/software/juwelsbooster/stages/2024/software/PyTorch/2.1.2-gcccoreflexiblas-12.3.0-3.3.1/lib/python3.11/site-packages/torch/distributed/distributed_c10d.py", line 1141, in init_process_group
    func_return = func(*args, **kwargs)
                  ^^^^^^^^^^^^^^^^^^^^^
  File "/p/software/juwelsbooster/stages/2024/software/PyTorch/2.1.2-gcccoreflexiblas-12.3.0-3.3.1/lib/python3.11/site-packages/torch/distributed/distributed_c10d.py", line 1141, in init_process_group
    store, rank, world_size = next(rendezvous_iterator)
                              ^^^^^^^^^^^^^^^^^^^^^^^^^
  File "/p/software/juwelsbooster/stages/2024/software/PyTorch/2.1.2-gcccoreflexiblas-12.3.0-3.3.1/lib/python3.11/site-packages/torch/distributed/rendezvous.py", line 196, in _tcp_rendezvous_handler
    store, rank, world_size = next(rendezvous_iterator)
                              ^^^^^^^^^^^^^^^^^^^^^^^^^
  File "/p/software/juwelsbooster/stages/2024/software/PyTorch/2.1.2-gcccoreflexiblas-12.3.0-3.3.1/lib/python3.11/site-packages/torch/distributed/rendezvous.py", line 196, in _tcp_rendezvous_handler
    store, rank, world_size = next(rendezvous_iterator)
                              ^^^^^^^^^^^^^^^^^^^^^^^^^
  File "/p/software/juwelsbooster/stages/2024/software/PyTorch/2.1.2-gcccoreflexiblas-12.3.0-3.3.1/lib/python3.11/site-packages/torch/distributed/rendezvous.py", line 196, in _tcp_rendezvous_handler
    store, rank, world_size = next(rendezvous_iterator)
                              ^^^^^^^^^^^^^^^^^^^^^^^^^
  File "/p/software/juwelsbooster/stages/2024/software/PyTorch/2.1.2-gcccoreflexiblas-12.3.0-3.3.1/lib/python3.11/site-packages/torch/distributed/rendezvous.py", line 196, in _tcp_rendezvous_handler
    store = _create_c10d_store(result.hostname, result.port, rank, world_size, timeout)
            ^^^^^^^^^^^^^^^^^^^^^^^^^^^^^^^^^^^^^^^^^^^^^^^^^^^^^^^^^^^^^^^^^^^^^^^^^^^
  File "/p/software/juwelsbooster/stages/2024/software/PyTorch/2.1.2-gcccoreflexiblas-12.3.0-3.3.1/lib/python3.11/site-packages/torch/distributed/rendezvous.py", line 172, in _create_c10d_store
    store = _create_c10d_store(result.hostname, result.port, rank, world_size, timeout)
            ^^^^^^^^^^^^^^^^^^^^^^^^^^^^^^^^^^^^^^^^^^^^^^^^^^^^^^^^^^^^^^^^^^^^^^^^^^^
  File "/p/software/juwelsbooster/stages/2024/software/PyTorch/2.1.2-gcccoreflexiblas-12.3.0-3.3.1/lib/python3.11/site-packages/torch/distributed/rendezvous.py", line 172, in _create_c10d_store
    store = _create_c10d_store(result.hostname, result.port, rank, world_size, timeout)
    store = _create_c10d_store(result.hostname, result.port, rank, world_size, timeout)
            ^^^^^^^^^^^^^^^^^^^^^^^^^^^^^^^^^^^^^^^^^^^^^^^^^^^^^^^^^^^^^^^^^^^^^^^^^^^
  File "/p/software/juwelsbooster/stages/2024/software/PyTorch/2.1.2-gcccoreflexiblas-12.3.0-3.3.1/lib/python3.11/site-packages/torch/distributed/rendezvous.py", line 172, in _create_c10d_store
            ^^^^^^^^^^^^^^^^^^^^^^^^^^^^^^^^^^^^^^^^^^^^^^^^^^^^^^^^^^^^^^^^^^^^^^^^^^^
  File "/p/software/juwelsbooster/stages/2024/software/PyTorch/2.1.2-gcccoreflexiblas-12.3.0-3.3.1/lib/python3.11/site-packages/torch/distributed/rendezvous.py", line 172, in _create_c10d_store
    return TCPStore(
           ^^^^^^^^^
RuntimeError: The client socket has failed to connect to any network address of (jwb0184, 18552). The client socket has failed to connect to jwb0184.juwels:18552 (errno: 113 - No route to host).
    return TCPStore(
           ^^^^^^^^^
RuntimeError: The client socket has failed to connect to any network address of (jwb0184, 18552). The client socket has failed to connect to jwb0184.juwels:18552 (errno: 113 - No route to host).
    return TCPStore(
           ^^^^^^^^^
RuntimeError: The client socket has failed to connect to any network address of (jwb0184, 18552). The client socket has failed to connect to jwb0184.juwels:18552 (errno: 113 - No route to host).
    return TCPStore(
           ^^^^^^^^^
RuntimeError: The client socket has failed to connect to any network address of (jwb0184, 18552). The client socket has failed to connect to jwb0184.juwels:18552 (errno: 113 - No route to host).
[W socket.cpp:436] [c10d] The server socket cannot be initialized on [::]:18552 (errno: 97 - Address family not supported by protocol).
[W socket.cpp:663] [c10d] The client socket cannot be initialized to connect to [jwb0184.juwels]:18552 (errno: 97 - Address family not supported by protocol).
[W socket.cpp:663] [c10d] The client socket cannot be initialized to connect to [jwb0184.juwels]:18552 (errno: 97 - Address family not supported by protocol).
[W socket.cpp:663] [c10d] The client socket cannot be initialized to connect to [jwb0184.juwels]:18552 (errno: 97 - Address family not supported by protocol).
[W socket.cpp:663] [c10d] The client socket cannot be initialized to connect to [jwb0184.juwels]:18552 (errno: 97 - Address family not supported by protocol).
srun: Job step aborted: Waiting up to 6 seconds for job step to finish.
srun: error: jwb0184: tasks 0-3: Terminated
