Preparing files for graphcast...
Done. Found 22 usable files.

Static fields setup... Done
Checking required field for metrics...
geostrophic_balance     is complete.
hydrostatic_balance     is complete.
correlation             is complete.
correlation_map         is complete.
potential_vorticity     is complete.
humidity_temperature    is complete.

Selected 5 samples for graphcast.
---------------------------------------------

Preparing files for era5...
Done. Found 12 usable files.

Static fields setup... Done
Checking required field for metrics...
geostrophic_balance     is complete.
hydrostatic_balance     is complete.
correlation             is complete.
correlation_map         is complete.
potential_vorticity     is complete.
humidity_temperature    is complete.

Selected 3 samples for era5.
---------------------------------------------

Rank 0: Initializing Zarr archive and index at /p/project/hclimrep/vas1/PACE-Toolkit/pace/outputs/graphcast.zarr
All 8 ranks have opened the synchronized Zarr archive.
Rank 0: Initializing Zarr archive and index at /p/project/hclimrep/vas1/PACE-Toolkit/pace/outputs/era5.zarr
dict_keys(['geostrophic_balance', 'hydrostatic_balance', 'correlation', 'correlation_map', 'potential_vorticity', 'humidity_temperature'])
dict_keys(['geostrophic_balance', 'hydrostatic_balance', 'correlation', 'correlation_map', 'potential_vorticity', 'humidity_temperature'])
dict_keys(['geostrophic_balance', 'hydrostatic_balance', 'correlation', 'correlation_map', 'potential_vorticity', 'humidity_temperature'])
dict_keys(['geostrophic_balance', 'hydrostatic_balance', 'correlation', 'correlation_map', 'potential_vorticity', 'humidity_temperature'])
dict_keys(['geostrophic_balance', 'hydrostatic_balance', 'correlation', 'correlation_map', 'potential_vorticity', 'humidity_temperature'])
All 8 ranks have opened the synchronized Zarr archive.
dict_keys(['geostrophic_balance', 'hydrostatic_balance', 'correlation', 'correlation_map', 'potential_vorticity', 'humidity_temperature'])
dict_keys(['geostrophic_balance', 'hydrostatic_balance', 'correlation', 'correlation_map', 'potential_vorticity', 'humidity_temperature'])
dict_keys(['geostrophic_balance', 'hydrostatic_balance', 'correlation', 'correlation_map', 'potential_vorticity', 'humidity_temperature'])
Zarr store initialized for xarray at: /p/project/hclimrep/vas1/PACE-Toolkit/pace/outputs/graphcast.zarr
Rank 7 processed 0 samples.
Rank 5 processed 0 samples.
Rank 6 processed 0 samples.
Rank 4 processed 1 samples.
Rank 3 processed 1 samples.
Rank 3 waiting at barrier.
Rank 5 waiting at barrier.
Rank 4 waiting at barrier.
Rank 7 waiting at barrier.
Rank 6 waiting at barrier.
Rank 0 processed 1 samples.
Rank 1 processed 1 samples.
Zarr store initialized for xarray at: /p/project/hclimrep/vas1/PACE-Toolkit/pace/outputs/era5.zarr
Rank 2 processed 1 samples.
Rank 3 passed barrier.
Rank 4 passed barrier.
Rank 7 passed barrier.
Rank 5 passed barrier.
Rank 6 passed barrier.
Zarr store initialized for xarray at: /p/project/hclimrep/vas1/PACE-Toolkit/pace/outputs/era5.zarr
Rank 0 processed 1 samples.
Rank 2 processed 1 samples.
Rank 1 processed 1 samples.
Rank 0 waiting at barrier.
