
  [01;33mThis stage is deprecated. Please consider moving to a new stage (2025
or newer)[0m

[W socket.cpp:436] [c10d] The server socket cannot be initialized on [::]:16251 (errno: 97 - Address family not supported by protocol).
[W socket.cpp:663] [c10d] The client socket cannot be initialized to connect to [jwc02n130.juwels]:16251 (errno: 97 - Address family not supported by protocol).
[W socket.cpp:663] [c10d] The client socket cannot be initialized to connect to [jwc02n130.juwels]:16251 (errno: 97 - Address family not supported by protocol).
[W socket.cpp:663] [c10d] The client socket cannot be initialized to connect to [jwc02n130.juwels]:16251 (errno: 97 - Address family not supported by protocol).
[W socket.cpp:663] [c10d] The client socket cannot be initialized to connect to [jwc02n130.juwels]:16251 (errno: 97 - Address family not supported by protocol).
[W socket.cpp:663] [c10d] The client socket cannot be initialized to connect to [jwc02n130.juwels]:16251 (errno: 97 - Address family not supported by protocol).
[W socket.cpp:663] [c10d] The client socket cannot be initialized to connect to [jwc02n130.juwels]:16251 (errno: 97 - Address family not supported by protocol).
[W socket.cpp:663] [c10d] The client socket cannot be initialized to connect to [jwc02n130.juwels]:16251 (errno: 97 - Address family not supported by protocol).
[W socket.cpp:663] [c10d] The client socket cannot be initialized to connect to [jwc02n130.juwels]:16251 (errno: 97 - Address family not supported by protocol).
/p/software/default/stages/2024/software/zarr/2.18.3-GCCcore-12.3.0/lib/python3.11/site-packages/zarr/storage.py:455: UserWarning: an object_codec is only needed for object arrays
  _init_array_metadata(
Fatal error in internal_Barrier: Other MPI error, error stack:
internal_Barrier(84)...................: MPI_Barrier(MPI_COMM_WORLD) failed
MPID_Barrier(49).......................: 
MPIR_Barrier_impl(105).................: 
MPIR_Barrier_allcomm_auto(53)..........: 
MPIR_Barrier_intra_smp(23).............: 
MPID_Barrier(49).......................: 
MPIR_Barrier_impl(105).................: 
MPIR_Barrier_allcomm_auto(53)..........: 
MPIR_Barrier_intra_dissemination(34)...: 
mpid_irecv_done(98)....................: read from socket failed - request state:recv(pde)done
MPIR_Barrier_intra_dissemination(34)...: 
mpid_irecv_done(98)....................: read from socket failed - request state:recv(pde)done
MPIR_Barrier_intra_dissemination(34)...: 
mpid_irecv_done(98)....................: read from socket failed - request state:recv(pde)done
MPIR_Barrier_intra_smp(36).............: 
MPID_Barrier(49).......................: 
MPIR_Barrier_impl(105).................: 
MPIR_Barrier_allcomm_auto(53)..........: 
MPIR_Barrier_intra_k_dissemination(140): Failure during collective
MPIR_Barrier_intra_smp(52).............: 
MPID_Bcast(87).........................: 
MPIR_Bcast_impl(444)...................: 
MPIR_Bcast_allcomm_auto(370)...........: 
MPIR_Bcast_intra_binomial(174).........: Failure during collective
pspmix_service_abort: on users request from rank 0: Fatal error in internal_Barrier: Other MPI error, error stack:
internal_Barrier(84)...................: MPI_Barrier(MPI_COMM_WORLD) failed
MPID_Barrier(49).......................: 
MPIR_Barrier_impl(105).................: 
MPIR_Barrier_allcomm_auto(53)..........: 
MPIR_Barrier_intra_smp(23).............: 
MPID_Barrier(49).......................: 
MPIR_Barrier_impl(105).................: 
MPIR_Barrier_allcomm_auto(53)..........: 
MPIR_Barrier_intra_dissemination(34)...: 
mpid_irecv_done(98)....................: read from socket failed - request state:recv(pde)done
MPIR_Barrier_intra_dissemination(34)...: 
mpid_irecv_done(98)....................: read from socket failed - request state:recv(pde)done
MPIR_Barrier_intra_dissemination(34)...: 
mpid_irecv_done(98)....................: read from socket failed - request state:recv(pde)done
MPIR_Barrier_intra_smp(36).............: 
MPID_Barrier(49).......................: 
MPIR_Barrier_impl(105).................: 
MPIR_Barrier_allcomm_auto(53)..........: 
MPIR_Barrier_intra_k_dissemination(140): Failure during collective
MPIR_Barrier_intra_smp(52).............: 
MPID_Bcast(87).........................: 
MPIR_Bcast_impl(444)...................: 
MPIR_Bcast_allcomm_auto(370)...........: 
MPIR_Bcast_intra_binomial(174).........: Failure during collective
srun: error: jwc02n130: tasks 1-7: Terminated
srun: error: jwc02n130: task 0: Exited with exit code 143
srun: Force Terminated StepId=12096251.0
