
  [01;33mThis stage is deprecated. Please consider moving to a new stage (2025
or newer)[0m

srun: Setting --cpu-bind=threads as a default of --threads-per-core use
srun: defined options
srun: -------------------- --------------------
srun: (null)              : jwb[1221,1245]
srun: gpus-per-node       : 4
srun: jobid               : 12178335
srun: job-name            : run_booster.sbatch
srun: licenses            : home@just,project1@just,scratch@just
srun: mpi                 : pspmix
srun: nodes               : 2
srun: ntasks              : 8
srun: ntasks-per-node     : 4
srun: threads-per-core    : 1
srun: verbose             : 1
srun: -------------------- --------------------
srun: end of defined options
srun: jobid 12178335: nodes(2):`jwb[1221,1245]', cpu counts: 48(x2)
srun: CpuBindType=threads
srun: launching StepId=12178335.0 on host jwb1221, 4 tasks: [0-3]
srun: launching StepId=12178335.0 on host jwb1245, 4 tasks: [4-7]
srun: topology/tree: init: topology tree plugin loaded
srun: Node jwb1221, 4 tasks started
srun: Node jwb1245, 4 tasks started
srun: Received task exit notification for 4 tasks of StepId=12178335.0 (status=0x0000).
srun: jwb1245: tasks 4-7: Completed
srun: Received task exit notification for 4 tasks of StepId=12178335.0 (status=0x0000).
srun: jwb1221: tasks 0-3: Completed
