output dir: /p/scratch/hclimrep/vozar2/outputs_cluster
DEBUG: rank=0, world_size=8, comm_size=8, comm_rank=0
Preparing files for corrdiff...
5824 files parsed from directory: /p/scratch/hclimrep/pavel1/CorrDiff/CorrDiff_Output_Code4Earth/
Done. Found 54 usable files (2013-01-01 00:00:00 -- 2013-01-04 23:59:00).

Static fields setup... Done
Checking required field for metrics...
correlation             is missing field/s for computation.
correlation_map         is missing field/s for computation.
case_studies            is complete.

Selected 54 samples for corrdiff.
---------------------------------------------

Index map:  54
54
Rank 0: Initializing Zarr archive and index at /p/scratch/hclimrep/vozar2/outputs_cluster/corrdiff.zarr
All 8 ranks have opened the synchronized Zarr archive.
0: Zarr store initialized for xarray at: /p/scratch/hclimrep/vozar2/outputs_cluster/corrdiff.zarr
output dir: /p/scratch/hclimrep/vozar2/outputs_cluster
DEBUG: rank=3, world_size=8, comm_size=8, comm_rank=3
54
output dir: /p/scratch/hclimrep/vozar2/outputs_cluster
DEBUG: rank=1, world_size=8, comm_size=8, comm_rank=1
54
output dir: /p/scratch/hclimrep/vozar2/outputs_cluster
DEBUG: rank=2, world_size=8, comm_size=8, comm_rank=2
54
output dir: /p/scratch/hclimrep/vozar2/outputs_cluster
DEBUG: rank=6, world_size=8, comm_size=8, comm_rank=6
54
output dir: /p/scratch/hclimrep/vozar2/outputs_cluster
DEBUG: rank=7, world_size=8, comm_size=8, comm_rank=7
54
output dir: /p/scratch/hclimrep/vozar2/outputs_cluster
DEBUG: rank=5, world_size=8, comm_size=8, comm_rank=5
54
output dir: /p/scratch/hclimrep/vozar2/outputs_cluster
DEBUG: rank=4, world_size=8, comm_size=8, comm_rank=4
54
Rank 2: Saved idx 2 for 2013-01-01 12:00:00 to /p/scratch/hclimrep/vozar2/outputs_cluster/corrdiff.zarr
Rank 2: Saved idx 10 for 2013-01-03 12:00:00 to /p/scratch/hclimrep/vozar2/outputs_cluster/corrdiff.zarr
Rank 2: Saved idx 18 for 2013-01-02 06:00:00 to /p/scratch/hclimrep/vozar2/outputs_cluster/corrdiff.zarr
Rank 2: Saved idx 26 for 2013-01-04 06:00:00 to /p/scratch/hclimrep/vozar2/outputs_cluster/corrdiff.zarr
Rank 2: Saved idx 34 for 2013-01-02 18:00:00 to /p/scratch/hclimrep/vozar2/outputs_cluster/corrdiff.zarr
Rank 2: Saved idx 42 for 2013-01-01 18:00:00 to /p/scratch/hclimrep/vozar2/outputs_cluster/corrdiff.zarr
Rank 2: Saved idx 50 for 2013-01-03 18:00:00 to /p/scratch/hclimrep/vozar2/outputs_cluster/corrdiff.zarr
Rank 2 processed 7 samples.
Rank 2 waiting at barrier.
Rank 2 passed barrier.
Rank 2 waiting at barrier.

--- All ranks finished writing. Now performing final check. ---
Elapsed time: 6.12 s
Rank 4: Saved idx 4 for 2013-01-02 00:00:00 to /p/scratch/hclimrep/vozar2/outputs_cluster/corrdiff.zarr
Rank 4: Saved idx 12 for 2013-01-04 00:00:00 to /p/scratch/hclimrep/vozar2/outputs_cluster/corrdiff.zarr
Rank 4: Saved idx 20 for 2013-01-02 18:00:00 to /p/scratch/hclimrep/vozar2/outputs_cluster/corrdiff.zarr
Rank 4: Saved idx 28 for 2013-01-01 06:00:00 to /p/scratch/hclimrep/vozar2/outputs_cluster/corrdiff.zarr
Rank 4: Saved idx 36 for 2013-01-03 06:00:00 to /p/scratch/hclimrep/vozar2/outputs_cluster/corrdiff.zarr
Rank 4: Saved idx 44 for 2013-01-02 06:00:00 to /p/scratch/hclimrep/vozar2/outputs_cluster/corrdiff.zarr
Rank 4: Saved idx 52 for 2013-01-04 06:00:00 to /p/scratch/hclimrep/vozar2/outputs_cluster/corrdiff.zarr
Rank 4 processed 7 samples.
Rank 4 waiting at barrier.
Rank 4 passed barrier.
Rank 4 waiting at barrier.

--- All ranks finished writing. Now performing final check. ---
Elapsed time: 4.74 s
Rank 3: Saved idx 3 for 2013-01-01 18:00:00 to /p/scratch/hclimrep/vozar2/outputs_cluster/corrdiff.zarr
Rank 3: Saved idx 11 for 2013-01-03 18:00:00 to /p/scratch/hclimrep/vozar2/outputs_cluster/corrdiff.zarr
Rank 3: Saved idx 19 for 2013-01-02 12:00:00 to /p/scratch/hclimrep/vozar2/outputs_cluster/corrdiff.zarr
Rank 3: Saved idx 27 for 2013-01-01 00:00:00 to /p/scratch/hclimrep/vozar2/outputs_cluster/corrdiff.zarr
Rank 3: Saved idx 35 for 2013-01-03 00:00:00 to /p/scratch/hclimrep/vozar2/outputs_cluster/corrdiff.zarr
Rank 3: Saved idx 43 for 2013-01-02 00:00:00 to /p/scratch/hclimrep/vozar2/outputs_cluster/corrdiff.zarr
Rank 3: Saved idx 51 for 2013-01-04 00:00:00 to /p/scratch/hclimrep/vozar2/outputs_cluster/corrdiff.zarr
Rank 3 processed 7 samples.
Rank 3 waiting at barrier.
Rank 3 passed barrier.
Rank 3 waiting at barrier.

--- All ranks finished writing. Now performing final check. ---
Elapsed time: 6.12 s
Rank 1: Saved idx 1 for 2013-01-01 06:00:00 to /p/scratch/hclimrep/vozar2/outputs_cluster/corrdiff.zarr
Rank 1: Saved idx 9 for 2013-01-03 06:00:00 to /p/scratch/hclimrep/vozar2/outputs_cluster/corrdiff.zarr
Rank 1: Saved idx 17 for 2013-01-02 00:00:00 to /p/scratch/hclimrep/vozar2/outputs_cluster/corrdiff.zarr
Rank 1: Saved idx 25 for 2013-01-04 00:00:00 to /p/scratch/hclimrep/vozar2/outputs_cluster/corrdiff.zarr
Rank 1: Saved idx 33 for 2013-01-02 12:00:00 to /p/scratch/hclimrep/vozar2/outputs_cluster/corrdiff.zarr
Rank 1: Saved idx 41 for 2013-01-01 12:00:00 to /p/scratch/hclimrep/vozar2/outputs_cluster/corrdiff.zarr
Rank 1: Saved idx 49 for 2013-01-03 12:00:00 to /p/scratch/hclimrep/vozar2/outputs_cluster/corrdiff.zarr
Rank 1 processed 7 samples.
Rank 1 waiting at barrier.
Rank 1 passed barrier.
Rank 1 waiting at barrier.

--- All ranks finished writing. Now performing final check. ---
Elapsed time: 6.12 s
Rank 6: Saved idx 6 for 2013-01-02 12:00:00 to /p/scratch/hclimrep/vozar2/outputs_cluster/corrdiff.zarr
Rank 6: Saved idx 14 for 2013-01-01 06:00:00 to /p/scratch/hclimrep/vozar2/outputs_cluster/corrdiff.zarr
Rank 6: Saved idx 22 for 2013-01-03 06:00:00 to /p/scratch/hclimrep/vozar2/outputs_cluster/corrdiff.zarr
Rank 6: Saved idx 30 for 2013-01-01 18:00:00 to /p/scratch/hclimrep/vozar2/outputs_cluster/corrdiff.zarr
Rank 6: Saved idx 38 for 2013-01-03 18:00:00 to /p/scratch/hclimrep/vozar2/outputs_cluster/corrdiff.zarr
Rank 6: Saved idx 46 for 2013-01-02 18:00:00 to /p/scratch/hclimrep/vozar2/outputs_cluster/corrdiff.zarr
Rank 6 processed 6 samples.
Rank 6 waiting at barrier.
Rank 6 passed barrier.
Rank 6 waiting at barrier.

--- All ranks finished writing. Now performing final check. ---
Elapsed time: 4.74 s
Rank 7: Saved idx 7 for 2013-01-02 18:00:00 to /p/scratch/hclimrep/vozar2/outputs_cluster/corrdiff.zarr
Rank 7: Saved idx 15 for 2013-01-01 12:00:00 to /p/scratch/hclimrep/vozar2/outputs_cluster/corrdiff.zarr
Rank 7: Saved idx 23 for 2013-01-03 12:00:00 to /p/scratch/hclimrep/vozar2/outputs_cluster/corrdiff.zarr
Rank 7: Saved idx 31 for 2013-01-02 00:00:00 to /p/scratch/hclimrep/vozar2/outputs_cluster/corrdiff.zarr
Rank 7: Saved idx 39 for 2013-01-01 00:00:00 to /p/scratch/hclimrep/vozar2/outputs_cluster/corrdiff.zarr
Rank 7: Saved idx 47 for 2013-01-03 00:00:00 to /p/scratch/hclimrep/vozar2/outputs_cluster/corrdiff.zarr
Rank 7 processed 6 samples.
Rank 7 waiting at barrier.
Rank 7 passed barrier.
Rank 7 waiting at barrier.

--- All ranks finished writing. Now performing final check. ---
Elapsed time: 4.74 s
Rank 5: Saved idx 5 for 2013-01-02 06:00:00 to /p/scratch/hclimrep/vozar2/outputs_cluster/corrdiff.zarr
Rank 5: Saved idx 13 for 2013-01-01 00:00:00 to /p/scratch/hclimrep/vozar2/outputs_cluster/corrdiff.zarr
Rank 5: Saved idx 21 for 2013-01-03 00:00:00 to /p/scratch/hclimrep/vozar2/outputs_cluster/corrdiff.zarr
Rank 5: Saved idx 29 for 2013-01-01 12:00:00 to /p/scratch/hclimrep/vozar2/outputs_cluster/corrdiff.zarr
Rank 5: Saved idx 37 for 2013-01-03 12:00:00 to /p/scratch/hclimrep/vozar2/outputs_cluster/corrdiff.zarr
Rank 5: Saved idx 45 for 2013-01-02 12:00:00 to /p/scratch/hclimrep/vozar2/outputs_cluster/corrdiff.zarr
Rank 5: Saved idx 53 for 2013-01-04 12:00:00 to /p/scratch/hclimrep/vozar2/outputs_cluster/corrdiff.zarr
Rank 5 processed 7 samples.
Rank 5 waiting at barrier.
Rank 5 passed barrier.
Rank 5 waiting at barrier.

--- All ranks finished writing. Now performing final check. ---
Elapsed time: 4.74 s
Rank 0: Saved idx 0 for 2013-01-01 00:00:00 to /p/scratch/hclimrep/vozar2/outputs_cluster/corrdiff.zarr
Rank 0: Saved idx 8 for 2013-01-03 00:00:00 to /p/scratch/hclimrep/vozar2/outputs_cluster/corrdiff.zarr
Rank 0: Saved idx 16 for 2013-01-01 18:00:00 to /p/scratch/hclimrep/vozar2/outputs_cluster/corrdiff.zarr
Rank 0: Saved idx 24 for 2013-01-03 18:00:00 to /p/scratch/hclimrep/vozar2/outputs_cluster/corrdiff.zarr
Rank 0: Saved idx 32 for 2013-01-02 06:00:00 to /p/scratch/hclimrep/vozar2/outputs_cluster/corrdiff.zarr
Rank 0: Saved idx 40 for 2013-01-01 06:00:00 to /p/scratch/hclimrep/vozar2/outputs_cluster/corrdiff.zarr
Rank 0: Saved idx 48 for 2013-01-03 06:00:00 to /p/scratch/hclimrep/vozar2/outputs_cluster/corrdiff.zarr
Rank 0 processed 7 samples.
Rank 0 waiting at barrier.
Rank 0 passed barrier.
Passed barrier after corrdiff.
Rank 0 waiting at barrier.
Passed barrier after None.

--- All ranks finished writing. Now performing final check. ---
<zarr.core.Array '/idx' (54,) int64 read-only>
[ 0  1  2  3  4  5  6  7  8  9 10 11 12 13 14 15 16 17 18 19 20 21 22 23
 24 25 26 27 28 29 30 31 32 33 34 35 36 37 38 39 40 41 42 43 44 45 46 47
 48 49 50 51 52 53]
Opened using xarray.
<xarray.Dataset>
Dimensions:    (idx: 0, lat: 448, lon: 640)
Coordinates:
    base_time  (idx) datetime64[ns] ...
  * idx        (idx) float64 
  * lat        (lat) float32 45.39 45.41 45.44 45.46 ... 56.49 56.51 56.54 56.56
    lead_time  (idx) timedelta64[h] ...
  * lon        (lon) float32 1.138 1.163 1.188 1.212 ... 17.04 17.06 17.09 17.11
Data variables:
    *empty*
Elapsed time: 6.14 s
