partition:	 devel
backend:	 gloo
Preparing files for graphcast...
Done. Found 24 usable files (2021-06-01 00:00:00 -- 2021-06-12 23:59:00).

Grid setup... Done.
Checking required fields for metrics...
geostrophic_balance     is complete.
hydrostatic_balance     is complete.
correlation             is complete.
correlation_map         is complete.
potential_vorticity     is complete.
humidity_temperature    is complete.

Selected 3 samples for graphcast.
---------------------------------------------

Preparing files for era5...
Done. Found 12 usable files (2021-06-01 00:00:00 -- 2021-06-12 23:59:00).

Grid setup... Done.
Checking required fields for metrics...
geostrophic_balance     is complete.
hydrostatic_balance     is complete.
correlation             is complete.
correlation_map         is complete.
potential_vorticity     is complete.
humidity_temperature    is complete.

Selected 1 samples for era5.
---------------------------------------------

[Rank 0] Initializing Zarr archive at /p/scratch/hclimrep/vozar2/outputs_cluster/graphcast.zarr

[Rank 0] Initializing Zarr archive at /p/scratch/hclimrep/vozar2/outputs_cluster/era5.zarr

[Rank 0] Zarr store initialized for xarray at: /p/scratch/hclimrep/vozar2/outputs_cluster/graphcast.zarr

Running histogram visualization...
Saved: /p/scratch/hclimrep/vozar2/outputs_cluster/plots/histograms/geostrophic_wind_ratio.png
Saved: /p/scratch/hclimrep/vozar2/outputs_cluster/plots/histograms/hydrostatic_abs_error.png
Saved: /p/scratch/hclimrep/vozar2/outputs_cluster/plots/histograms/hydrostatic_rel_error.png
Saved: /p/scratch/hclimrep/vozar2/outputs_cluster/plots/histograms/hydrostatic_rmse.png
Saved: /p/scratch/hclimrep/vozar2/outputs_cluster/plots/histograms/potential_vorticity.png
Saved: /p/scratch/hclimrep/vozar2/outputs_cluster/plots/histograms/relative_humidity.png

Running vertical profile visualization...
operands could not be broadcast together with shapes (3,37,81,81) (3,1,1,37) 

Running correlation visualization...
DEBUG___________________________________________
valid_time <- base_time + lead_time 1970-01-01T00:00:00.000000000 1970-01-01T00:00:00.000000000 0 hours
valid_time <- base_time + lead_time 1970-01-01T00:00:00.000000000 1970-01-01T00:00:00.000000000 0 hours
valid_time <- base_time + lead_time 1970-01-01T00:00:00.000000000 1970-01-01T00:00:00.000000000 0 hours
'Dataset' object has no attribute 'lead_time'

Running spatial slice visualization...
Invalid vmin or vmax

Running spatial average visualization...
Skipping 'corr_column' (dims: ['idx', 'var_1', 'var_2'])
Invalid vmin or vmax

Elapsed time: 8.32 s
