CUDA is not available. Running on CPU.
DEBUG: rank=0, world_size=1, comm_size=1, comm_rank=0
Preparing files for graphcast...
Done. Found 40 usable files (2021-04-01 00:00:00 -- 2021-04-20 23:59:00).

Static fields setup... Done
Checking required field for metrics...
geostrophic_balance     is complete.
hydrostatic_balance     is complete.
correlation             is complete.
correlation_map         is complete.
potential_vorticity     is complete.
humidity_temperature    is complete.
mass_conservation       is complete.
energy_conservation     is complete.

Selected 2 samples for graphcast.
---------------------------------------------

2
Rank 0 received 2 samples, indices: [0 1]
Preparing files for era5...
Done. Found 20 usable files (2021-04-01 00:00:00 -- 2021-04-20 23:59:00).

Static fields setup... Done
Checking required field for metrics...
geostrophic_balance     is complete.
hydrostatic_balance     is complete.
correlation             is complete.
correlation_map         is complete.
potential_vorticity     is complete.
humidity_temperature    is complete.
mass_conservation       is complete.
energy_conservation     is complete.

Selected 1 samples for era5.
---------------------------------------------

Rank 0: Initializing Zarr archive and index at /p/scratch/hclimrep/vozar2/outputs/graphcast.zarr
