CUDA is not available. Running on CPU.
DEBUG: rank=4, world_size=8, comm_size=8, comm_rank=4
64
Rank 4 received 8 samples, indices: [32 33 34 35 36 37 38 39]
CUDA is not available. Running on CPU.
DEBUG: rank=0, world_size=8, comm_size=8, comm_rank=0
Preparing files for corrdiff...
5824 files parsed from directory: /p/scratch/hclimrep/pavel1/CorrDiff/CorrDiff_Output_Code4Earth/
Done. Found 64 usable files (2013-04-01 00:00:00 -- 2013-04-04 23:59:00).

Static fields setup... Done
Checking required field for metrics...
correlation             is missing field/s for computation.
correlation_map         is missing field/s for computation.

Selected 64 samples for corrdiff.
---------------------------------------------

64
Rank 0 received 8 samples, indices: [0 1 2 3 4 5 6 7]
Rank 0: Initializing Zarr archive and index at /p/project1/hclimrep/vozar2/PACE-Toolkit/pace/outputs/corrdiff.zarr
All 8 ranks have opened the synchronized Zarr archive.
0: Zarr store initialized for xarray at: /p/project1/hclimrep/vozar2/PACE-Toolkit/pace/outputs/corrdiff.zarr
CUDA is not available. Running on CPU.
DEBUG: rank=1, world_size=8, comm_size=8, comm_rank=1
64
Rank 1 received 8 samples, indices: [ 8  9 10 11 12 13 14 15]
CUDA is not available. Running on CPU.
DEBUG: rank=2, world_size=8, comm_size=8, comm_rank=2
64
Rank 2 received 8 samples, indices: [16 17 18 19 20 21 22 23]
CUDA is not available. Running on CPU.
DEBUG: rank=3, world_size=8, comm_size=8, comm_rank=3
64
Rank 3 received 8 samples, indices: [24 25 26 27 28 29 30 31]
CUDA is not available. Running on CPU.
DEBUG: rank=6, world_size=8, comm_size=8, comm_rank=6
64
Rank 6 received 8 samples, indices: [48 49 50 51 52 53 54 55]
CUDA is not available. Running on CPU.
DEBUG: rank=5, world_size=8, comm_size=8, comm_rank=5
64
Rank 5 received 8 samples, indices: [40 41 42 43 44 45 46 47]
CUDA is not available. Running on CPU.
DEBUG: rank=7, world_size=8, comm_size=8, comm_rank=7
64
Rank 7 received 8 samples, indices: [56 57 58 59 60 61 62 63]
Rank 4: [0.] [datetime.datetime(2013, 3, 31, 0, 0)] [datetime.timedelta(days=1)] /p/project1/hclimrep/vozar2/PACE-Toolkit/pace/outputs/corrdiff.zarr
Rank 4: [1.] [datetime.datetime(2013, 3, 31, 6, 0)] [datetime.timedelta(days=1)] /p/project1/hclimrep/vozar2/PACE-Toolkit/pace/outputs/corrdiff.zarr
Rank 4: [2.] [datetime.datetime(2013, 3, 31, 12, 0)] [datetime.timedelta(days=1)] /p/project1/hclimrep/vozar2/PACE-Toolkit/pace/outputs/corrdiff.zarr
Rank 4: [3.] [datetime.datetime(2013, 3, 31, 18, 0)] [datetime.timedelta(days=1)] /p/project1/hclimrep/vozar2/PACE-Toolkit/pace/outputs/corrdiff.zarr
Rank 4: [4.] [datetime.datetime(2013, 4, 1, 0, 0)] [datetime.timedelta(days=1)] /p/project1/hclimrep/vozar2/PACE-Toolkit/pace/outputs/corrdiff.zarr
Rank 4: [5.] [datetime.datetime(2013, 4, 1, 6, 0)] [datetime.timedelta(days=1)] /p/project1/hclimrep/vozar2/PACE-Toolkit/pace/outputs/corrdiff.zarr
Rank 4: [6.] [datetime.datetime(2013, 4, 1, 12, 0)] [datetime.timedelta(days=1)] /p/project1/hclimrep/vozar2/PACE-Toolkit/pace/outputs/corrdiff.zarr
Rank 4: [7.] [datetime.datetime(2013, 4, 1, 18, 0)] [datetime.timedelta(days=1)] /p/project1/hclimrep/vozar2/PACE-Toolkit/pace/outputs/corrdiff.zarr
Rank 4 processed 8 samples.
Rank 4 waiting at barrier.
Rank 4 passed barrier.
Rank 4 waiting at barrier.

--- All ranks finished writing. Now performing final check. ---
Elapsed time: 3.77 s
Rank 6: [0.] [datetime.datetime(2013, 3, 31, 18, 0)] [datetime.timedelta(seconds=21600)] /p/project1/hclimrep/vozar2/PACE-Toolkit/pace/outputs/corrdiff.zarr
Rank 6: [1.] [datetime.datetime(2013, 4, 1, 0, 0)] [datetime.timedelta(seconds=21600)] /p/project1/hclimrep/vozar2/PACE-Toolkit/pace/outputs/corrdiff.zarr
Rank 6: [2.] [datetime.datetime(2013, 4, 1, 6, 0)] [datetime.timedelta(seconds=21600)] /p/project1/hclimrep/vozar2/PACE-Toolkit/pace/outputs/corrdiff.zarr
Rank 6: [3.] [datetime.datetime(2013, 4, 1, 12, 0)] [datetime.timedelta(seconds=21600)] /p/project1/hclimrep/vozar2/PACE-Toolkit/pace/outputs/corrdiff.zarr
Rank 6: [4.] [datetime.datetime(2013, 4, 1, 18, 0)] [datetime.timedelta(seconds=21600)] /p/project1/hclimrep/vozar2/PACE-Toolkit/pace/outputs/corrdiff.zarr
Rank 6: [5.] [datetime.datetime(2013, 4, 2, 0, 0)] [datetime.timedelta(seconds=21600)] /p/project1/hclimrep/vozar2/PACE-Toolkit/pace/outputs/corrdiff.zarr
Rank 6: [6.] [datetime.datetime(2013, 4, 2, 6, 0)] [datetime.timedelta(seconds=21600)] /p/project1/hclimrep/vozar2/PACE-Toolkit/pace/outputs/corrdiff.zarr
Rank 6: [7.] [datetime.datetime(2013, 4, 2, 12, 0)] [datetime.timedelta(seconds=21600)] /p/project1/hclimrep/vozar2/PACE-Toolkit/pace/outputs/corrdiff.zarr
Rank 6 processed 8 samples.
Rank 6 waiting at barrier.
Rank 6 passed barrier.
Rank 6 waiting at barrier.

--- All ranks finished writing. Now performing final check. ---
Elapsed time: 3.77 s
Rank 2: [0.] [datetime.datetime(2013, 3, 31, 12, 0)] [datetime.timedelta(seconds=43200)] /p/project1/hclimrep/vozar2/PACE-Toolkit/pace/outputs/corrdiff.zarr
Rank 2: [1.] [datetime.datetime(2013, 3, 31, 18, 0)] [datetime.timedelta(seconds=43200)] /p/project1/hclimrep/vozar2/PACE-Toolkit/pace/outputs/corrdiff.zarr
Rank 2: [2.] [datetime.datetime(2013, 4, 1, 0, 0)] [datetime.timedelta(seconds=43200)] /p/project1/hclimrep/vozar2/PACE-Toolkit/pace/outputs/corrdiff.zarr
Rank 2: [3.] [datetime.datetime(2013, 4, 1, 6, 0)] [datetime.timedelta(seconds=43200)] /p/project1/hclimrep/vozar2/PACE-Toolkit/pace/outputs/corrdiff.zarr
Rank 2: [4.] [datetime.datetime(2013, 4, 1, 12, 0)] [datetime.timedelta(seconds=43200)] /p/project1/hclimrep/vozar2/PACE-Toolkit/pace/outputs/corrdiff.zarr
Rank 2: [5.] [datetime.datetime(2013, 4, 1, 18, 0)] [datetime.timedelta(seconds=43200)] /p/project1/hclimrep/vozar2/PACE-Toolkit/pace/outputs/corrdiff.zarr
Rank 2: [6.] [datetime.datetime(2013, 4, 2, 0, 0)] [datetime.timedelta(seconds=43200)] /p/project1/hclimrep/vozar2/PACE-Toolkit/pace/outputs/corrdiff.zarr
Rank 2: [7.] [datetime.datetime(2013, 4, 2, 6, 0)] [datetime.timedelta(seconds=43200)] /p/project1/hclimrep/vozar2/PACE-Toolkit/pace/outputs/corrdiff.zarr
Rank 2 processed 8 samples.
Rank 2 waiting at barrier.
Rank 2 passed barrier.
Rank 2 waiting at barrier.

--- All ranks finished writing. Now performing final check. ---
Elapsed time: 3.62 s
Rank 3: [0.] [datetime.datetime(2013, 4, 2, 12, 0)] [datetime.timedelta(seconds=43200)] /p/project1/hclimrep/vozar2/PACE-Toolkit/pace/outputs/corrdiff.zarr
Rank 3: [1.] [datetime.datetime(2013, 4, 2, 18, 0)] [datetime.timedelta(seconds=43200)] /p/project1/hclimrep/vozar2/PACE-Toolkit/pace/outputs/corrdiff.zarr
Rank 3: [2.] [datetime.datetime(2013, 4, 3, 0, 0)] [datetime.timedelta(seconds=43200)] /p/project1/hclimrep/vozar2/PACE-Toolkit/pace/outputs/corrdiff.zarr
Rank 3: [3.] [datetime.datetime(2013, 4, 3, 6, 0)] [datetime.timedelta(seconds=43200)] /p/project1/hclimrep/vozar2/PACE-Toolkit/pace/outputs/corrdiff.zarr
Rank 3: [4.] [datetime.datetime(2013, 4, 3, 12, 0)] [datetime.timedelta(seconds=43200)] /p/project1/hclimrep/vozar2/PACE-Toolkit/pace/outputs/corrdiff.zarr
Rank 3: [5.] [datetime.datetime(2013, 4, 3, 18, 0)] [datetime.timedelta(seconds=43200)] /p/project1/hclimrep/vozar2/PACE-Toolkit/pace/outputs/corrdiff.zarr
Rank 3: [6.] [datetime.datetime(2013, 4, 4, 0, 0)] [datetime.timedelta(seconds=43200)] /p/project1/hclimrep/vozar2/PACE-Toolkit/pace/outputs/corrdiff.zarr
Rank 3: [7.] [datetime.datetime(2013, 4, 4, 6, 0)] [datetime.timedelta(seconds=43200)] /p/project1/hclimrep/vozar2/PACE-Toolkit/pace/outputs/corrdiff.zarr
Rank 3 processed 8 samples.
Rank 3 waiting at barrier.
Rank 3 passed barrier.
Rank 3 waiting at barrier.

--- All ranks finished writing. Now performing final check. ---
Elapsed time: 3.62 s
Rank 7: [0.] [datetime.datetime(2013, 4, 2, 18, 0)] [datetime.timedelta(seconds=21600)] /p/project1/hclimrep/vozar2/PACE-Toolkit/pace/outputs/corrdiff.zarr
Rank 7: [1.] [datetime.datetime(2013, 4, 3, 0, 0)] [datetime.timedelta(seconds=21600)] /p/project1/hclimrep/vozar2/PACE-Toolkit/pace/outputs/corrdiff.zarr
Rank 7: [2.] [datetime.datetime(2013, 4, 3, 6, 0)] [datetime.timedelta(seconds=21600)] /p/project1/hclimrep/vozar2/PACE-Toolkit/pace/outputs/corrdiff.zarr
Rank 7: [3.] [datetime.datetime(2013, 4, 3, 12, 0)] [datetime.timedelta(seconds=21600)] /p/project1/hclimrep/vozar2/PACE-Toolkit/pace/outputs/corrdiff.zarr
Rank 7: [4.] [datetime.datetime(2013, 4, 3, 18, 0)] [datetime.timedelta(seconds=21600)] /p/project1/hclimrep/vozar2/PACE-Toolkit/pace/outputs/corrdiff.zarr
Rank 7: [5.] [datetime.datetime(2013, 4, 4, 0, 0)] [datetime.timedelta(seconds=21600)] /p/project1/hclimrep/vozar2/PACE-Toolkit/pace/outputs/corrdiff.zarr
Rank 1: [0.] [datetime.datetime(2013, 4, 2, 6, 0)] [datetime.timedelta(seconds=64800)] /p/project1/hclimrep/vozar2/PACE-Toolkit/pace/outputs/corrdiff.zarr
Rank 1: [1.] [datetime.datetime(2013, 4, 2, 12, 0)] [datetime.timedelta(seconds=64800)] /p/project1/hclimrep/vozar2/PACE-Toolkit/pace/outputs/corrdiff.zarr
Rank 1: [2.] [datetime.datetime(2013, 4, 2, 18, 0)] [datetime.timedelta(seconds=64800)] /p/project1/hclimrep/vozar2/PACE-Toolkit/pace/outputs/corrdiff.zarr
Rank 1: [3.] [datetime.datetime(2013, 4, 3, 0, 0)] [datetime.timedelta(seconds=64800)] /p/project1/hclimrep/vozar2/PACE-Toolkit/pace/outputs/corrdiff.zarr
Rank 1: [4.] [datetime.datetime(2013, 4, 3, 6, 0)] [datetime.timedelta(seconds=64800)] /p/project1/hclimrep/vozar2/PACE-Toolkit/pace/outputs/corrdiff.zarr
Rank 1: [5.] [datetime.datetime(2013, 4, 3, 12, 0)] [datetime.timedelta(seconds=64800)] /p/project1/hclimrep/vozar2/PACE-Toolkit/pace/outputs/corrdiff.zarr
Rank 1: [6.] [datetime.datetime(2013, 4, 3, 18, 0)] [datetime.timedelta(seconds=64800)] /p/project1/hclimrep/vozar2/PACE-Toolkit/pace/outputs/corrdiff.zarr
Rank 1: [7.] [datetime.datetime(2013, 4, 4, 0, 0)] [datetime.timedelta(seconds=64800)] /p/project1/hclimrep/vozar2/PACE-Toolkit/pace/outputs/corrdiff.zarr
Rank 1 processed 8 samples.
Rank 1 waiting at barrier.
Rank 1 passed barrier.
Rank 1 waiting at barrier.

--- All ranks finished writing. Now performing final check. ---
Elapsed time: 3.62 s
Rank 5: [0.] [datetime.datetime(2013, 4, 2, 0, 0)] [datetime.timedelta(days=1)] /p/project1/hclimrep/vozar2/PACE-Toolkit/pace/outputs/corrdiff.zarr
Rank 5: [1.] [datetime.datetime(2013, 4, 2, 6, 0)] [datetime.timedelta(days=1)] /p/project1/hclimrep/vozar2/PACE-Toolkit/pace/outputs/corrdiff.zarr
Rank 5: [2.] [datetime.datetime(2013, 4, 2, 12, 0)] [datetime.timedelta(days=1)] /p/project1/hclimrep/vozar2/PACE-Toolkit/pace/outputs/corrdiff.zarr
Rank 5: [3.] [datetime.datetime(2013, 4, 2, 18, 0)] [datetime.timedelta(days=1)] /p/project1/hclimrep/vozar2/PACE-Toolkit/pace/outputs/corrdiff.zarr
Rank 5: [4.] [datetime.datetime(2013, 4, 3, 0, 0)] [datetime.timedelta(days=1)] /p/project1/hclimrep/vozar2/PACE-Toolkit/pace/outputs/corrdiff.zarr
Rank 5: [5.] [datetime.datetime(2013, 4, 3, 6, 0)] [datetime.timedelta(days=1)] /p/project1/hclimrep/vozar2/PACE-Toolkit/pace/outputs/corrdiff.zarr
Rank 5: [6.] [datetime.datetime(2013, 4, 3, 12, 0)] [datetime.timedelta(days=1)] /p/project1/hclimrep/vozar2/PACE-Toolkit/pace/outputs/corrdiff.zarr
Rank 7: [6.] [datetime.datetime(2013, 4, 4, 6, 0)] [datetime.timedelta(seconds=21600)] /p/project1/hclimrep/vozar2/PACE-Toolkit/pace/outputs/corrdiff.zarr
Rank 7: [7.] [datetime.datetime(2013, 4, 4, 12, 0)] [datetime.timedelta(seconds=21600)] /p/project1/hclimrep/vozar2/PACE-Toolkit/pace/outputs/corrdiff.zarr
Rank 7 processed 8 samples.
Rank 7 waiting at barrier.
Rank 7 passed barrier.
Rank 7 waiting at barrier.

--- All ranks finished writing. Now performing final check. ---
Elapsed time: 3.77 s
Rank 5: [7.] [datetime.datetime(2013, 4, 3, 18, 0)] [datetime.timedelta(days=1)] /p/project1/hclimrep/vozar2/PACE-Toolkit/pace/outputs/corrdiff.zarr
Rank 5 processed 8 samples.
Rank 5 waiting at barrier.
Rank 5 passed barrier.
Rank 5 waiting at barrier.

--- All ranks finished writing. Now performing final check. ---
Elapsed time: 3.77 s
Rank 0: [0.] [datetime.datetime(2013, 3, 31, 6, 0)] [datetime.timedelta(seconds=64800)] /p/project1/hclimrep/vozar2/PACE-Toolkit/pace/outputs/corrdiff.zarr
Rank 0: [1.] [datetime.datetime(2013, 3, 31, 12, 0)] [datetime.timedelta(seconds=64800)] /p/project1/hclimrep/vozar2/PACE-Toolkit/pace/outputs/corrdiff.zarr
Rank 0: [2.] [datetime.datetime(2013, 3, 31, 18, 0)] [datetime.timedelta(seconds=64800)] /p/project1/hclimrep/vozar2/PACE-Toolkit/pace/outputs/corrdiff.zarr
Rank 0: [3.] [datetime.datetime(2013, 4, 1, 0, 0)] [datetime.timedelta(seconds=64800)] /p/project1/hclimrep/vozar2/PACE-Toolkit/pace/outputs/corrdiff.zarr
Rank 0: [4.] [datetime.datetime(2013, 4, 1, 6, 0)] [datetime.timedelta(seconds=64800)] /p/project1/hclimrep/vozar2/PACE-Toolkit/pace/outputs/corrdiff.zarr
Rank 0: [5.] [datetime.datetime(2013, 4, 1, 12, 0)] [datetime.timedelta(seconds=64800)] /p/project1/hclimrep/vozar2/PACE-Toolkit/pace/outputs/corrdiff.zarr
Rank 0: [6.] [datetime.datetime(2013, 4, 1, 18, 0)] [datetime.timedelta(seconds=64800)] /p/project1/hclimrep/vozar2/PACE-Toolkit/pace/outputs/corrdiff.zarr
Rank 0: [7.] [datetime.datetime(2013, 4, 2, 0, 0)] [datetime.timedelta(seconds=64800)] /p/project1/hclimrep/vozar2/PACE-Toolkit/pace/outputs/corrdiff.zarr
Rank 0 processed 8 samples.
Rank 0 waiting at barrier.
Rank 0 passed barrier.
Passed barrier after corrdiff.
Rank 0 waiting at barrier.
Passed barrier after None.

--- All ranks finished writing. Now performing final check. ---

<zarr.core.Array '/idx' (30,) float32 read-only>
[0. 0. 1. 2. 3. 4. 5. 6. 7. 0. 0. 0. 0. 1. 0. 0. 1. 7. 6. 2. 7. 3. 4. 4.
 5. 5. 6. 6. 7. 7.]
/
 ├── base_time (64,) datetime64[ns]
 ├── idx (30,) float32
 ├── lat (40,) float32
 ├── lead_time (64,) timedelta64[h]
 └── lon (155,) float32
Starting robust harmonization based on 'base_time'...
Harmonization complete.

<xarray.Dataset>
Dimensions:    (idx: 64, lat: 40, lon: 155)
Coordinates:
  * idx        (idx) datetime64[ns] 2013-04-02T06:00:00 ... 2013-04-02T06:00:00
  * lat        (lat) float32 49.01 49.04 49.06 49.09 ... 49.91 49.94 49.96 49.99
  * lon        (lon) float32 1.138 1.163 1.188 1.212 ... 4.912 4.938 4.963 4.988
Data variables:
    lead_time  (idx) timedelta64[ns] 0 days 18:00:00 ... 0 days 12:00:00
None
Elapsed time: 3.66 s
