DEBUG: rank=3, world_size=8, comm_size=8, comm_rank=3
54
DEBUG: rank=0, world_size=8, comm_size=8, comm_rank=0
Preparing files for corrdiff...
5824 files parsed from directory: /p/scratch/hclimrep/pavel1/CorrDiff/CorrDiff_Output_Code4Earth/
Done. Found 54 usable files (2013-01-01 00:00:00 -- 2013-01-04 23:59:00).

Index map:  54
Static fields setup... Done
Checking required field for metrics...
correlation             is missing field/s for computation.
correlation_map         is missing field/s for computation.
case_studies            is complete.

Selected 54 samples for corrdiff.
---------------------------------------------

54
Rank 0: Initializing Zarr archive and index at /p/project1/hclimrep/vozar2/PACE-Toolkit/pace/outputs/corrdiff.zarr
All 8 ranks have opened the synchronized Zarr archive.
0: Zarr store initialized for xarray at: /p/project1/hclimrep/vozar2/PACE-Toolkit/pace/outputs/corrdiff.zarr
DEBUG: rank=7, world_size=8, comm_size=8, comm_rank=7
54
DEBUG: rank=1, world_size=8, comm_size=8, comm_rank=1
54
DEBUG: rank=2, world_size=8, comm_size=8, comm_rank=2
54
DEBUG: rank=4, world_size=8, comm_size=8, comm_rank=4
54
DEBUG: rank=5, world_size=8, comm_size=8, comm_rank=5
54
DEBUG: rank=6, world_size=8, comm_size=8, comm_rank=6
54
Rank 3: Saved idx 3.0 for 2013-01-01 18:00:00 to /p/project1/hclimrep/vozar2/PACE-Toolkit/pace/outputs/corrdiff.zarr
Rank 3: Saved idx 11.0 for 2013-01-03 18:00:00 to /p/project1/hclimrep/vozar2/PACE-Toolkit/pace/outputs/corrdiff.zarr
Rank 3: Saved idx 19.0 for 2013-01-02 12:00:00 to /p/project1/hclimrep/vozar2/PACE-Toolkit/pace/outputs/corrdiff.zarr
Rank 3: Saved idx 27.0 for 2013-01-01 00:00:00 to /p/project1/hclimrep/vozar2/PACE-Toolkit/pace/outputs/corrdiff.zarr
Rank 3: Saved idx 35.0 for 2013-01-03 00:00:00 to /p/project1/hclimrep/vozar2/PACE-Toolkit/pace/outputs/corrdiff.zarr
Rank 3: Saved idx 43.0 for 2013-01-02 00:00:00 to /p/project1/hclimrep/vozar2/PACE-Toolkit/pace/outputs/corrdiff.zarr
Rank 3: Saved idx 51.0 for 2013-01-04 00:00:00 to /p/project1/hclimrep/vozar2/PACE-Toolkit/pace/outputs/corrdiff.zarr
Rank 3 processed 7 samples.
Rank 3 waiting at barrier.
Rank 3 passed barrier.
Rank 3 waiting at barrier.

--- All ranks finished writing. Now performing final check. ---
Elapsed time: 3.62 s
Rank 1: Saved idx 1.0 for 2013-01-01 06:00:00 to /p/project1/hclimrep/vozar2/PACE-Toolkit/pace/outputs/corrdiff.zarr
Rank 1: Saved idx 9.0 for 2013-01-03 06:00:00 to /p/project1/hclimrep/vozar2/PACE-Toolkit/pace/outputs/corrdiff.zarr
Rank 1: Saved idx 17.0 for 2013-01-02 00:00:00 to /p/project1/hclimrep/vozar2/PACE-Toolkit/pace/outputs/corrdiff.zarr
Rank 1: Saved idx 25.0 for 2013-01-04 00:00:00 to /p/project1/hclimrep/vozar2/PACE-Toolkit/pace/outputs/corrdiff.zarr
Rank 1: Saved idx 33.0 for 2013-01-02 12:00:00 to /p/project1/hclimrep/vozar2/PACE-Toolkit/pace/outputs/corrdiff.zarr
Rank 1: Saved idx 41.0 for 2013-01-01 12:00:00 to /p/project1/hclimrep/vozar2/PACE-Toolkit/pace/outputs/corrdiff.zarr
Rank 1: Saved idx 49.0 for 2013-01-03 12:00:00 to /p/project1/hclimrep/vozar2/PACE-Toolkit/pace/outputs/corrdiff.zarr
Rank 1 processed 7 samples.
Rank 1 waiting at barrier.
Rank 1 passed barrier.
Rank 1 waiting at barrier.

--- All ranks finished writing. Now performing final check. ---
Elapsed time: 3.60 s
Rank 2: Saved idx 2.0 for 2013-01-01 12:00:00 to /p/project1/hclimrep/vozar2/PACE-Toolkit/pace/outputs/corrdiff.zarr
Rank 2: Saved idx 10.0 for 2013-01-03 12:00:00 to /p/project1/hclimrep/vozar2/PACE-Toolkit/pace/outputs/corrdiff.zarr
Rank 2: Saved idx 18.0 for 2013-01-02 06:00:00 to /p/project1/hclimrep/vozar2/PACE-Toolkit/pace/outputs/corrdiff.zarr
Rank 2: Saved idx 26.0 for 2013-01-04 06:00:00 to /p/project1/hclimrep/vozar2/PACE-Toolkit/pace/outputs/corrdiff.zarr
Rank 2: Saved idx 34.0 for 2013-01-02 18:00:00 to /p/project1/hclimrep/vozar2/PACE-Toolkit/pace/outputs/corrdiff.zarr
Rank 2: Saved idx 42.0 for 2013-01-01 18:00:00 to /p/project1/hclimrep/vozar2/PACE-Toolkit/pace/outputs/corrdiff.zarr
Rank 2: Saved idx 50.0 for 2013-01-03 18:00:00 to /p/project1/hclimrep/vozar2/PACE-Toolkit/pace/outputs/corrdiff.zarr
Rank 2 processed 7 samples.
Rank 2 waiting at barrier.
Rank 2 passed barrier.
Rank 2 waiting at barrier.

--- All ranks finished writing. Now performing final check. ---
Elapsed time: 3.58 s
Rank 7: Saved idx 7.0 for 2013-01-02 18:00:00 to /p/project1/hclimrep/vozar2/PACE-Toolkit/pace/outputs/corrdiff.zarr
Rank 7: Saved idx 15.0 for 2013-01-01 12:00:00 to /p/project1/hclimrep/vozar2/PACE-Toolkit/pace/outputs/corrdiff.zarr
Rank 7: Saved idx 23.0 for 2013-01-03 12:00:00 to /p/project1/hclimrep/vozar2/PACE-Toolkit/pace/outputs/corrdiff.zarr
Rank 7: Saved idx 31.0 for 2013-01-02 00:00:00 to /p/project1/hclimrep/vozar2/PACE-Toolkit/pace/outputs/corrdiff.zarr
Rank 7: Saved idx 39.0 for 2013-01-01 00:00:00 to /p/project1/hclimrep/vozar2/PACE-Toolkit/pace/outputs/corrdiff.zarr
Rank 7: Saved idx 47.0 for 2013-01-03 00:00:00 to /p/project1/hclimrep/vozar2/PACE-Toolkit/pace/outputs/corrdiff.zarr
Rank 7 processed 6 samples.
Rank 7 waiting at barrier.
Rank 7 passed barrier.
Rank 7 waiting at barrier.

--- All ranks finished writing. Now performing final check. ---
Elapsed time: 3.64 s
Rank 5: Saved idx 5.0 for 2013-01-02 06:00:00 to /p/project1/hclimrep/vozar2/PACE-Toolkit/pace/outputs/corrdiff.zarr
Rank 5: Saved idx 13.0 for 2013-01-01 00:00:00 to /p/project1/hclimrep/vozar2/PACE-Toolkit/pace/outputs/corrdiff.zarr
Rank 5: Saved idx 21.0 for 2013-01-03 00:00:00 to /p/project1/hclimrep/vozar2/PACE-Toolkit/pace/outputs/corrdiff.zarr
Rank 5: Saved idx 29.0 for 2013-01-01 12:00:00 to /p/project1/hclimrep/vozar2/PACE-Toolkit/pace/outputs/corrdiff.zarr
Rank 5: Saved idx 37.0 for 2013-01-03 12:00:00 to /p/project1/hclimrep/vozar2/PACE-Toolkit/pace/outputs/corrdiff.zarr
Rank 5: Saved idx 45.0 for 2013-01-02 12:00:00 to /p/project1/hclimrep/vozar2/PACE-Toolkit/pace/outputs/corrdiff.zarr
Rank 5: Saved idx 53.0 for 2013-01-04 12:00:00 to /p/project1/hclimrep/vozar2/PACE-Toolkit/pace/outputs/corrdiff.zarr
Rank 5 processed 7 samples.
Rank 5 waiting at barrier.
Rank 5 passed barrier.
Rank 5 waiting at barrier.

--- All ranks finished writing. Now performing final check. ---
Elapsed time: 3.63 s
Rank 4: Saved idx 4.0 for 2013-01-02 00:00:00 to /p/project1/hclimrep/vozar2/PACE-Toolkit/pace/outputs/corrdiff.zarr
Rank 4: Saved idx 12.0 for 2013-01-04 00:00:00 to /p/project1/hclimrep/vozar2/PACE-Toolkit/pace/outputs/corrdiff.zarr
Rank 4: Saved idx 20.0 for 2013-01-02 18:00:00 to /p/project1/hclimrep/vozar2/PACE-Toolkit/pace/outputs/corrdiff.zarr
Rank 4: Saved idx 28.0 for 2013-01-01 06:00:00 to /p/project1/hclimrep/vozar2/PACE-Toolkit/pace/outputs/corrdiff.zarr
Rank 4: Saved idx 36.0 for 2013-01-03 06:00:00 to /p/project1/hclimrep/vozar2/PACE-Toolkit/pace/outputs/corrdiff.zarr
Rank 4: Saved idx 44.0 for 2013-01-02 06:00:00 to /p/project1/hclimrep/vozar2/PACE-Toolkit/pace/outputs/corrdiff.zarr
Rank 4: Saved idx 52.0 for 2013-01-04 06:00:00 to /p/project1/hclimrep/vozar2/PACE-Toolkit/pace/outputs/corrdiff.zarr
Rank 4 processed 7 samples.
Rank 4 waiting at barrier.
Rank 4 passed barrier.
Rank 4 waiting at barrier.

--- All ranks finished writing. Now performing final check. ---
Elapsed time: 3.62 s
Rank 6: Saved idx 6.0 for 2013-01-02 12:00:00 to /p/project1/hclimrep/vozar2/PACE-Toolkit/pace/outputs/corrdiff.zarr
Rank 6: Saved idx 14.0 for 2013-01-01 06:00:00 to /p/project1/hclimrep/vozar2/PACE-Toolkit/pace/outputs/corrdiff.zarr
Rank 6: Saved idx 22.0 for 2013-01-03 06:00:00 to /p/project1/hclimrep/vozar2/PACE-Toolkit/pace/outputs/corrdiff.zarr
Rank 6: Saved idx 30.0 for 2013-01-01 18:00:00 to /p/project1/hclimrep/vozar2/PACE-Toolkit/pace/outputs/corrdiff.zarr
Rank 6: Saved idx 38.0 for 2013-01-03 18:00:00 to /p/project1/hclimrep/vozar2/PACE-Toolkit/pace/outputs/corrdiff.zarr
Rank 6: Saved idx 46.0 for 2013-01-02 18:00:00 to /p/project1/hclimrep/vozar2/PACE-Toolkit/pace/outputs/corrdiff.zarr
Rank 6 processed 6 samples.
Rank 6 waiting at barrier.
Rank 6 passed barrier.
Rank 6 waiting at barrier.

--- All ranks finished writing. Now performing final check. ---
Elapsed time: 3.62 s
Rank 0: Saved idx 0.0 for 2013-01-01 00:00:00 to /p/project1/hclimrep/vozar2/PACE-Toolkit/pace/outputs/corrdiff.zarr
Rank 0: Saved idx 8.0 for 2013-01-03 00:00:00 to /p/project1/hclimrep/vozar2/PACE-Toolkit/pace/outputs/corrdiff.zarr
Rank 0: Saved idx 16.0 for 2013-01-01 18:00:00 to /p/project1/hclimrep/vozar2/PACE-Toolkit/pace/outputs/corrdiff.zarr
Rank 0: Saved idx 24.0 for 2013-01-03 18:00:00 to /p/project1/hclimrep/vozar2/PACE-Toolkit/pace/outputs/corrdiff.zarr
Rank 0: Saved idx 32.0 for 2013-01-02 06:00:00 to /p/project1/hclimrep/vozar2/PACE-Toolkit/pace/outputs/corrdiff.zarr
Rank 0: Saved idx 40.0 for 2013-01-01 06:00:00 to /p/project1/hclimrep/vozar2/PACE-Toolkit/pace/outputs/corrdiff.zarr
Rank 0: Saved idx 48.0 for 2013-01-03 06:00:00 to /p/project1/hclimrep/vozar2/PACE-Toolkit/pace/outputs/corrdiff.zarr
Rank 0 processed 7 samples.
Rank 0 waiting at barrier.
Rank 0 passed barrier.
Passed barrier after corrdiff.
Rank 0 waiting at barrier.
Passed barrier after None.

--- All ranks finished writing. Now performing final check. ---

<zarr.core.Array '/idx' (55,) float32 read-only>
[ 0.  0.  5.  8.  7.  6.  3. 13.  4. 16. 11.  2. 14. 21. 24. 12.  1. 22.
 32. 29. 30. 19. 40.  9. 20. 38. 37. 15. 10. 28. 18. 36. 45. 26. 27. 44.
 53. 17. 34. 52. 42. 35. 25. 43. 33. 48. 50. 41. 46. 51. 23. 49. 31. 39.
 47.]
/
 ├── base_time (45,) datetime64[ns]
 ├── idx (55,) float32
 ├── lat (448,) float32
 ├── lead_time (49,) timedelta64[h]
 └── lon (640,) float32
Starting robust harmonization based on 'idx'...
  -> Padding 'lead_time' on 'idx': 49 -> 55
  -> Padding 'base_time' on 'idx': 45 -> 55
Harmonization complete.

<xarray.Dataset>
Dimensions:    (idx: 55, lat: 448, lon: 640)
Coordinates:
  * idx        (idx) float32 0.0 0.0 5.0 8.0 7.0 ... 23.0 49.0 31.0 39.0 47.0
  * lat        (lat) float32 45.39 45.41 45.44 45.46 ... 56.49 56.51 56.54 56.56
  * lon        (lon) float32 1.138 1.163 1.188 1.212 ... 17.04 17.06 17.09 17.11
Data variables:
    lead_time  (idx) timedelta64[ns] 18:00:00 18:00:00 18:00:00 ... NaT NaT NaT
    base_time  (idx) datetime64[ns] 2013-01-01 2013-01-03 ... NaT NaT
None
Elapsed time: 3.74 s
