output dir: /p/scratch/hclimrep/vozar2/outputs_cluster
DEBUG: rank=0, world_size=8, comm_size=8, comm_rank=0
Preparing files for graphcast...
Done. Found 8 usable files (2021-04-01 00:00:00 -- 2021-04-04 23:59:00).

Static fields setup... Done
Checking required field for metrics...
geostrophic_balance     is complete.
hydrostatic_balance     is complete.
correlation             is complete.
correlation_map         is complete.
potential_vorticity     is complete.
humidity_temperature    is complete.

Selected 34 samples for graphcast.
---------------------------------------------

Index map:  34
34
Preparing files for era5...
Done. Found 4 usable files (2021-04-01 00:00:00 -- 2021-04-04 23:59:00).

Static fields setup... Done
Checking required field for metrics...
geostrophic_balance     is complete.
hydrostatic_balance     is complete.
correlation             is complete.
correlation_map         is complete.
potential_vorticity     is complete.
humidity_temperature    is complete.

Selected 15 samples for era5.
---------------------------------------------

Index map:  15
Rank 0: Initializing Zarr archive and index at /p/scratch/hclimrep/vozar2/outputs_cluster/graphcast.zarr
All 8 ranks have opened the synchronized Zarr archive.
Rank 0: Initializing Zarr archive and index at /p/scratch/hclimrep/vozar2/outputs_cluster/era5.zarr
All 8 ranks have opened the synchronized Zarr archive.
0: Zarr store initialized for xarray at: /p/scratch/hclimrep/vozar2/outputs_cluster/graphcast.zarr
output dir: /p/scratch/hclimrep/vozar2/outputs_cluster
DEBUG: rank=1, world_size=8, comm_size=8, comm_rank=1
34
output dir: /p/scratch/hclimrep/vozar2/outputs_cluster
DEBUG: rank=3, world_size=8, comm_size=8, comm_rank=3
34
output dir: /p/scratch/hclimrep/vozar2/outputs_cluster
DEBUG: rank=2, world_size=8, comm_size=8, comm_rank=2
34
output dir: /p/scratch/hclimrep/vozar2/outputs_cluster
DEBUG: rank=5, world_size=8, comm_size=8, comm_rank=5
34
output dir: /p/scratch/hclimrep/vozar2/outputs_cluster
DEBUG: rank=6, world_size=8, comm_size=8, comm_rank=6
34
output dir: /p/scratch/hclimrep/vozar2/outputs_cluster
DEBUG: rank=7, world_size=8, comm_size=8, comm_rank=7
34
output dir: /p/scratch/hclimrep/vozar2/outputs_cluster
DEBUG: rank=4, world_size=8, comm_size=8, comm_rank=4
34
Rank 0 processed 5 samples.
Rank 0 waiting at barrier.
Rank 0 passed barrier.
Passed barrier after graphcast.
0: Zarr store initialized for xarray at: /p/scratch/hclimrep/vozar2/outputs_cluster/era5.zarr
Rank 3 processed 4 samples.
Rank 3 waiting at barrier.
Rank 3 passed barrier.
Rank 7 processed 4 samples.
Rank 7 waiting at barrier.
Rank 7 passed barrier.
Rank 1 processed 5 samples.
Rank 1 waiting at barrier.
Rank 1 passed barrier.
Rank 2 processed 4 samples.
Rank 2 waiting at barrier.
Rank 2 passed barrier.
Rank 5 processed 4 samples.
Rank 5 waiting at barrier.
Rank 5 passed barrier.
Rank 6 processed 4 samples.
Rank 6 waiting at barrier.
Rank 6 passed barrier.
Rank 4 processed 4 samples.
Rank 4 waiting at barrier.
Rank 4 passed barrier.
Rank 1 processed 2 samples.
Rank 1 waiting at barrier.
Elapsed time: 8.87 s
Rank 3 processed 2 samples.
Rank 3 waiting at barrier.
Elapsed time: 8.87 s
Rank 2 processed 2 samples.
Rank 2 waiting at barrier.
Elapsed time: 8.87 s
Rank 6 processed 2 samples.
Rank 6 waiting at barrier.
Elapsed time: 9.26 s
Rank 7 processed 1 samples.
Rank 7 waiting at barrier.
Elapsed time: 9.26 s
Rank 4 processed 2 samples.
Rank 4 waiting at barrier.
Elapsed time: 9.26 s
Rank 5 processed 2 samples.
Rank 5 waiting at barrier.
Elapsed time: 9.26 s
Rank 0 processed 2 samples.
Rank 0 waiting at barrier.
Passed barrier after <utils.dataset.UnifiedDataset object at 0x1511c34ce3d0>.

--- All ranks finished writing. Now performing final check. ---
<zarr.core.Array '/idx' (34,) int64 read-only>
[ 0  1  2  3  4  5  6  7  8  9 10 11 12 13 14 15 16 17 18 19 20 21 22 23
 24 25 26 27 28 29 30 31 32 33]
/
 ├── base_time (32,) datetime64[ns]
 ├── correlation (34, 4, 4) float32
 ├── geostrophic_wind_ratio (34, 3, 21, 21) float64
 ├── hydrostatic_abs_error (34, 3, 21, 21) float32
 ├── hydrostatic_rel_error (34, 3, 21, 21) float32
 ├── hydrostatic_rmse (34, 3, 21, 21) float32
 ├── idx (34,) int64
 ├── lat (21,) float32
 ├── lead_time (34,) timedelta64[h]
 ├── level (3,) int32
 ├── lon (21,) float32
 ├── potential_vorticity (34, 3, 21, 21) float32
 └── relative_humidity (34, 3, 21, 21) float32
Opened using xarray.
<xarray.Dataset>
Dimensions:                 (idx: 0, var_1: 4, var_2: 4, level: 3, lat: 21,
                             lon: 21)
Coordinates:
    base_time               (idx) datetime64[ns] ...
  * idx                     (idx) float64 
  * lat                     (lat) float32 45.0 45.25 45.5 ... 49.5 49.75 50.0
    lead_time               (idx) timedelta64[h] ...
  * level                   (level) float64 1.0 2.0 3.0
  * lon                     (lon) float32 45.0 45.25 45.5 ... 49.5 49.75 50.0
Dimensions without coordinates: var_1, var_2
Data variables:
    correlation             (idx, var_1, var_2) float32 ...
    geostrophic_wind_ratio  (idx, level, lat, lon) float64 ...
    hydrostatic_abs_error   (idx, level, lat, lon) float32 ...
    hydrostatic_rel_error   (idx, level, lat, lon) float32 ...
    hydrostatic_rmse        (idx, level, lat, lon) float32 ...
    potential_vorticity     (idx, level, lat, lon) float32 ...
    relative_humidity       (idx, level, lat, lon) float32 ...
Elapsed time: 8.90 s
