160
ds_config_path: /p/project1/hclimrep/vozar2/PACE-Toolkit/pace/configs/config_devel_g.json
output dir: /p/scratch/hclimrep/vozar2/outputs_cluster
DEBUG: rank=0, world_size=8, comm_size=8, comm_rank=0
Preparing files for graphcast...
Done. Found 24 usable files (2021-06-01 00:00:00 -- 2021-06-02 23:59:00).

Static fields setup... Done
Checking required field for metrics...
correlation             is complete.
correlation_map         is complete.
DEBUG 160

Selected 160 samples for graphcast.
---------------------------------------------

Index map:  160
160
Preparing files for era5...
Done. Found 2 usable files (2021-06-01 00:00:00 -- 2021-06-02 23:59:00).

Static fields setup... Done
Checking required field for metrics...
correlation             is complete.
correlation_map         is complete.
DEBUG 8

Selected 8 samples for era5.
---------------------------------------------

Index map:  8
Rank 0: Initializing Zarr archive and index at /p/scratch/hclimrep/vozar2/outputs_cluster/graphcast.zarr
160
All 8 ranks have opened the synchronized Zarr archive.
Rank 0: Initializing Zarr archive and index at /p/scratch/hclimrep/vozar2/outputs_cluster/era5.zarr
All 8 ranks have opened the synchronized Zarr archive.
0: Zarr store initialized for xarray at: /p/scratch/hclimrep/vozar2/outputs_cluster/graphcast.zarr
160
160
160
160
160
correlation 'GenericHistogram' object has no attribute 'evaluate'
Rank 0 is aggregating results from all ranks...
Aggregation complete. Total count: 483
torch.Size([3, 3, 721, 1440]) torch.Size([3, 3, 721, 1440])
torch.Size([3, 3, 721, 1440])
correlation_map success
Rank 0 processed 20 samples.
Rank 0 waiting at barrier.
Rank 0 passed barrier.
Passed barrier after graphcast.
0: Zarr store initialized for xarray at: /p/scratch/hclimrep/vozar2/outputs_cluster/era5.zarr
correlation_map success
Rank 7 processed 20 samples.
Rank 7 waiting at barrier.
Rank 7 passed barrier.
correlation_map success
Rank 3 processed 20 samples.
Rank 3 waiting at barrier.
Rank 3 passed barrier.
correlation_map success
Rank 1 processed 20 samples.
Rank 1 waiting at barrier.
Rank 1 passed barrier.
correlation_map success
Rank 2 processed 20 samples.
Rank 2 waiting at barrier.
Rank 2 passed barrier.
correlation_map success
Rank 5 processed 20 samples.
Rank 5 waiting at barrier.
Rank 5 passed barrier.
correlation_map success
Rank 4 processed 20 samples.
Rank 4 waiting at barrier.
Rank 4 passed barrier.
correlation_map success
Rank 6 processed 20 samples.
Rank 6 waiting at barrier.
Rank 6 passed barrier.
correlation_map success
Rank 5 processed 1 samples.
Rank 5 waiting at barrier.
correlation_map success
Rank 7 processed 1 samples.
Rank 7 waiting at barrier.
correlation_map success
Rank 6 processed 1 samples.
Rank 6 waiting at barrier.
correlation_map success
Rank 4 processed 1 samples.
Rank 4 waiting at barrier.
correlation_map success
Rank 2 processed 1 samples.
Rank 2 waiting at barrier.
correlation_map success
Rank 1 processed 1 samples.
Rank 1 waiting at barrier.
correlation_map success
Rank 3 processed 1 samples.
Rank 3 waiting at barrier.
correlation 'GenericHistogram' object has no attribute 'evaluate'
Rank 0 is aggregating results from all ranks...
Aggregation complete. Total count: 930
torch.Size([3, 3, 721, 1440]) torch.Size([3, 3, 721, 1440])
torch.Size([3, 3, 721, 1440])
correlation_map success
Rank 0 processed 1 samples.
Rank 0 waiting at barrier.
Passed barrier after era5.
Reconsolidating metadata...
Done.

--- All ranks finished writing. Now performing final check. ---
<zarr.core.Array '/idx' (160,) int64 read-only>
[  0   1   2   3   4   5   6   7   8   9  10  11  12  13  14  15  16  17
  18  19  20  21  22  23  24  25  26  27  28  29  30  31  32  33  34  35
  36  37  38  39  40  41  42  43  44  45  46  47  48  49  50  51  52  53
  54  55  56  57  58  59  60  61  62  63  64  65  66  67  68  69  70  71
  72  73  74  75  76  77  78  79  80  81  82  83  84  85  86  87  88  89
  90  91  92  93  94  95  96  97  98  99 100 101 102 103 104 105 106 107
 108 109 110 111 112 113 114 115 116 117 118 119 120 121 122 123 124 125
 126 127 128 129 130 131 132 133 134 135 136 137 138 139 140 141 142 143
 144 145 146 147 148 149 150 151 152 153 154 155 156 157 158 159]
/
 ├── base_time (160,) datetime64[ns]
 ├── corr_column (160, 3, 3) float32
 ├── corr_map_rank_0
 │   ├── count () int64
 │   ├── sum_c (1, 3, 721, 1440) float32
 │   ├── sum_c_sq (1, 3, 721, 1440) float32
 │   └── sum_cc (3, 3, 721, 1440) float32
 ├── corr_map_rank_1
 │   ├── count () int64
 │   ├── sum_c (1, 3, 721, 1440) float32
 │   ├── sum_c_sq (1, 3, 721, 1440) float32
 │   └── sum_cc (3, 3, 721, 1440) float32
 ├── corr_map_rank_2
 │   ├── count () int64
 │   ├── sum_c (1, 3, 721, 1440) float32
 │   ├── sum_c_sq (1, 3, 721, 1440) float32
 │   └── sum_cc (3, 3, 721, 1440) float32
 ├── corr_map_rank_3
 │   ├── count () int64
 │   ├── sum_c (1, 3, 721, 1440) float32
 │   ├── sum_c_sq (1, 3, 721, 1440) float32
 │   └── sum_cc (3, 3, 721, 1440) float32
 ├── corr_map_rank_4
 │   ├── count () int64
 │   ├── sum_c (1, 3, 721, 1440) float32
 │   ├── sum_c_sq (1, 3, 721, 1440) float32
 │   └── sum_cc (3, 3, 721, 1440) float32
 ├── corr_map_rank_5
 │   ├── count () int64
 │   ├── sum_c (1, 3, 721, 1440) float32
 │   ├── sum_c_sq (1, 3, 721, 1440) float32
 │   └── sum_cc (3, 3, 721, 1440) float32
 ├── corr_map_rank_6
 │   ├── count () int64
 │   ├── sum_c (1, 3, 721, 1440) float32
 │   ├── sum_c_sq (1, 3, 721, 1440) float32
 │   └── sum_cc (3, 3, 721, 1440) float32
 ├── corr_map_rank_7
 │   ├── count () int64
 │   ├── sum_c (1, 3, 721, 1440) float32
 │   ├── sum_c_sq (1, 3, 721, 1440) float32
 │   └── sum_cc (3, 3, 721, 1440) float32
 ├── correlation_map (3, 3, 721, 1440) float32
 ├── idx (160,) int64
 ├── lat (721,) float32
 ├── lead_time (160,) timedelta64[h]
 ├── level (37,) int32
 ├── lon (1440,) float32
 ├── var_1 (3,) object
 └── var_2 (3,) object
Opened using xarray.
<xarray.Dataset>
Dimensions:          (idx: 160, var_1: 3, var_2: 3, lat: 721, lon: 1440,
                      level: 37)
Coordinates:
    base_time        (idx) datetime64[ns] ...
  * idx              (idx) float64 0.0 1.0 2.0 3.0 ... 156.0 157.0 158.0 159.0
  * lat              (lat) float32 -90.0 -89.75 -89.5 -89.25 ... 89.5 89.75 90.0
    lead_time        (idx) timedelta64[h] ...
  * level            (level) float64 1.0 2.0 3.0 5.0 ... 925.0 950.0 975.0 1e+03
  * lon              (lon) float32 nan 0.25 0.5 0.75 ... 359.0 359.2 359.5 359.8
  * var_1            (var_1) object '2m_temperature' ... '10m_v_component_of_...
  * var_2            (var_2) object '2m_temperature' ... '10m_v_component_of_...
Data variables:
    corr_column      (idx, var_1, var_2) float32 ...
    correlation_map  (var_1, var_2, lat, lon) float32 ...
Elapsed time: 198.52 s
Running histogram visualization...


Running vertical profile visualization...

Running correlation visualization...
DEBUG___________________________________________
valid_time <- base_time + lead_time 2021-06-01T18:00:00.000000000 2021-06-01T12:00:00.000000000 6 hours
valid_time <- base_time + lead_time 2021-06-02T00:00:00.000000000 2021-06-01T12:00:00.000000000 12 hours
valid_time <- base_time + lead_time 2021-06-02T06:00:00.000000000 2021-06-01T12:00:00.000000000 18 hours
valid_time <- base_time + lead_time 2021-06-02T12:00:00.000000000 2021-06-01T12:00:00.000000000 24 hours
valid_time <- base_time + lead_time 2021-06-02T18:00:00.000000000 2021-06-01T12:00:00.000000000 30 hours
valid_time <- base_time + lead_time 2021-05-23T18:00:00.000000000 2021-05-23T12:00:00.000000000 6 hours
valid_time <- base_time + lead_time 2021-05-24T00:00:00.000000000 2021-05-23T12:00:00.000000000 12 hours
valid_time <- base_time + lead_time 2021-05-24T06:00:00.000000000 2021-05-23T12:00:00.000000000 18 hours
valid_time <- base_time + lead_time 2021-05-24T12:00:00.000000000 2021-05-23T12:00:00.000000000 24 hours
valid_time <- base_time + lead_time 2021-05-24T18:00:00.000000000 2021-05-23T12:00:00.000000000 30 hours
valid_time <- base_time + lead_time 2021-05-25T00:00:00.000000000 2021-05-23T12:00:00.000000000 36 hours
valid_time <- base_time + lead_time 2021-05-25T06:00:00.000000000 2021-05-23T12:00:00.000000000 42 hours
valid_time <- base_time + lead_time 2021-05-28T06:00:00.000000000 2021-05-28T00:00:00.000000000 6 hours
valid_time <- base_time + lead_time 2021-05-28T12:00:00.000000000 2021-05-28T00:00:00.000000000 12 hours
valid_time <- base_time + lead_time 2021-05-28T18:00:00.000000000 2021-05-28T00:00:00.000000000 18 hours
valid_time <- base_time + lead_time 2021-05-29T00:00:00.000000000 2021-05-28T00:00:00.000000000 24 hours
valid_time <- base_time + lead_time 2021-05-29T06:00:00.000000000 2021-05-28T00:00:00.000000000 30 hours
valid_time <- base_time + lead_time 2021-05-29T12:00:00.000000000 2021-05-28T00:00:00.000000000 36 hours
valid_time <- base_time + lead_time 2021-05-29T18:00:00.000000000 2021-05-28T00:00:00.000000000 42 hours
valid_time <- base_time + lead_time 2021-05-30T00:00:00.000000000 2021-05-28T00:00:00.000000000 48 hours
valid_time <- base_time + lead_time 2021-05-25T18:00:00.000000000 2021-05-25T12:00:00.000000000 6 hours
valid_time <- base_time + lead_time 2021-05-26T00:00:00.000000000 2021-05-25T12:00:00.000000000 12 hours
valid_time <- base_time + lead_time 2021-05-26T06:00:00.000000000 2021-05-25T12:00:00.000000000 18 hours
valid_time <- base_time + lead_time 2021-05-26T12:00:00.000000000 2021-05-25T12:00:00.000000000 24 hours
valid_time <- base_time + lead_time 2021-05-26T18:00:00.000000000 2021-05-25T12:00:00.000000000 30 hours
valid_time <- base_time + lead_time 2021-05-27T00:00:00.000000000 2021-05-25T12:00:00.000000000 36 hours
valid_time <- base_time + lead_time 2021-05-27T06:00:00.000000000 2021-05-25T12:00:00.000000000 42 hours
valid_time <- base_time + lead_time 2021-05-27T12:00:00.000000000 2021-05-25T12:00:00.000000000 48 hours
valid_time <- base_time + lead_time 2021-05-22T06:00:00.000000000 2021-05-22T00:00:00.000000000 6 hours
valid_time <- base_time + lead_time 2021-05-31T18:00:00.000000000 2021-05-31T12:00:00.000000000 6 hours
valid_time <- base_time + lead_time 2021-06-01T00:00:00.000000000 2021-05-31T12:00:00.000000000 12 hours
valid_time <- base_time + lead_time 2021-06-01T06:00:00.000000000 2021-05-31T12:00:00.000000000 18 hours
valid_time <- base_time + lead_time 2021-06-01T12:00:00.000000000 2021-05-31T12:00:00.000000000 24 hours
valid_time <- base_time + lead_time 2021-06-01T18:00:00.000000000 2021-05-31T12:00:00.000000000 30 hours
valid_time <- base_time + lead_time 2021-06-02T00:00:00.000000000 2021-05-31T12:00:00.000000000 36 hours
valid_time <- base_time + lead_time 2021-06-02T06:00:00.000000000 2021-05-31T12:00:00.000000000 42 hours
valid_time <- base_time + lead_time 2021-06-02T12:00:00.000000000 2021-05-31T12:00:00.000000000 48 hours
valid_time <- base_time + lead_time 2021-05-23T06:00:00.000000000 2021-05-23T00:00:00.000000000 6 hours
valid_time <- base_time + lead_time 2021-05-23T12:00:00.000000000 2021-05-23T00:00:00.000000000 12 hours
valid_time <- base_time + lead_time 2021-05-23T18:00:00.000000000 2021-05-23T00:00:00.000000000 18 hours
valid_time <- base_time + lead_time 2021-05-24T00:00:00.000000000 2021-05-23T00:00:00.000000000 24 hours
valid_time <- base_time + lead_time 2021-05-24T06:00:00.000000000 2021-05-23T00:00:00.000000000 30 hours
valid_time <- base_time + lead_time 2021-05-30T18:00:00.000000000 2021-05-30T12:00:00.000000000 6 hours
valid_time <- base_time + lead_time 2021-05-31T00:00:00.000000000 2021-05-30T12:00:00.000000000 12 hours
valid_time <- base_time + lead_time 2021-05-31T06:00:00.000000000 2021-05-30T12:00:00.000000000 18 hours
valid_time <- base_time + lead_time 2021-05-31T12:00:00.000000000 2021-05-30T12:00:00.000000000 24 hours
valid_time <- base_time + lead_time 2021-05-31T18:00:00.000000000 2021-05-30T12:00:00.000000000 30 hours
valid_time <- base_time + lead_time 2021-06-01T00:00:00.000000000 2021-05-30T12:00:00.000000000 36 hours
valid_time <- base_time + lead_time 2021-06-01T06:00:00.000000000 2021-05-30T12:00:00.000000000 42 hours
valid_time <- base_time + lead_time 2021-06-01T12:00:00.000000000 2021-05-30T12:00:00.000000000 48 hours
valid_time <- base_time + lead_time 2021-05-26T18:00:00.000000000 2021-05-26T12:00:00.000000000 6 hours
valid_time <- base_time + lead_time 2021-05-27T00:00:00.000000000 2021-05-26T12:00:00.000000000 12 hours
valid_time <- base_time + lead_time 2021-05-27T06:00:00.000000000 2021-05-26T12:00:00.000000000 18 hours
valid_time <- base_time + lead_time 2021-05-27T12:00:00.000000000 2021-05-26T12:00:00.000000000 24 hours
valid_time <- base_time + lead_time 2021-05-27T18:00:00.000000000 2021-05-26T12:00:00.000000000 30 hours
valid_time <- base_time + lead_time 2021-05-28T00:00:00.000000000 2021-05-26T12:00:00.000000000 36 hours
valid_time <- base_time + lead_time 2021-05-28T06:00:00.000000000 2021-05-26T12:00:00.000000000 42 hours
valid_time <- base_time + lead_time 2021-05-28T12:00:00.000000000 2021-05-26T12:00:00.000000000 48 hours
valid_time <- base_time + lead_time 2021-05-31T06:00:00.000000000 2021-05-31T00:00:00.000000000 6 hours
valid_time <- base_time + lead_time 2021-05-31T12:00:00.000000000 2021-05-31T00:00:00.000000000 12 hours
valid_time <- base_time + lead_time 2021-05-31T18:00:00.000000000 2021-05-31T00:00:00.000000000 18 hours
valid_time <- base_time + lead_time 2021-06-01T00:00:00.000000000 2021-05-31T00:00:00.000000000 24 hours
valid_time <- base_time + lead_time 2021-06-01T06:00:00.000000000 2021-05-31T00:00:00.000000000 30 hours
valid_time <- base_time + lead_time 2021-06-01T12:00:00.000000000 2021-05-31T00:00:00.000000000 36 hours
valid_time <- base_time + lead_time 2021-06-01T18:00:00.000000000 2021-05-31T00:00:00.000000000 42 hours
valid_time <- base_time + lead_time 2021-06-02T00:00:00.000000000 2021-05-31T00:00:00.000000000 48 hours
valid_time <- base_time + lead_time 2021-05-26T06:00:00.000000000 2021-05-26T00:00:00.000000000 6 hours
valid_time <- base_time + lead_time 2021-05-26T12:00:00.000000000 2021-05-26T00:00:00.000000000 12 hours
valid_time <- base_time + lead_time 2021-05-26T18:00:00.000000000 2021-05-26T00:00:00.000000000 18 hours
valid_time <- base_time + lead_time 2021-05-27T00:00:00.000000000 2021-05-26T00:00:00.000000000 24 hours
valid_time <- base_time + lead_time 2021-05-27T06:00:00.000000000 2021-05-26T00:00:00.000000000 30 hours
valid_time <- base_time + lead_time 2021-05-27T12:00:00.000000000 2021-05-26T00:00:00.000000000 36 hours
valid_time <- base_time + lead_time 2021-05-27T18:00:00.000000000 2021-05-26T00:00:00.000000000 42 hours
valid_time <- base_time + lead_time 2021-05-28T00:00:00.000000000 2021-05-26T00:00:00.000000000 48 hours
valid_time <- base_time + lead_time 2021-06-02T18:00:00.000000000 2021-06-02T12:00:00.000000000 6 hours
valid_time <- base_time + lead_time 2021-05-27T18:00:00.000000000 2021-05-27T12:00:00.000000000 6 hours
valid_time <- base_time + lead_time 2021-05-28T00:00:00.000000000 2021-05-27T12:00:00.000000000 12 hours
valid_time <- base_time + lead_time 2021-05-28T06:00:00.000000000 2021-05-27T12:00:00.000000000 18 hours
valid_time <- base_time + lead_time 2021-05-28T12:00:00.000000000 2021-05-27T12:00:00.000000000 24 hours
valid_time <- base_time + lead_time 2021-05-28T18:00:00.000000000 2021-05-27T12:00:00.000000000 30 hours
valid_time <- base_time + lead_time 2021-05-29T00:00:00.000000000 2021-05-27T12:00:00.000000000 36 hours
valid_time <- base_time + lead_time 2021-05-29T06:00:00.000000000 2021-05-27T12:00:00.000000000 42 hours
valid_time <- base_time + lead_time 2021-05-29T12:00:00.000000000 2021-05-27T12:00:00.000000000 48 hours
valid_time <- base_time + lead_time 2021-05-29T06:00:00.000000000 2021-05-29T00:00:00.000000000 6 hours
valid_time <- base_time + lead_time 2021-05-29T12:00:00.000000000 2021-05-29T00:00:00.000000000 12 hours
valid_time <- base_time + lead_time 2021-05-29T18:00:00.000000000 2021-05-29T00:00:00.000000000 18 hours
valid_time <- base_time + lead_time 2021-05-30T00:00:00.000000000 2021-05-29T00:00:00.000000000 24 hours
valid_time <- base_time + lead_time 2021-05-30T06:00:00.000000000 2021-05-29T00:00:00.000000000 30 hours
valid_time <- base_time + lead_time 2021-05-30T12:00:00.000000000 2021-05-29T00:00:00.000000000 36 hours
valid_time <- base_time + lead_time 2021-05-30T18:00:00.000000000 2021-05-29T00:00:00.000000000 42 hours
valid_time <- base_time + lead_time 2021-05-31T00:00:00.000000000 2021-05-29T00:00:00.000000000 48 hours
valid_time <- base_time + lead_time 2021-05-29T18:00:00.000000000 2021-05-29T12:00:00.000000000 6 hours
valid_time <- base_time + lead_time 2021-05-30T00:00:00.000000000 2021-05-29T12:00:00.000000000 12 hours
valid_time <- base_time + lead_time 2021-05-30T06:00:00.000000000 2021-05-29T12:00:00.000000000 18 hours
valid_time <- base_time + lead_time 2021-05-30T12:00:00.000000000 2021-05-29T12:00:00.000000000 24 hours
valid_time <- base_time + lead_time 2021-05-30T18:00:00.000000000 2021-05-29T12:00:00.000000000 30 hours
valid_time <- base_time + lead_time 2021-05-31T00:00:00.000000000 2021-05-29T12:00:00.000000000 36 hours
valid_time <- base_time + lead_time 2021-05-31T06:00:00.000000000 2021-05-29T12:00:00.000000000 42 hours
valid_time <- base_time + lead_time 2021-05-31T12:00:00.000000000 2021-05-29T12:00:00.000000000 48 hours
valid_time <- base_time + lead_time 2021-05-27T06:00:00.000000000 2021-05-27T00:00:00.000000000 6 hours
valid_time <- base_time + lead_time 2021-05-27T12:00:00.000000000 2021-05-27T00:00:00.000000000 12 hours
valid_time <- base_time + lead_time 2021-05-27T18:00:00.000000000 2021-05-27T00:00:00.000000000 18 hours
valid_time <- base_time + lead_time 2021-05-28T00:00:00.000000000 2021-05-27T00:00:00.000000000 24 hours
valid_time <- base_time + lead_time 2021-05-28T06:00:00.000000000 2021-05-27T00:00:00.000000000 30 hours
valid_time <- base_time + lead_time 2021-05-28T12:00:00.000000000 2021-05-27T00:00:00.000000000 36 hours
valid_time <- base_time + lead_time 2021-05-28T18:00:00.000000000 2021-05-27T00:00:00.000000000 42 hours
valid_time <- base_time + lead_time 2021-05-29T00:00:00.000000000 2021-05-27T00:00:00.000000000 48 hours
valid_time <- base_time + lead_time 2021-06-02T06:00:00.000000000 2021-06-02T00:00:00.000000000 6 hours
valid_time <- base_time + lead_time 2021-06-02T12:00:00.000000000 2021-06-02T00:00:00.000000000 12 hours
valid_time <- base_time + lead_time 2021-06-02T18:00:00.000000000 2021-06-02T00:00:00.000000000 18 hours
valid_time <- base_time + lead_time 2021-05-22T18:00:00.000000000 2021-05-22T12:00:00.000000000 6 hours
valid_time <- base_time + lead_time 2021-05-23T00:00:00.000000000 2021-05-22T12:00:00.000000000 12 hours
valid_time <- base_time + lead_time 2021-05-23T06:00:00.000000000 2021-05-22T12:00:00.000000000 18 hours
valid_time <- base_time + lead_time 2021-05-30T06:00:00.000000000 2021-05-30T00:00:00.000000000 6 hours
valid_time <- base_time + lead_time 2021-05-30T12:00:00.000000000 2021-05-30T00:00:00.000000000 12 hours
valid_time <- base_time + lead_time 2021-05-30T18:00:00.000000000 2021-05-30T00:00:00.000000000 18 hours
valid_time <- base_time + lead_time 2021-05-31T00:00:00.000000000 2021-05-30T00:00:00.000000000 24 hours
valid_time <- base_time + lead_time 2021-05-31T06:00:00.000000000 2021-05-30T00:00:00.000000000 30 hours
valid_time <- base_time + lead_time 2021-05-31T12:00:00.000000000 2021-05-30T00:00:00.000000000 36 hours
valid_time <- base_time + lead_time 2021-05-31T18:00:00.000000000 2021-05-30T00:00:00.000000000 42 hours
valid_time <- base_time + lead_time 2021-06-01T00:00:00.000000000 2021-05-30T00:00:00.000000000 48 hours
valid_time <- base_time + lead_time 2021-05-25T06:00:00.000000000 2021-05-25T00:00:00.000000000 6 hours
valid_time <- base_time + lead_time 2021-05-25T12:00:00.000000000 2021-05-25T00:00:00.000000000 12 hours
valid_time <- base_time + lead_time 2021-05-25T18:00:00.000000000 2021-05-25T00:00:00.000000000 18 hours
valid_time <- base_time + lead_time 2021-05-26T00:00:00.000000000 2021-05-25T00:00:00.000000000 24 hours
valid_time <- base_time + lead_time 2021-05-26T06:00:00.000000000 2021-05-25T00:00:00.000000000 30 hours
valid_time <- base_time + lead_time 2021-05-26T12:00:00.000000000 2021-05-25T00:00:00.000000000 36 hours
valid_time <- base_time + lead_time 2021-05-26T18:00:00.000000000 2021-05-25T00:00:00.000000000 42 hours
valid_time <- base_time + lead_time 2021-05-27T00:00:00.000000000 2021-05-25T00:00:00.000000000 48 hours
valid_time <- base_time + lead_time 2021-05-28T18:00:00.000000000 2021-05-28T12:00:00.000000000 6 hours
valid_time <- base_time + lead_time 2021-05-29T00:00:00.000000000 2021-05-28T12:00:00.000000000 12 hours
valid_time <- base_time + lead_time 2021-05-29T06:00:00.000000000 2021-05-28T12:00:00.000000000 18 hours
valid_time <- base_time + lead_time 2021-05-29T12:00:00.000000000 2021-05-28T12:00:00.000000000 24 hours
valid_time <- base_time + lead_time 2021-05-29T18:00:00.000000000 2021-05-28T12:00:00.000000000 30 hours
valid_time <- base_time + lead_time 2021-05-30T00:00:00.000000000 2021-05-28T12:00:00.000000000 36 hours
valid_time <- base_time + lead_time 2021-05-30T06:00:00.000000000 2021-05-28T12:00:00.000000000 42 hours
valid_time <- base_time + lead_time 2021-05-30T12:00:00.000000000 2021-05-28T12:00:00.000000000 48 hours
valid_time <- base_time + lead_time 2021-05-24T06:00:00.000000000 2021-05-24T00:00:00.000000000 6 hours
valid_time <- base_time + lead_time 2021-05-24T12:00:00.000000000 2021-05-24T00:00:00.000000000 12 hours
valid_time <- base_time + lead_time 2021-05-24T18:00:00.000000000 2021-05-24T00:00:00.000000000 18 hours
valid_time <- base_time + lead_time 2021-05-25T00:00:00.000000000 2021-05-24T00:00:00.000000000 24 hours
valid_time <- base_time + lead_time 2021-05-25T06:00:00.000000000 2021-05-24T00:00:00.000000000 30 hours
valid_time <- base_time + lead_time 2021-05-25T12:00:00.000000000 2021-05-24T00:00:00.000000000 36 hours
valid_time <- base_time + lead_time 2021-05-25T18:00:00.000000000 2021-05-24T00:00:00.000000000 42 hours
valid_time <- base_time + lead_time 2021-05-26T00:00:00.000000000 2021-05-24T00:00:00.000000000 48 hours
valid_time <- base_time + lead_time 2021-06-01T06:00:00.000000000 2021-06-01T00:00:00.000000000 6 hours
valid_time <- base_time + lead_time 2021-06-01T12:00:00.000000000 2021-06-01T00:00:00.000000000 12 hours
valid_time <- base_time + lead_time 2021-06-01T18:00:00.000000000 2021-06-01T00:00:00.000000000 18 hours
valid_time <- base_time + lead_time 2021-06-02T00:00:00.000000000 2021-06-01T00:00:00.000000000 24 hours
valid_time <- base_time + lead_time 2021-06-02T06:00:00.000000000 2021-06-01T00:00:00.000000000 30 hours
valid_time <- base_time + lead_time 2021-06-02T12:00:00.000000000 2021-06-01T00:00:00.000000000 36 hours
valid_time <- base_time + lead_time 2021-06-02T18:00:00.000000000 2021-06-01T00:00:00.000000000 42 hours
valid_time <- base_time + lead_time 2021-05-24T18:00:00.000000000 2021-05-24T12:00:00.000000000 6 hours
valid_time <- base_time + lead_time 2021-05-25T00:00:00.000000000 2021-05-24T12:00:00.000000000 12 hours
valid_time <- base_time + lead_time 2021-05-25T06:00:00.000000000 2021-05-24T12:00:00.000000000 18 hours
valid_time <- base_time + lead_time 2021-05-25T12:00:00.000000000 2021-05-24T12:00:00.000000000 24 hours
valid_time <- base_time + lead_time 2021-05-25T18:00:00.000000000 2021-05-24T12:00:00.000000000 30 hours
valid_time <- base_time + lead_time 2021-05-26T00:00:00.000000000 2021-05-24T12:00:00.000000000 36 hours
valid_time <- base_time + lead_time 2021-05-26T06:00:00.000000000 2021-05-24T12:00:00.000000000 42 hours
valid_time <- base_time + lead_time 2021-05-26T12:00:00.000000000 2021-05-24T12:00:00.000000000 48 hours
DEBUG___________________________________________
valid_time <- base_time + lead_time 2021-06-02T00:00:00.000000000 2021-06-02T00:00:00.000000000 0 hours
valid_time <- base_time + lead_time 2021-06-02T06:00:00.000000000 2021-06-02T00:00:00.000000000 6 hours
valid_time <- base_time + lead_time 2021-06-02T12:00:00.000000000 2021-06-02T00:00:00.000000000 12 hours
valid_time <- base_time + lead_time 2021-06-02T18:00:00.000000000 2021-06-02T00:00:00.000000000 18 hours
valid_time <- base_time + lead_time 2021-06-01T00:00:00.000000000 2021-06-01T00:00:00.000000000 0 hours
valid_time <- base_time + lead_time 2021-06-01T06:00:00.000000000 2021-06-01T00:00:00.000000000 6 hours
valid_time <- base_time + lead_time 2021-06-01T12:00:00.000000000 2021-06-01T00:00:00.000000000 12 hours
valid_time <- base_time + lead_time 2021-06-01T18:00:00.000000000 2021-06-01T00:00:00.000000000 18 hours

Running spatial slice visualization...
'pressure_levels'

Elapsed time: 5.37 s
