
  [01;33mThis stage is deprecated. Please consider moving to a new stage (2025
or newer)[0m

srun: Setting --cpu-bind=threads as a default of --threads-per-core use
srun: defined options
srun: -------------------- --------------------
srun: (null)              : jwc00n[005,007]
srun: jobid               : 12197247
srun: job-name            : run_cluster.sbatch
srun: licenses            : home@just,project1@just,scratch@just
srun: mpi                 : pspmix
srun: nodes               : 2
srun: ntasks              : 8
srun: ntasks-per-node     : 4
srun: threads-per-core    : 1
srun: verbose             : 1
srun: -------------------- --------------------
srun: end of defined options
srun: jobid 12197247: nodes(2):`jwc00n[005,007]', cpu counts: 48(x2)
srun: CpuBindType=threads
srun: launching StepId=12197247.0 on host jwc00n005, 4 tasks: [0-3]
srun: launching StepId=12197247.0 on host jwc00n007, 4 tasks: [4-7]
srun: topology/tree: init: topology tree plugin loaded
srun: Node jwc00n005, 4 tasks started
srun: Node jwc00n007, 4 tasks started
srun: Received task exit notification for 4 tasks of StepId=12197247.0 (status=0x0000).
srun: jwc00n007: tasks 4-7: Completed
srun: Received task exit notification for 4 tasks of StepId=12197247.0 (status=0x0000).
srun: jwc00n005: tasks 0-3: Completed
srun: Setting --cpu-bind=threads as a default of --threads-per-core use
srun: defined options
srun: -------------------- --------------------
srun: (null)              : jwc00n[005,007]
srun: jobid               : 12197247
srun: job-name            : run_cluster.sbatch
srun: licenses            : home@just,project1@just,scratch@just
srun: mpi                 : pspmix
srun: nodes               : 2
srun: ntasks              : 8
srun: ntasks-per-node     : 4
srun: threads-per-core    : 1
srun: verbose             : 1
srun: -------------------- --------------------
srun: end of defined options
srun: jobid 12197247: nodes(2):`jwc00n[005,007]', cpu counts: 48(x2)
srun: CpuBindType=threads
srun: launching StepId=12197247.1 on host jwc00n005, 4 tasks: [0-3]
srun: launching StepId=12197247.1 on host jwc00n007, 4 tasks: [4-7]
srun: topology/tree: init: topology tree plugin loaded
srun: Node jwc00n005, 4 tasks started
srun: Node jwc00n007, 4 tasks started
srun: Received task exit notification for 4 tasks of StepId=12197247.1 (status=0x0000).
srun: jwc00n007: tasks 4-7: Completed
srun: Received task exit notification for 4 tasks of StepId=12197247.1 (status=0x0000).
srun: jwc00n005: tasks 0-3: Completed
