CUDA is not available. Running on CPU.
DEBUG: rank=0, world_size=1, comm_size=8, comm_rank=3
Preparing files for corrdiff...
5824 files parsed from directory: /p/scratch/hclimrep/pavel1/CorrDiff/CorrDiff_Output_Code4Earth/
Done. Found 64 usable files (2013-04-01 00:00:00 -- 2013-04-04 23:59:00).

Static fields setup... Done
Checking required field for metrics...
correlation             is missing field/s for computation.
correlation_map         is missing field/s for computation.

Selected 64 samples for corrdiff.
---------------------------------------------

64
Rank 0 received 64 samples, indices: [ 0  1  2  3  4  5  6  7  8  9 10 11 12 13 14 15 16 17 18 19 20 21 22 23
 24 25 26 27 28 29 30 31 32 33 34 35 36 37 38 39 40 41 42 43 44 45 46 47
 48 49 50 51 52 53 54 55 56 57 58 59 60 61 62 63]
CUDA is not available. Running on CPU.
DEBUG: rank=0, world_size=1, comm_size=8, comm_rank=2
Preparing files for corrdiff...
5824 files parsed from directory: /p/scratch/hclimrep/pavel1/CorrDiff/CorrDiff_Output_Code4Earth/
Done. Found 64 usable files (2013-04-01 00:00:00 -- 2013-04-04 23:59:00).

Static fields setup... Done
Checking required field for metrics...
correlation             is missing field/s for computation.
correlation_map         is missing field/s for computation.

Selected 64 samples for corrdiff.
---------------------------------------------

64
Rank 0 received 64 samples, indices: [ 0  1  2  3  4  5  6  7  8  9 10 11 12 13 14 15 16 17 18 19 20 21 22 23
 24 25 26 27 28 29 30 31 32 33 34 35 36 37 38 39 40 41 42 43 44 45 46 47
 48 49 50 51 52 53 54 55 56 57 58 59 60 61 62 63]
CUDA is not available. Running on CPU.
DEBUG: rank=0, world_size=1, comm_size=8, comm_rank=1
Preparing files for corrdiff...
5824 files parsed from directory: /p/scratch/hclimrep/pavel1/CorrDiff/CorrDiff_Output_Code4Earth/
Done. Found 64 usable files (2013-04-01 00:00:00 -- 2013-04-04 23:59:00).

Static fields setup... Done
Checking required field for metrics...
correlation             is missing field/s for computation.
correlation_map         is missing field/s for computation.

Selected 64 samples for corrdiff.
---------------------------------------------

64
Rank 0 received 64 samples, indices: [ 0  1  2  3  4  5  6  7  8  9 10 11 12 13 14 15 16 17 18 19 20 21 22 23
 24 25 26 27 28 29 30 31 32 33 34 35 36 37 38 39 40 41 42 43 44 45 46 47
 48 49 50 51 52 53 54 55 56 57 58 59 60 61 62 63]
CUDA is not available. Running on CPU.
DEBUG: rank=0, world_size=1, comm_size=8, comm_rank=0
Preparing files for corrdiff...
5824 files parsed from directory: /p/scratch/hclimrep/pavel1/CorrDiff/CorrDiff_Output_Code4Earth/
Done. Found 64 usable files (2013-04-01 00:00:00 -- 2013-04-04 23:59:00).

Static fields setup... Done
Checking required field for metrics...
correlation             is missing field/s for computation.
correlation_map         is missing field/s for computation.

Selected 64 samples for corrdiff.
---------------------------------------------

64
Rank 0 received 64 samples, indices: [ 0  1  2  3  4  5  6  7  8  9 10 11 12 13 14 15 16 17 18 19 20 21 22 23
 24 25 26 27 28 29 30 31 32 33 34 35 36 37 38 39 40 41 42 43 44 45 46 47
 48 49 50 51 52 53 54 55 56 57 58 59 60 61 62 63]
Rank 0: Initializing Zarr archive and index at /p/project1/hclimrep/vozar2/PACE-Toolkit/pace/outputs/corrdiff.zarr
All 8 ranks have opened the synchronized Zarr archive.
0: Zarr store initialized for xarray at: /p/project1/hclimrep/vozar2/PACE-Toolkit/pace/outputs/corrdiff.zarr
CUDA is not available. Running on CPU.
DEBUG: rank=0, world_size=1, comm_size=8, comm_rank=4
Preparing files for corrdiff...
5824 files parsed from directory: /p/scratch/hclimrep/pavel1/CorrDiff/CorrDiff_Output_Code4Earth/
Done. Found 64 usable files (2013-04-01 00:00:00 -- 2013-04-04 23:59:00).

Static fields setup... Done
Checking required field for metrics...
correlation             is missing field/s for computation.
correlation_map         is missing field/s for computation.

Selected 64 samples for corrdiff.
---------------------------------------------

64
Rank 0 received 64 samples, indices: [ 0  1  2  3  4  5  6  7  8  9 10 11 12 13 14 15 16 17 18 19 20 21 22 23
 24 25 26 27 28 29 30 31 32 33 34 35 36 37 38 39 40 41 42 43 44 45 46 47
 48 49 50 51 52 53 54 55 56 57 58 59 60 61 62 63]
CUDA is not available. Running on CPU.
DEBUG: rank=0, world_size=1, comm_size=8, comm_rank=6
Preparing files for corrdiff...
5824 files parsed from directory: /p/scratch/hclimrep/pavel1/CorrDiff/CorrDiff_Output_Code4Earth/
Done. Found 64 usable files (2013-04-01 00:00:00 -- 2013-04-04 23:59:00).

Static fields setup... Done
Checking required field for metrics...
correlation             is missing field/s for computation.
correlation_map         is missing field/s for computation.

Selected 64 samples for corrdiff.
---------------------------------------------

64
Rank 0 received 64 samples, indices: [ 0  1  2  3  4  5  6  7  8  9 10 11 12 13 14 15 16 17 18 19 20 21 22 23
 24 25 26 27 28 29 30 31 32 33 34 35 36 37 38 39 40 41 42 43 44 45 46 47
 48 49 50 51 52 53 54 55 56 57 58 59 60 61 62 63]
CUDA is not available. Running on CPU.
DEBUG: rank=0, world_size=1, comm_size=8, comm_rank=5
Preparing files for corrdiff...
5824 files parsed from directory: /p/scratch/hclimrep/pavel1/CorrDiff/CorrDiff_Output_Code4Earth/
Done. Found 64 usable files (2013-04-01 00:00:00 -- 2013-04-04 23:59:00).

Static fields setup... Done
Checking required field for metrics...
correlation             is missing field/s for computation.
correlation_map         is missing field/s for computation.

Selected 64 samples for corrdiff.
---------------------------------------------

64
Rank 0 received 64 samples, indices: [ 0  1  2  3  4  5  6  7  8  9 10 11 12 13 14 15 16 17 18 19 20 21 22 23
 24 25 26 27 28 29 30 31 32 33 34 35 36 37 38 39 40 41 42 43 44 45 46 47
 48 49 50 51 52 53 54 55 56 57 58 59 60 61 62 63]
CUDA is not available. Running on CPU.
DEBUG: rank=0, world_size=1, comm_size=8, comm_rank=7
Preparing files for corrdiff...
5824 files parsed from directory: /p/scratch/hclimrep/pavel1/CorrDiff/CorrDiff_Output_Code4Earth/
Done. Found 64 usable files (2013-04-01 00:00:00 -- 2013-04-04 23:59:00).

Static fields setup... Done
Checking required field for metrics...
correlation             is missing field/s for computation.
correlation_map         is missing field/s for computation.

Selected 64 samples for corrdiff.
---------------------------------------------

64
Rank 0 received 64 samples, indices: [ 0  1  2  3  4  5  6  7  8  9 10 11 12 13 14 15 16 17 18 19 20 21 22 23
 24 25 26 27 28 29 30 31 32 33 34 35 36 37 38 39 40 41 42 43 44 45 46 47
 48 49 50 51 52 53 54 55 56 57 58 59 60 61 62 63]
Rank 5: [0.] [datetime.datetime(2013, 3, 31, 6, 0)] [datetime.timedelta(seconds=64800)] /p/project1/hclimrep/vozar2/PACE-Toolkit/pace/outputs/corrdiff.zarr
Rank 5: [1.] [datetime.datetime(2013, 3, 31, 12, 0)] [datetime.timedelta(seconds=64800)] /p/project1/hclimrep/vozar2/PACE-Toolkit/pace/outputs/corrdiff.zarr
Rank 5: [2.] [datetime.datetime(2013, 3, 31, 18, 0)] [datetime.timedelta(seconds=64800)] /p/project1/hclimrep/vozar2/PACE-Toolkit/pace/outputs/corrdiff.zarr
Rank 5: [3.] [datetime.datetime(2013, 4, 1, 0, 0)] [datetime.timedelta(seconds=64800)] /p/project1/hclimrep/vozar2/PACE-Toolkit/pace/outputs/corrdiff.zarr
Rank 5: [4.] [datetime.datetime(2013, 4, 1, 6, 0)] [datetime.timedelta(seconds=64800)] /p/project1/hclimrep/vozar2/PACE-Toolkit/pace/outputs/corrdiff.zarr
Rank 5: [5.] [datetime.datetime(2013, 4, 1, 12, 0)] [datetime.timedelta(seconds=64800)] /p/project1/hclimrep/vozar2/PACE-Toolkit/pace/outputs/corrdiff.zarr
Rank 5: [6.] [datetime.datetime(2013, 4, 1, 18, 0)] [datetime.timedelta(seconds=64800)] /p/project1/hclimrep/vozar2/PACE-Toolkit/pace/outputs/corrdiff.zarr
Rank 5: [7.] [datetime.datetime(2013, 4, 2, 0, 0)] [datetime.timedelta(seconds=64800)] /p/project1/hclimrep/vozar2/PACE-Toolkit/pace/outputs/corrdiff.zarr
Rank 5: [8.] [datetime.datetime(2013, 4, 2, 6, 0)] [datetime.timedelta(seconds=64800)] /p/project1/hclimrep/vozar2/PACE-Toolkit/pace/outputs/corrdiff.zarr
Rank 5: [9.] [datetime.datetime(2013, 4, 2, 12, 0)] [datetime.timedelta(seconds=64800)] /p/project1/hclimrep/vozar2/PACE-Toolkit/pace/outputs/corrdiff.zarr
Rank 5: [10.] [datetime.datetime(2013, 4, 2, 18, 0)] [datetime.timedelta(seconds=64800)] /p/project1/hclimrep/vozar2/PACE-Toolkit/pace/outputs/corrdiff.zarr
Rank 5: [11.] [datetime.datetime(2013, 4, 3, 0, 0)] [datetime.timedelta(seconds=64800)] /p/project1/hclimrep/vozar2/PACE-Toolkit/pace/outputs/corrdiff.zarr
Rank 5: [12.] [datetime.datetime(2013, 4, 3, 6, 0)] [datetime.timedelta(seconds=64800)] /p/project1/hclimrep/vozar2/PACE-Toolkit/pace/outputs/corrdiff.zarr
Rank 5: [13.] [datetime.datetime(2013, 4, 3, 12, 0)] [datetime.timedelta(seconds=64800)] /p/project1/hclimrep/vozar2/PACE-Toolkit/pace/outputs/corrdiff.zarr
Rank 5: [14.] [datetime.datetime(2013, 4, 3, 18, 0)] [datetime.timedelta(seconds=64800)] /p/project1/hclimrep/vozar2/PACE-Toolkit/pace/outputs/corrdiff.zarr
Rank 5: [15.] [datetime.datetime(2013, 4, 4, 0, 0)] [datetime.timedelta(seconds=64800)] /p/project1/hclimrep/vozar2/PACE-Toolkit/pace/outputs/corrdiff.zarr
Rank 5: [16.] [datetime.datetime(2013, 3, 31, 12, 0)] [datetime.timedelta(seconds=43200)] /p/project1/hclimrep/vozar2/PACE-Toolkit/pace/outputs/corrdiff.zarr
Rank 5: [17.] [datetime.datetime(2013, 3, 31, 18, 0)] [datetime.timedelta(seconds=43200)] /p/project1/hclimrep/vozar2/PACE-Toolkit/pace/outputs/corrdiff.zarr
Rank 5: [18.] [datetime.datetime(2013, 4, 1, 0, 0)] [datetime.timedelta(seconds=43200)] /p/project1/hclimrep/vozar2/PACE-Toolkit/pace/outputs/corrdiff.zarr
Rank 5: [19.] [datetime.datetime(2013, 4, 1, 6, 0)] [datetime.timedelta(seconds=43200)] /p/project1/hclimrep/vozar2/PACE-Toolkit/pace/outputs/corrdiff.zarr
Rank 5: [20.] [datetime.datetime(2013, 4, 1, 12, 0)] [datetime.timedelta(seconds=43200)] /p/project1/hclimrep/vozar2/PACE-Toolkit/pace/outputs/corrdiff.zarr
Rank 5: [21.] [datetime.datetime(2013, 4, 1, 18, 0)] [datetime.timedelta(seconds=43200)] /p/project1/hclimrep/vozar2/PACE-Toolkit/pace/outputs/corrdiff.zarr
Rank 5: [22.] [datetime.datetime(2013, 4, 2, 0, 0)] [datetime.timedelta(seconds=43200)] /p/project1/hclimrep/vozar2/PACE-Toolkit/pace/outputs/corrdiff.zarr
Rank 5: [23.] [datetime.datetime(2013, 4, 2, 6, 0)] [datetime.timedelta(seconds=43200)] /p/project1/hclimrep/vozar2/PACE-Toolkit/pace/outputs/corrdiff.zarr
Rank 5: [24.] [datetime.datetime(2013, 4, 2, 12, 0)] [datetime.timedelta(seconds=43200)] /p/project1/hclimrep/vozar2/PACE-Toolkit/pace/outputs/corrdiff.zarr
Rank 5: [25.] [datetime.datetime(2013, 4, 2, 18, 0)] [datetime.timedelta(seconds=43200)] /p/project1/hclimrep/vozar2/PACE-Toolkit/pace/outputs/corrdiff.zarr
Rank 5: [26.] [datetime.datetime(2013, 4, 3, 0, 0)] [datetime.timedelta(seconds=43200)] /p/project1/hclimrep/vozar2/PACE-Toolkit/pace/outputs/corrdiff.zarr
Rank 5: [27.] [datetime.datetime(2013, 4, 3, 6, 0)] [datetime.timedelta(seconds=43200)] /p/project1/hclimrep/vozar2/PACE-Toolkit/pace/outputs/corrdiff.zarr
Rank 5: [28.] [datetime.datetime(2013, 4, 3, 12, 0)] [datetime.timedelta(seconds=43200)] /p/project1/hclimrep/vozar2/PACE-Toolkit/pace/outputs/corrdiff.zarr
Rank 5: [29.] [datetime.datetime(2013, 4, 3, 18, 0)] [datetime.timedelta(seconds=43200)] /p/project1/hclimrep/vozar2/PACE-Toolkit/pace/outputs/corrdiff.zarr
Rank 5: [30.] [datetime.datetime(2013, 4, 4, 0, 0)] [datetime.timedelta(seconds=43200)] /p/project1/hclimrep/vozar2/PACE-Toolkit/pace/outputs/corrdiff.zarr
Rank 5: [31.] [datetime.datetime(2013, 4, 4, 6, 0)] [datetime.timedelta(seconds=43200)] /p/project1/hclimrep/vozar2/PACE-Toolkit/pace/outputs/corrdiff.zarr
Rank 5: [32.] [datetime.datetime(2013, 3, 31, 0, 0)] [datetime.timedelta(days=1)] /p/project1/hclimrep/vozar2/PACE-Toolkit/pace/outputs/corrdiff.zarr
Rank 5: [33.] [datetime.datetime(2013, 3, 31, 6, 0)] [datetime.timedelta(days=1)] /p/project1/hclimrep/vozar2/PACE-Toolkit/pace/outputs/corrdiff.zarr
Rank 5: [34.] [datetime.datetime(2013, 3, 31, 12, 0)] [datetime.timedelta(days=1)] /p/project1/hclimrep/vozar2/PACE-Toolkit/pace/outputs/corrdiff.zarr
Rank 5: [35.] [datetime.datetime(2013, 3, 31, 18, 0)] [datetime.timedelta(days=1)] /p/project1/hclimrep/vozar2/PACE-Toolkit/pace/outputs/corrdiff.zarr
Rank 5: [36.] [datetime.datetime(2013, 4, 1, 0, 0)] [datetime.timedelta(days=1)] /p/project1/hclimrep/vozar2/PACE-Toolkit/pace/outputs/corrdiff.zarr
Rank 5: [37.] [datetime.datetime(2013, 4, 1, 6, 0)] [datetime.timedelta(days=1)] /p/project1/hclimrep/vozar2/PACE-Toolkit/pace/outputs/corrdiff.zarr
Rank 5: [38.] [datetime.datetime(2013, 4, 1, 12, 0)] [datetime.timedelta(days=1)] /p/project1/hclimrep/vozar2/PACE-Toolkit/pace/outputs/corrdiff.zarr
Rank 5: [39.] [datetime.datetime(2013, 4, 1, 18, 0)] [datetime.timedelta(days=1)] /p/project1/hclimrep/vozar2/PACE-Toolkit/pace/outputs/corrdiff.zarr
Rank 5: [40.] [datetime.datetime(2013, 4, 2, 0, 0)] [datetime.timedelta(days=1)] /p/project1/hclimrep/vozar2/PACE-Toolkit/pace/outputs/corrdiff.zarr
Rank 5: [41.] [datetime.datetime(2013, 4, 2, 6, 0)] [datetime.timedelta(days=1)] /p/project1/hclimrep/vozar2/PACE-Toolkit/pace/outputs/corrdiff.zarr
Rank 5: [42.] [datetime.datetime(2013, 4, 2, 12, 0)] [datetime.timedelta(days=1)] /p/project1/hclimrep/vozar2/PACE-Toolkit/pace/outputs/corrdiff.zarr
Rank 5: [43.] [datetime.datetime(2013, 4, 2, 18, 0)] [datetime.timedelta(days=1)] /p/project1/hclimrep/vozar2/PACE-Toolkit/pace/outputs/corrdiff.zarr
Rank 5: [44.] [datetime.datetime(2013, 4, 3, 0, 0)] [datetime.timedelta(days=1)] /p/project1/hclimrep/vozar2/PACE-Toolkit/pace/outputs/corrdiff.zarr
Rank 5: [45.] [datetime.datetime(2013, 4, 3, 6, 0)] [datetime.timedelta(days=1)] /p/project1/hclimrep/vozar2/PACE-Toolkit/pace/outputs/corrdiff.zarr
Rank 5: [46.] [datetime.datetime(2013, 4, 3, 12, 0)] [datetime.timedelta(days=1)] /p/project1/hclimrep/vozar2/PACE-Toolkit/pace/outputs/corrdiff.zarr
Rank 5: [47.] [datetime.datetime(2013, 4, 3, 18, 0)] [datetime.timedelta(days=1)] /p/project1/hclimrep/vozar2/PACE-Toolkit/pace/outputs/corrdiff.zarr
Rank 5: [48.] [datetime.datetime(2013, 3, 31, 18, 0)] [datetime.timedelta(seconds=21600)] /p/project1/hclimrep/vozar2/PACE-Toolkit/pace/outputs/corrdiff.zarr
Rank 5: [49.] [datetime.datetime(2013, 4, 1, 0, 0)] [datetime.timedelta(seconds=21600)] /p/project1/hclimrep/vozar2/PACE-Toolkit/pace/outputs/corrdiff.zarr
Rank 5: [50.] [datetime.datetime(2013, 4, 1, 6, 0)] [datetime.timedelta(seconds=21600)] /p/project1/hclimrep/vozar2/PACE-Toolkit/pace/outputs/corrdiff.zarr
Rank 5: [51.] [datetime.datetime(2013, 4, 1, 12, 0)] [datetime.timedelta(seconds=21600)] /p/project1/hclimrep/vozar2/PACE-Toolkit/pace/outputs/corrdiff.zarr
Rank 5: [52.] [datetime.datetime(2013, 4, 1, 18, 0)] [datetime.timedelta(seconds=21600)] /p/project1/hclimrep/vozar2/PACE-Toolkit/pace/outputs/corrdiff.zarr
Rank 2: [0.] [datetime.datetime(2013, 3, 31, 6, 0)] [datetime.timedelta(seconds=64800)] /p/project1/hclimrep/vozar2/PACE-Toolkit/pace/outputs/corrdiff.zarr
Rank 2: [1.] [datetime.datetime(2013, 3, 31, 12, 0)] [datetime.timedelta(seconds=64800)] /p/project1/hclimrep/vozar2/PACE-Toolkit/pace/outputs/corrdiff.zarr
Rank 2: [2.] [datetime.datetime(2013, 3, 31, 18, 0)] [datetime.timedelta(seconds=64800)] /p/project1/hclimrep/vozar2/PACE-Toolkit/pace/outputs/corrdiff.zarr
Rank 2: [3.] [datetime.datetime(2013, 4, 1, 0, 0)] [datetime.timedelta(seconds=64800)] /p/project1/hclimrep/vozar2/PACE-Toolkit/pace/outputs/corrdiff.zarr
Rank 2: [4.] [datetime.datetime(2013, 4, 1, 6, 0)] [datetime.timedelta(seconds=64800)] /p/project1/hclimrep/vozar2/PACE-Toolkit/pace/outputs/corrdiff.zarr
Rank 2: [5.] [datetime.datetime(2013, 4, 1, 12, 0)] [datetime.timedelta(seconds=64800)] /p/project1/hclimrep/vozar2/PACE-Toolkit/pace/outputs/corrdiff.zarr
Rank 2: [6.] [datetime.datetime(2013, 4, 1, 18, 0)] [datetime.timedelta(seconds=64800)] /p/project1/hclimrep/vozar2/PACE-Toolkit/pace/outputs/corrdiff.zarr
Rank 2: [7.] [datetime.datetime(2013, 4, 2, 0, 0)] [datetime.timedelta(seconds=64800)] /p/project1/hclimrep/vozar2/PACE-Toolkit/pace/outputs/corrdiff.zarr
Rank 2: [8.] [datetime.datetime(2013, 4, 2, 6, 0)] [datetime.timedelta(seconds=64800)] /p/project1/hclimrep/vozar2/PACE-Toolkit/pace/outputs/corrdiff.zarr
Rank 2: [9.] [datetime.datetime(2013, 4, 2, 12, 0)] [datetime.timedelta(seconds=64800)] /p/project1/hclimrep/vozar2/PACE-Toolkit/pace/outputs/corrdiff.zarr
Rank 2: [10.] [datetime.datetime(2013, 4, 2, 18, 0)] [datetime.timedelta(seconds=64800)] /p/project1/hclimrep/vozar2/PACE-Toolkit/pace/outputs/corrdiff.zarr
Rank 2: [11.] [datetime.datetime(2013, 4, 3, 0, 0)] [datetime.timedelta(seconds=64800)] /p/project1/hclimrep/vozar2/PACE-Toolkit/pace/outputs/corrdiff.zarr
Rank 2: [12.] [datetime.datetime(2013, 4, 3, 6, 0)] [datetime.timedelta(seconds=64800)] /p/project1/hclimrep/vozar2/PACE-Toolkit/pace/outputs/corrdiff.zarr
Rank 2: [13.] [datetime.datetime(2013, 4, 3, 12, 0)] [datetime.timedelta(seconds=64800)] /p/project1/hclimrep/vozar2/PACE-Toolkit/pace/outputs/corrdiff.zarr
Rank 2: [14.] [datetime.datetime(2013, 4, 3, 18, 0)] [datetime.timedelta(seconds=64800)] /p/project1/hclimrep/vozar2/PACE-Toolkit/pace/outputs/corrdiff.zarr
Rank 2: [15.] [datetime.datetime(2013, 4, 4, 0, 0)] [datetime.timedelta(seconds=64800)] /p/project1/hclimrep/vozar2/PACE-Toolkit/pace/outputs/corrdiff.zarr
Rank 2: [16.] [datetime.datetime(2013, 3, 31, 12, 0)] [datetime.timedelta(seconds=43200)] /p/project1/hclimrep/vozar2/PACE-Toolkit/pace/outputs/corrdiff.zarr
Rank 2: [17.] [datetime.datetime(2013, 3, 31, 18, 0)] [datetime.timedelta(seconds=43200)] /p/project1/hclimrep/vozar2/PACE-Toolkit/pace/outputs/corrdiff.zarr
Rank 2: [18.] [datetime.datetime(2013, 4, 1, 0, 0)] [datetime.timedelta(seconds=43200)] /p/project1/hclimrep/vozar2/PACE-Toolkit/pace/outputs/corrdiff.zarr
Rank 2: [19.] [datetime.datetime(2013, 4, 1, 6, 0)] [datetime.timedelta(seconds=43200)] /p/project1/hclimrep/vozar2/PACE-Toolkit/pace/outputs/corrdiff.zarr
Rank 2: [20.] [datetime.datetime(2013, 4, 1, 12, 0)] [datetime.timedelta(seconds=43200)] /p/project1/hclimrep/vozar2/PACE-Toolkit/pace/outputs/corrdiff.zarr
Rank 2: [21.] [datetime.datetime(2013, 4, 1, 18, 0)] [datetime.timedelta(seconds=43200)] /p/project1/hclimrep/vozar2/PACE-Toolkit/pace/outputs/corrdiff.zarr
Rank 2: [22.] [datetime.datetime(2013, 4, 2, 0, 0)] [datetime.timedelta(seconds=43200)] /p/project1/hclimrep/vozar2/PACE-Toolkit/pace/outputs/corrdiff.zarr
Rank 2: [23.] [datetime.datetime(2013, 4, 2, 6, 0)] [datetime.timedelta(seconds=43200)] /p/project1/hclimrep/vozar2/PACE-Toolkit/pace/outputs/corrdiff.zarr
Rank 2: [24.] [datetime.datetime(2013, 4, 2, 12, 0)] [datetime.timedelta(seconds=43200)] /p/project1/hclimrep/vozar2/PACE-Toolkit/pace/outputs/corrdiff.zarr
Rank 2: [25.] [datetime.datetime(2013, 4, 2, 18, 0)] [datetime.timedelta(seconds=43200)] /p/project1/hclimrep/vozar2/PACE-Toolkit/pace/outputs/corrdiff.zarr
Rank 2: [26.] [datetime.datetime(2013, 4, 3, 0, 0)] [datetime.timedelta(seconds=43200)] /p/project1/hclimrep/vozar2/PACE-Toolkit/pace/outputs/corrdiff.zarr
Rank 2: [27.] [datetime.datetime(2013, 4, 3, 6, 0)] [datetime.timedelta(seconds=43200)] /p/project1/hclimrep/vozar2/PACE-Toolkit/pace/outputs/corrdiff.zarr
Rank 2: [28.] [datetime.datetime(2013, 4, 3, 12, 0)] [datetime.timedelta(seconds=43200)] /p/project1/hclimrep/vozar2/PACE-Toolkit/pace/outputs/corrdiff.zarr
Rank 2: [29.] [datetime.datetime(2013, 4, 3, 18, 0)] [datetime.timedelta(seconds=43200)] /p/project1/hclimrep/vozar2/PACE-Toolkit/pace/outputs/corrdiff.zarr
Rank 2: [30.] [datetime.datetime(2013, 4, 4, 0, 0)] [datetime.timedelta(seconds=43200)] /p/project1/hclimrep/vozar2/PACE-Toolkit/pace/outputs/corrdiff.zarr
Rank 2: [31.] [datetime.datetime(2013, 4, 4, 6, 0)] [datetime.timedelta(seconds=43200)] /p/project1/hclimrep/vozar2/PACE-Toolkit/pace/outputs/corrdiff.zarr
Rank 2: [32.] [datetime.datetime(2013, 3, 31, 0, 0)] [datetime.timedelta(days=1)] /p/project1/hclimrep/vozar2/PACE-Toolkit/pace/outputs/corrdiff.zarr
Rank 2: [33.] [datetime.datetime(2013, 3, 31, 6, 0)] [datetime.timedelta(days=1)] /p/project1/hclimrep/vozar2/PACE-Toolkit/pace/outputs/corrdiff.zarr
Rank 2: [34.] [datetime.datetime(2013, 3, 31, 12, 0)] [datetime.timedelta(days=1)] /p/project1/hclimrep/vozar2/PACE-Toolkit/pace/outputs/corrdiff.zarr
Rank 2: [35.] [datetime.datetime(2013, 3, 31, 18, 0)] [datetime.timedelta(days=1)] /p/project1/hclimrep/vozar2/PACE-Toolkit/pace/outputs/corrdiff.zarr
Rank 2: [36.] [datetime.datetime(2013, 4, 1, 0, 0)] [datetime.timedelta(days=1)] /p/project1/hclimrep/vozar2/PACE-Toolkit/pace/outputs/corrdiff.zarr
Rank 2: [37.] [datetime.datetime(2013, 4, 1, 6, 0)] [datetime.timedelta(days=1)] /p/project1/hclimrep/vozar2/PACE-Toolkit/pace/outputs/corrdiff.zarr
Rank 2: [38.] [datetime.datetime(2013, 4, 1, 12, 0)] [datetime.timedelta(days=1)] /p/project1/hclimrep/vozar2/PACE-Toolkit/pace/outputs/corrdiff.zarr
Rank 2: [39.] [datetime.datetime(2013, 4, 1, 18, 0)] [datetime.timedelta(days=1)] /p/project1/hclimrep/vozar2/PACE-Toolkit/pace/outputs/corrdiff.zarr
Rank 2: [40.] [datetime.datetime(2013, 4, 2, 0, 0)] [datetime.timedelta(days=1)] /p/project1/hclimrep/vozar2/PACE-Toolkit/pace/outputs/corrdiff.zarr
Rank 2: [41.] [datetime.datetime(2013, 4, 2, 6, 0)] [datetime.timedelta(days=1)] /p/project1/hclimrep/vozar2/PACE-Toolkit/pace/outputs/corrdiff.zarr
Rank 2: [42.] [datetime.datetime(2013, 4, 2, 12, 0)] [datetime.timedelta(days=1)] /p/project1/hclimrep/vozar2/PACE-Toolkit/pace/outputs/corrdiff.zarr
Rank 2: [43.] [datetime.datetime(2013, 4, 2, 18, 0)] [datetime.timedelta(days=1)] /p/project1/hclimrep/vozar2/PACE-Toolkit/pace/outputs/corrdiff.zarr
Rank 2: [44.] [datetime.datetime(2013, 4, 3, 0, 0)] [datetime.timedelta(days=1)] /p/project1/hclimrep/vozar2/PACE-Toolkit/pace/outputs/corrdiff.zarr
Rank 2: [45.] [datetime.datetime(2013, 4, 3, 6, 0)] [datetime.timedelta(days=1)] /p/project1/hclimrep/vozar2/PACE-Toolkit/pace/outputs/corrdiff.zarr
Rank 2: [46.] [datetime.datetime(2013, 4, 3, 12, 0)] [datetime.timedelta(days=1)] /p/project1/hclimrep/vozar2/PACE-Toolkit/pace/outputs/corrdiff.zarr
Rank 2: [47.] [datetime.datetime(2013, 4, 3, 18, 0)] [datetime.timedelta(days=1)] /p/project1/hclimrep/vozar2/PACE-Toolkit/pace/outputs/corrdiff.zarr
Rank 2: [48.] [datetime.datetime(2013, 3, 31, 18, 0)] [datetime.timedelta(seconds=21600)] /p/project1/hclimrep/vozar2/PACE-Toolkit/pace/outputs/corrdiff.zarr
Rank 2: [49.] [datetime.datetime(2013, 4, 1, 0, 0)] [datetime.timedelta(seconds=21600)] /p/project1/hclimrep/vozar2/PACE-Toolkit/pace/outputs/corrdiff.zarr
Rank 2: [50.] [datetime.datetime(2013, 4, 1, 6, 0)] [datetime.timedelta(seconds=21600)] /p/project1/hclimrep/vozar2/PACE-Toolkit/pace/outputs/corrdiff.zarr
Rank 2: [51.] [datetime.datetime(2013, 4, 1, 12, 0)] [datetime.timedelta(seconds=21600)] /p/project1/hclimrep/vozar2/PACE-Toolkit/pace/outputs/corrdiff.zarr
Rank 2: [52.] [datetime.datetime(2013, 4, 1, 18, 0)] [datetime.timedelta(seconds=21600)] /p/project1/hclimrep/vozar2/PACE-Toolkit/pace/outputs/corrdiff.zarr
Rank 4: [0.] [datetime.datetime(2013, 3, 31, 6, 0)] [datetime.timedelta(seconds=64800)] /p/project1/hclimrep/vozar2/PACE-Toolkit/pace/outputs/corrdiff.zarr
Rank 4: [1.] [datetime.datetime(2013, 3, 31, 12, 0)] [datetime.timedelta(seconds=64800)] /p/project1/hclimrep/vozar2/PACE-Toolkit/pace/outputs/corrdiff.zarr
Rank 4: [2.] [datetime.datetime(2013, 3, 31, 18, 0)] [datetime.timedelta(seconds=64800)] /p/project1/hclimrep/vozar2/PACE-Toolkit/pace/outputs/corrdiff.zarr
Rank 4: [3.] [datetime.datetime(2013, 4, 1, 0, 0)] [datetime.timedelta(seconds=64800)] /p/project1/hclimrep/vozar2/PACE-Toolkit/pace/outputs/corrdiff.zarr
Rank 4: [4.] [datetime.datetime(2013, 4, 1, 6, 0)] [datetime.timedelta(seconds=64800)] /p/project1/hclimrep/vozar2/PACE-Toolkit/pace/outputs/corrdiff.zarr
Rank 4: [5.] [datetime.datetime(2013, 4, 1, 12, 0)] [datetime.timedelta(seconds=64800)] /p/project1/hclimrep/vozar2/PACE-Toolkit/pace/outputs/corrdiff.zarr
Rank 4: [6.] [datetime.datetime(2013, 4, 1, 18, 0)] [datetime.timedelta(seconds=64800)] /p/project1/hclimrep/vozar2/PACE-Toolkit/pace/outputs/corrdiff.zarr
Rank 4: [7.] [datetime.datetime(2013, 4, 2, 0, 0)] [datetime.timedelta(seconds=64800)] /p/project1/hclimrep/vozar2/PACE-Toolkit/pace/outputs/corrdiff.zarr
Rank 4: [8.] [datetime.datetime(2013, 4, 2, 6, 0)] [datetime.timedelta(seconds=64800)] /p/project1/hclimrep/vozar2/PACE-Toolkit/pace/outputs/corrdiff.zarr
Rank 4: [9.] [datetime.datetime(2013, 4, 2, 12, 0)] [datetime.timedelta(seconds=64800)] /p/project1/hclimrep/vozar2/PACE-Toolkit/pace/outputs/corrdiff.zarr
Rank 4: [10.] [datetime.datetime(2013, 4, 2, 18, 0)] [datetime.timedelta(seconds=64800)] /p/project1/hclimrep/vozar2/PACE-Toolkit/pace/outputs/corrdiff.zarr
Rank 4: [11.] [datetime.datetime(2013, 4, 3, 0, 0)] [datetime.timedelta(seconds=64800)] /p/project1/hclimrep/vozar2/PACE-Toolkit/pace/outputs/corrdiff.zarr
Rank 4: [12.] [datetime.datetime(2013, 4, 3, 6, 0)] [datetime.timedelta(seconds=64800)] /p/project1/hclimrep/vozar2/PACE-Toolkit/pace/outputs/corrdiff.zarr
Rank 4: [13.] [datetime.datetime(2013, 4, 3, 12, 0)] [datetime.timedelta(seconds=64800)] /p/project1/hclimrep/vozar2/PACE-Toolkit/pace/outputs/corrdiff.zarr
Rank 4: [14.] [datetime.datetime(2013, 4, 3, 18, 0)] [datetime.timedelta(seconds=64800)] /p/project1/hclimrep/vozar2/PACE-Toolkit/pace/outputs/corrdiff.zarr
Rank 4: [15.] [datetime.datetime(2013, 4, 4, 0, 0)] [datetime.timedelta(seconds=64800)] /p/project1/hclimrep/vozar2/PACE-Toolkit/pace/outputs/corrdiff.zarr
Rank 4: [16.] [datetime.datetime(2013, 3, 31, 12, 0)] [datetime.timedelta(seconds=43200)] /p/project1/hclimrep/vozar2/PACE-Toolkit/pace/outputs/corrdiff.zarr
Rank 4: [17.] [datetime.datetime(2013, 3, 31, 18, 0)] [datetime.timedelta(seconds=43200)] /p/project1/hclimrep/vozar2/PACE-Toolkit/pace/outputs/corrdiff.zarr
Rank 4: [18.] [datetime.datetime(2013, 4, 1, 0, 0)] [datetime.timedelta(seconds=43200)] /p/project1/hclimrep/vozar2/PACE-Toolkit/pace/outputs/corrdiff.zarr
Rank 4: [19.] [datetime.datetime(2013, 4, 1, 6, 0)] [datetime.timedelta(seconds=43200)] /p/project1/hclimrep/vozar2/PACE-Toolkit/pace/outputs/corrdiff.zarr
Rank 4: [20.] [datetime.datetime(2013, 4, 1, 12, 0)] [datetime.timedelta(seconds=43200)] /p/project1/hclimrep/vozar2/PACE-Toolkit/pace/outputs/corrdiff.zarr
Rank 4: [21.] [datetime.datetime(2013, 4, 1, 18, 0)] [datetime.timedelta(seconds=43200)] /p/project1/hclimrep/vozar2/PACE-Toolkit/pace/outputs/corrdiff.zarr
Rank 4: [22.] [datetime.datetime(2013, 4, 2, 0, 0)] [datetime.timedelta(seconds=43200)] /p/project1/hclimrep/vozar2/PACE-Toolkit/pace/outputs/corrdiff.zarr
Rank 4: [23.] [datetime.datetime(2013, 4, 2, 6, 0)] [datetime.timedelta(seconds=43200)] /p/project1/hclimrep/vozar2/PACE-Toolkit/pace/outputs/corrdiff.zarr
Rank 4: [24.] [datetime.datetime(2013, 4, 2, 12, 0)] [datetime.timedelta(seconds=43200)] /p/project1/hclimrep/vozar2/PACE-Toolkit/pace/outputs/corrdiff.zarr
Rank 4: [25.] [datetime.datetime(2013, 4, 2, 18, 0)] [datetime.timedelta(seconds=43200)] /p/project1/hclimrep/vozar2/PACE-Toolkit/pace/outputs/corrdiff.zarr
Rank 4: [26.] [datetime.datetime(2013, 4, 3, 0, 0)] [datetime.timedelta(seconds=43200)] /p/project1/hclimrep/vozar2/PACE-Toolkit/pace/outputs/corrdiff.zarr
Rank 4: [27.] [datetime.datetime(2013, 4, 3, 6, 0)] [datetime.timedelta(seconds=43200)] /p/project1/hclimrep/vozar2/PACE-Toolkit/pace/outputs/corrdiff.zarr
Rank 4: [28.] [datetime.datetime(2013, 4, 3, 12, 0)] [datetime.timedelta(seconds=43200)] /p/project1/hclimrep/vozar2/PACE-Toolkit/pace/outputs/corrdiff.zarr
Rank 4: [29.] [datetime.datetime(2013, 4, 3, 18, 0)] [datetime.timedelta(seconds=43200)] /p/project1/hclimrep/vozar2/PACE-Toolkit/pace/outputs/corrdiff.zarr
Rank 4: [30.] [datetime.datetime(2013, 4, 4, 0, 0)] [datetime.timedelta(seconds=43200)] /p/project1/hclimrep/vozar2/PACE-Toolkit/pace/outputs/corrdiff.zarr
Rank 4: [31.] [datetime.datetime(2013, 4, 4, 6, 0)] [datetime.timedelta(seconds=43200)] /p/project1/hclimrep/vozar2/PACE-Toolkit/pace/outputs/corrdiff.zarr
Rank 4: [32.] [datetime.datetime(2013, 3, 31, 0, 0)] [datetime.timedelta(days=1)] /p/project1/hclimrep/vozar2/PACE-Toolkit/pace/outputs/corrdiff.zarr
Rank 4: [33.] [datetime.datetime(2013, 3, 31, 6, 0)] [datetime.timedelta(days=1)] /p/project1/hclimrep/vozar2/PACE-Toolkit/pace/outputs/corrdiff.zarr
Rank 4: [34.] [datetime.datetime(2013, 3, 31, 12, 0)] [datetime.timedelta(days=1)] /p/project1/hclimrep/vozar2/PACE-Toolkit/pace/outputs/corrdiff.zarr
Rank 4: [35.] [datetime.datetime(2013, 3, 31, 18, 0)] [datetime.timedelta(days=1)] /p/project1/hclimrep/vozar2/PACE-Toolkit/pace/outputs/corrdiff.zarr
Rank 4: [36.] [datetime.datetime(2013, 4, 1, 0, 0)] [datetime.timedelta(days=1)] /p/project1/hclimrep/vozar2/PACE-Toolkit/pace/outputs/corrdiff.zarr
Rank 4: [37.] [datetime.datetime(2013, 4, 1, 6, 0)] [datetime.timedelta(days=1)] /p/project1/hclimrep/vozar2/PACE-Toolkit/pace/outputs/corrdiff.zarr
Rank 4: [38.] [datetime.datetime(2013, 4, 1, 12, 0)] [datetime.timedelta(days=1)] /p/project1/hclimrep/vozar2/PACE-Toolkit/pace/outputs/corrdiff.zarr
Rank 4: [39.] [datetime.datetime(2013, 4, 1, 18, 0)] [datetime.timedelta(days=1)] /p/project1/hclimrep/vozar2/PACE-Toolkit/pace/outputs/corrdiff.zarr
Rank 4: [40.] [datetime.datetime(2013, 4, 2, 0, 0)] [datetime.timedelta(days=1)] /p/project1/hclimrep/vozar2/PACE-Toolkit/pace/outputs/corrdiff.zarr
Rank 4: [41.] [datetime.datetime(2013, 4, 2, 6, 0)] [datetime.timedelta(days=1)] /p/project1/hclimrep/vozar2/PACE-Toolkit/pace/outputs/corrdiff.zarr
Rank 4: [42.] [datetime.datetime(2013, 4, 2, 12, 0)] [datetime.timedelta(days=1)] /p/project1/hclimrep/vozar2/PACE-Toolkit/pace/outputs/corrdiff.zarr
Rank 4: [43.] [datetime.datetime(2013, 4, 2, 18, 0)] [datetime.timedelta(days=1)] /p/project1/hclimrep/vozar2/PACE-Toolkit/pace/outputs/corrdiff.zarr
Rank 4: [44.] [datetime.datetime(2013, 4, 3, 0, 0)] [datetime.timedelta(days=1)] /p/project1/hclimrep/vozar2/PACE-Toolkit/pace/outputs/corrdiff.zarr
Rank 4: [45.] [datetime.datetime(2013, 4, 3, 6, 0)] [datetime.timedelta(days=1)] /p/project1/hclimrep/vozar2/PACE-Toolkit/pace/outputs/corrdiff.zarr
Rank 4: [46.] [datetime.datetime(2013, 4, 3, 12, 0)] [datetime.timedelta(days=1)] /p/project1/hclimrep/vozar2/PACE-Toolkit/pace/outputs/corrdiff.zarr
Rank 4: [47.] [datetime.datetime(2013, 4, 3, 18, 0)] [datetime.timedelta(days=1)] /p/project1/hclimrep/vozar2/PACE-Toolkit/pace/outputs/corrdiff.zarr
Rank 4: [48.] [datetime.datetime(2013, 3, 31, 18, 0)] [datetime.timedelta(seconds=21600)] /p/project1/hclimrep/vozar2/PACE-Toolkit/pace/outputs/corrdiff.zarr
Rank 4: [49.] [datetime.datetime(2013, 4, 1, 0, 0)] [datetime.timedelta(seconds=21600)] /p/project1/hclimrep/vozar2/PACE-Toolkit/pace/outputs/corrdiff.zarr
Rank 4: [50.] [datetime.datetime(2013, 4, 1, 6, 0)] [datetime.timedelta(seconds=21600)] /p/project1/hclimrep/vozar2/PACE-Toolkit/pace/outputs/corrdiff.zarr
Rank 4: [51.] [datetime.datetime(2013, 4, 1, 12, 0)] [datetime.timedelta(seconds=21600)] /p/project1/hclimrep/vozar2/PACE-Toolkit/pace/outputs/corrdiff.zarr
Rank 4: [52.] [datetime.datetime(2013, 4, 1, 18, 0)] [datetime.timedelta(seconds=21600)] /p/project1/hclimrep/vozar2/PACE-Toolkit/pace/outputs/corrdiff.zarr
Rank 0: [0.] [datetime.datetime(2013, 3, 31, 6, 0)] [datetime.timedelta(seconds=64800)] /p/project1/hclimrep/vozar2/PACE-Toolkit/pace/outputs/corrdiff.zarr
Rank 0: [1.] [datetime.datetime(2013, 3, 31, 12, 0)] [datetime.timedelta(seconds=64800)] /p/project1/hclimrep/vozar2/PACE-Toolkit/pace/outputs/corrdiff.zarr
Rank 0: [2.] [datetime.datetime(2013, 3, 31, 18, 0)] [datetime.timedelta(seconds=64800)] /p/project1/hclimrep/vozar2/PACE-Toolkit/pace/outputs/corrdiff.zarr
Rank 0: [3.] [datetime.datetime(2013, 4, 1, 0, 0)] [datetime.timedelta(seconds=64800)] /p/project1/hclimrep/vozar2/PACE-Toolkit/pace/outputs/corrdiff.zarr
Rank 0: [4.] [datetime.datetime(2013, 4, 1, 6, 0)] [datetime.timedelta(seconds=64800)] /p/project1/hclimrep/vozar2/PACE-Toolkit/pace/outputs/corrdiff.zarr
Rank 0: [5.] [datetime.datetime(2013, 4, 1, 12, 0)] [datetime.timedelta(seconds=64800)] /p/project1/hclimrep/vozar2/PACE-Toolkit/pace/outputs/corrdiff.zarr
Rank 0: [6.] [datetime.datetime(2013, 4, 1, 18, 0)] [datetime.timedelta(seconds=64800)] /p/project1/hclimrep/vozar2/PACE-Toolkit/pace/outputs/corrdiff.zarr
Rank 0: [7.] [datetime.datetime(2013, 4, 2, 0, 0)] [datetime.timedelta(seconds=64800)] /p/project1/hclimrep/vozar2/PACE-Toolkit/pace/outputs/corrdiff.zarr
Rank 0: [8.] [datetime.datetime(2013, 4, 2, 6, 0)] [datetime.timedelta(seconds=64800)] /p/project1/hclimrep/vozar2/PACE-Toolkit/pace/outputs/corrdiff.zarr
Rank 0: [9.] [datetime.datetime(2013, 4, 2, 12, 0)] [datetime.timedelta(seconds=64800)] /p/project1/hclimrep/vozar2/PACE-Toolkit/pace/outputs/corrdiff.zarr
Rank 0: [10.] [datetime.datetime(2013, 4, 2, 18, 0)] [datetime.timedelta(seconds=64800)] /p/project1/hclimrep/vozar2/PACE-Toolkit/pace/outputs/corrdiff.zarr
Rank 0: [11.] [datetime.datetime(2013, 4, 3, 0, 0)] [datetime.timedelta(seconds=64800)] /p/project1/hclimrep/vozar2/PACE-Toolkit/pace/outputs/corrdiff.zarr
Rank 0: [12.] [datetime.datetime(2013, 4, 3, 6, 0)] [datetime.timedelta(seconds=64800)] /p/project1/hclimrep/vozar2/PACE-Toolkit/pace/outputs/corrdiff.zarr
Rank 0: [13.] [datetime.datetime(2013, 4, 3, 12, 0)] [datetime.timedelta(seconds=64800)] /p/project1/hclimrep/vozar2/PACE-Toolkit/pace/outputs/corrdiff.zarr
Rank 0: [14.] [datetime.datetime(2013, 4, 3, 18, 0)] [datetime.timedelta(seconds=64800)] /p/project1/hclimrep/vozar2/PACE-Toolkit/pace/outputs/corrdiff.zarr
Rank 0: [15.] [datetime.datetime(2013, 4, 4, 0, 0)] [datetime.timedelta(seconds=64800)] /p/project1/hclimrep/vozar2/PACE-Toolkit/pace/outputs/corrdiff.zarr
Rank 0: [16.] [datetime.datetime(2013, 3, 31, 12, 0)] [datetime.timedelta(seconds=43200)] /p/project1/hclimrep/vozar2/PACE-Toolkit/pace/outputs/corrdiff.zarr
Rank 0: [17.] [datetime.datetime(2013, 3, 31, 18, 0)] [datetime.timedelta(seconds=43200)] /p/project1/hclimrep/vozar2/PACE-Toolkit/pace/outputs/corrdiff.zarr
Rank 0: [18.] [datetime.datetime(2013, 4, 1, 0, 0)] [datetime.timedelta(seconds=43200)] /p/project1/hclimrep/vozar2/PACE-Toolkit/pace/outputs/corrdiff.zarr
Rank 0: [19.] [datetime.datetime(2013, 4, 1, 6, 0)] [datetime.timedelta(seconds=43200)] /p/project1/hclimrep/vozar2/PACE-Toolkit/pace/outputs/corrdiff.zarr
Rank 0: [20.] [datetime.datetime(2013, 4, 1, 12, 0)] [datetime.timedelta(seconds=43200)] /p/project1/hclimrep/vozar2/PACE-Toolkit/pace/outputs/corrdiff.zarr
Rank 0: [21.] [datetime.datetime(2013, 4, 1, 18, 0)] [datetime.timedelta(seconds=43200)] /p/project1/hclimrep/vozar2/PACE-Toolkit/pace/outputs/corrdiff.zarr
Rank 0: [22.] [datetime.datetime(2013, 4, 2, 0, 0)] [datetime.timedelta(seconds=43200)] /p/project1/hclimrep/vozar2/PACE-Toolkit/pace/outputs/corrdiff.zarr
Rank 0: [23.] [datetime.datetime(2013, 4, 2, 6, 0)] [datetime.timedelta(seconds=43200)] /p/project1/hclimrep/vozar2/PACE-Toolkit/pace/outputs/corrdiff.zarr
Rank 0: [24.] [datetime.datetime(2013, 4, 2, 12, 0)] [datetime.timedelta(seconds=43200)] /p/project1/hclimrep/vozar2/PACE-Toolkit/pace/outputs/corrdiff.zarr
Rank 0: [25.] [datetime.datetime(2013, 4, 2, 18, 0)] [datetime.timedelta(seconds=43200)] /p/project1/hclimrep/vozar2/PACE-Toolkit/pace/outputs/corrdiff.zarr
Rank 0: [26.] [datetime.datetime(2013, 4, 3, 0, 0)] [datetime.timedelta(seconds=43200)] /p/project1/hclimrep/vozar2/PACE-Toolkit/pace/outputs/corrdiff.zarr
Rank 0: [27.] [datetime.datetime(2013, 4, 3, 6, 0)] [datetime.timedelta(seconds=43200)] /p/project1/hclimrep/vozar2/PACE-Toolkit/pace/outputs/corrdiff.zarr
Rank 0: [28.] [datetime.datetime(2013, 4, 3, 12, 0)] [datetime.timedelta(seconds=43200)] /p/project1/hclimrep/vozar2/PACE-Toolkit/pace/outputs/corrdiff.zarr
Rank 0: [29.] [datetime.datetime(2013, 4, 3, 18, 0)] [datetime.timedelta(seconds=43200)] /p/project1/hclimrep/vozar2/PACE-Toolkit/pace/outputs/corrdiff.zarr
Rank 0: [30.] [datetime.datetime(2013, 4, 4, 0, 0)] [datetime.timedelta(seconds=43200)] /p/project1/hclimrep/vozar2/PACE-Toolkit/pace/outputs/corrdiff.zarr
Rank 0: [31.] [datetime.datetime(2013, 4, 4, 6, 0)] [datetime.timedelta(seconds=43200)] /p/project1/hclimrep/vozar2/PACE-Toolkit/pace/outputs/corrdiff.zarr
Rank 0: [32.] [datetime.datetime(2013, 3, 31, 0, 0)] [datetime.timedelta(days=1)] /p/project1/hclimrep/vozar2/PACE-Toolkit/pace/outputs/corrdiff.zarr
Rank 0: [33.] [datetime.datetime(2013, 3, 31, 6, 0)] [datetime.timedelta(days=1)] /p/project1/hclimrep/vozar2/PACE-Toolkit/pace/outputs/corrdiff.zarr
Rank 0: [34.] [datetime.datetime(2013, 3, 31, 12, 0)] [datetime.timedelta(days=1)] /p/project1/hclimrep/vozar2/PACE-Toolkit/pace/outputs/corrdiff.zarr
Rank 0: [35.] [datetime.datetime(2013, 3, 31, 18, 0)] [datetime.timedelta(days=1)] /p/project1/hclimrep/vozar2/PACE-Toolkit/pace/outputs/corrdiff.zarr
Rank 0: [36.] [datetime.datetime(2013, 4, 1, 0, 0)] [datetime.timedelta(days=1)] /p/project1/hclimrep/vozar2/PACE-Toolkit/pace/outputs/corrdiff.zarr
Rank 0: [37.] [datetime.datetime(2013, 4, 1, 6, 0)] [datetime.timedelta(days=1)] /p/project1/hclimrep/vozar2/PACE-Toolkit/pace/outputs/corrdiff.zarr
Rank 0: [38.] [datetime.datetime(2013, 4, 1, 12, 0)] [datetime.timedelta(days=1)] /p/project1/hclimrep/vozar2/PACE-Toolkit/pace/outputs/corrdiff.zarr
Rank 0: [39.] [datetime.datetime(2013, 4, 1, 18, 0)] [datetime.timedelta(days=1)] /p/project1/hclimrep/vozar2/PACE-Toolkit/pace/outputs/corrdiff.zarr
Rank 0: [40.] [datetime.datetime(2013, 4, 2, 0, 0)] [datetime.timedelta(days=1)] /p/project1/hclimrep/vozar2/PACE-Toolkit/pace/outputs/corrdiff.zarr
Rank 0: [41.] [datetime.datetime(2013, 4, 2, 6, 0)] [datetime.timedelta(days=1)] /p/project1/hclimrep/vozar2/PACE-Toolkit/pace/outputs/corrdiff.zarr
Rank 0: [42.] [datetime.datetime(2013, 4, 2, 12, 0)] [datetime.timedelta(days=1)] /p/project1/hclimrep/vozar2/PACE-Toolkit/pace/outputs/corrdiff.zarr
Rank 0: [43.] [datetime.datetime(2013, 4, 2, 18, 0)] [datetime.timedelta(days=1)] /p/project1/hclimrep/vozar2/PACE-Toolkit/pace/outputs/corrdiff.zarr
Rank 0: [44.] [datetime.datetime(2013, 4, 3, 0, 0)] [datetime.timedelta(days=1)] /p/project1/hclimrep/vozar2/PACE-Toolkit/pace/outputs/corrdiff.zarr
Rank 0: [45.] [datetime.datetime(2013, 4, 3, 6, 0)] [datetime.timedelta(days=1)] /p/project1/hclimrep/vozar2/PACE-Toolkit/pace/outputs/corrdiff.zarr
Rank 0: [46.] [datetime.datetime(2013, 4, 3, 12, 0)] [datetime.timedelta(days=1)] /p/project1/hclimrep/vozar2/PACE-Toolkit/pace/outputs/corrdiff.zarr
Rank 0: [47.] [datetime.datetime(2013, 4, 3, 18, 0)] [datetime.timedelta(days=1)] /p/project1/hclimrep/vozar2/PACE-Toolkit/pace/outputs/corrdiff.zarr
Rank 0: [48.] [datetime.datetime(2013, 3, 31, 18, 0)] [datetime.timedelta(seconds=21600)] /p/project1/hclimrep/vozar2/PACE-Toolkit/pace/outputs/corrdiff.zarr
Rank 0: [49.] [datetime.datetime(2013, 4, 1, 0, 0)] [datetime.timedelta(seconds=21600)] /p/project1/hclimrep/vozar2/PACE-Toolkit/pace/outputs/corrdiff.zarr
Rank 0: [50.] [datetime.datetime(2013, 4, 1, 6, 0)] [datetime.timedelta(seconds=21600)] /p/project1/hclimrep/vozar2/PACE-Toolkit/pace/outputs/corrdiff.zarr
Rank 0: [51.] [datetime.datetime(2013, 4, 1, 12, 0)] [datetime.timedelta(seconds=21600)] /p/project1/hclimrep/vozar2/PACE-Toolkit/pace/outputs/corrdiff.zarr
Rank 0: [52.] [datetime.datetime(2013, 4, 1, 18, 0)] [datetime.timedelta(seconds=21600)] /p/project1/hclimrep/vozar2/PACE-Toolkit/pace/outputs/corrdiff.zarr
Rank 7: [0.] [datetime.datetime(2013, 3, 31, 6, 0)] [datetime.timedelta(seconds=64800)] /p/project1/hclimrep/vozar2/PACE-Toolkit/pace/outputs/corrdiff.zarr
Rank 7: [1.] [datetime.datetime(2013, 3, 31, 12, 0)] [datetime.timedelta(seconds=64800)] /p/project1/hclimrep/vozar2/PACE-Toolkit/pace/outputs/corrdiff.zarr
Rank 7: [2.] [datetime.datetime(2013, 3, 31, 18, 0)] [datetime.timedelta(seconds=64800)] /p/project1/hclimrep/vozar2/PACE-Toolkit/pace/outputs/corrdiff.zarr
Rank 7: [3.] [datetime.datetime(2013, 4, 1, 0, 0)] [datetime.timedelta(seconds=64800)] /p/project1/hclimrep/vozar2/PACE-Toolkit/pace/outputs/corrdiff.zarr
Rank 7: [4.] [datetime.datetime(2013, 4, 1, 6, 0)] [datetime.timedelta(seconds=64800)] /p/project1/hclimrep/vozar2/PACE-Toolkit/pace/outputs/corrdiff.zarr
Rank 7: [5.] [datetime.datetime(2013, 4, 1, 12, 0)] [datetime.timedelta(seconds=64800)] /p/project1/hclimrep/vozar2/PACE-Toolkit/pace/outputs/corrdiff.zarr
Rank 7: [6.] [datetime.datetime(2013, 4, 1, 18, 0)] [datetime.timedelta(seconds=64800)] /p/project1/hclimrep/vozar2/PACE-Toolkit/pace/outputs/corrdiff.zarr
Rank 7: [7.] [datetime.datetime(2013, 4, 2, 0, 0)] [datetime.timedelta(seconds=64800)] /p/project1/hclimrep/vozar2/PACE-Toolkit/pace/outputs/corrdiff.zarr
Rank 7: [8.] [datetime.datetime(2013, 4, 2, 6, 0)] [datetime.timedelta(seconds=64800)] /p/project1/hclimrep/vozar2/PACE-Toolkit/pace/outputs/corrdiff.zarr
Rank 7: [9.] [datetime.datetime(2013, 4, 2, 12, 0)] [datetime.timedelta(seconds=64800)] /p/project1/hclimrep/vozar2/PACE-Toolkit/pace/outputs/corrdiff.zarr
Rank 7: [10.] [datetime.datetime(2013, 4, 2, 18, 0)] [datetime.timedelta(seconds=64800)] /p/project1/hclimrep/vozar2/PACE-Toolkit/pace/outputs/corrdiff.zarr
Rank 7: [11.] [datetime.datetime(2013, 4, 3, 0, 0)] [datetime.timedelta(seconds=64800)] /p/project1/hclimrep/vozar2/PACE-Toolkit/pace/outputs/corrdiff.zarr
Rank 7: [12.] [datetime.datetime(2013, 4, 3, 6, 0)] [datetime.timedelta(seconds=64800)] /p/project1/hclimrep/vozar2/PACE-Toolkit/pace/outputs/corrdiff.zarr
Rank 7: [13.] [datetime.datetime(2013, 4, 3, 12, 0)] [datetime.timedelta(seconds=64800)] /p/project1/hclimrep/vozar2/PACE-Toolkit/pace/outputs/corrdiff.zarr
Rank 7: [14.] [datetime.datetime(2013, 4, 3, 18, 0)] [datetime.timedelta(seconds=64800)] /p/project1/hclimrep/vozar2/PACE-Toolkit/pace/outputs/corrdiff.zarr
Rank 7: [15.] [datetime.datetime(2013, 4, 4, 0, 0)] [datetime.timedelta(seconds=64800)] /p/project1/hclimrep/vozar2/PACE-Toolkit/pace/outputs/corrdiff.zarr
Rank 7: [16.] [datetime.datetime(2013, 3, 31, 12, 0)] [datetime.timedelta(seconds=43200)] /p/project1/hclimrep/vozar2/PACE-Toolkit/pace/outputs/corrdiff.zarr
Rank 7: [17.] [datetime.datetime(2013, 3, 31, 18, 0)] [datetime.timedelta(seconds=43200)] /p/project1/hclimrep/vozar2/PACE-Toolkit/pace/outputs/corrdiff.zarr
Rank 7: [18.] [datetime.datetime(2013, 4, 1, 0, 0)] [datetime.timedelta(seconds=43200)] /p/project1/hclimrep/vozar2/PACE-Toolkit/pace/outputs/corrdiff.zarr
Rank 7: [19.] [datetime.datetime(2013, 4, 1, 6, 0)] [datetime.timedelta(seconds=43200)] /p/project1/hclimrep/vozar2/PACE-Toolkit/pace/outputs/corrdiff.zarr
Rank 7: [20.] [datetime.datetime(2013, 4, 1, 12, 0)] [datetime.timedelta(seconds=43200)] /p/project1/hclimrep/vozar2/PACE-Toolkit/pace/outputs/corrdiff.zarr
Rank 7: [21.] [datetime.datetime(2013, 4, 1, 18, 0)] [datetime.timedelta(seconds=43200)] /p/project1/hclimrep/vozar2/PACE-Toolkit/pace/outputs/corrdiff.zarr
Rank 7: [22.] [datetime.datetime(2013, 4, 2, 0, 0)] [datetime.timedelta(seconds=43200)] /p/project1/hclimrep/vozar2/PACE-Toolkit/pace/outputs/corrdiff.zarr
Rank 7: [23.] [datetime.datetime(2013, 4, 2, 6, 0)] [datetime.timedelta(seconds=43200)] /p/project1/hclimrep/vozar2/PACE-Toolkit/pace/outputs/corrdiff.zarr
Rank 7: [24.] [datetime.datetime(2013, 4, 2, 12, 0)] [datetime.timedelta(seconds=43200)] /p/project1/hclimrep/vozar2/PACE-Toolkit/pace/outputs/corrdiff.zarr
Rank 7: [25.] [datetime.datetime(2013, 4, 2, 18, 0)] [datetime.timedelta(seconds=43200)] /p/project1/hclimrep/vozar2/PACE-Toolkit/pace/outputs/corrdiff.zarr
Rank 7: [26.] [datetime.datetime(2013, 4, 3, 0, 0)] [datetime.timedelta(seconds=43200)] /p/project1/hclimrep/vozar2/PACE-Toolkit/pace/outputs/corrdiff.zarr
Rank 7: [27.] [datetime.datetime(2013, 4, 3, 6, 0)] [datetime.timedelta(seconds=43200)] /p/project1/hclimrep/vozar2/PACE-Toolkit/pace/outputs/corrdiff.zarr
Rank 7: [28.] [datetime.datetime(2013, 4, 3, 12, 0)] [datetime.timedelta(seconds=43200)] /p/project1/hclimrep/vozar2/PACE-Toolkit/pace/outputs/corrdiff.zarr
Rank 7: [29.] [datetime.datetime(2013, 4, 3, 18, 0)] [datetime.timedelta(seconds=43200)] /p/project1/hclimrep/vozar2/PACE-Toolkit/pace/outputs/corrdiff.zarr
Rank 7: [30.] [datetime.datetime(2013, 4, 4, 0, 0)] [datetime.timedelta(seconds=43200)] /p/project1/hclimrep/vozar2/PACE-Toolkit/pace/outputs/corrdiff.zarr
Rank 7: [31.] [datetime.datetime(2013, 4, 4, 6, 0)] [datetime.timedelta(seconds=43200)] /p/project1/hclimrep/vozar2/PACE-Toolkit/pace/outputs/corrdiff.zarr
Rank 7: [32.] [datetime.datetime(2013, 3, 31, 0, 0)] [datetime.timedelta(days=1)] /p/project1/hclimrep/vozar2/PACE-Toolkit/pace/outputs/corrdiff.zarr
Rank 7: [33.] [datetime.datetime(2013, 3, 31, 6, 0)] [datetime.timedelta(days=1)] /p/project1/hclimrep/vozar2/PACE-Toolkit/pace/outputs/corrdiff.zarr
Rank 7: [34.] [datetime.datetime(2013, 3, 31, 12, 0)] [datetime.timedelta(days=1)] /p/project1/hclimrep/vozar2/PACE-Toolkit/pace/outputs/corrdiff.zarr
Rank 7: [35.] [datetime.datetime(2013, 3, 31, 18, 0)] [datetime.timedelta(days=1)] /p/project1/hclimrep/vozar2/PACE-Toolkit/pace/outputs/corrdiff.zarr
Rank 7: [36.] [datetime.datetime(2013, 4, 1, 0, 0)] [datetime.timedelta(days=1)] /p/project1/hclimrep/vozar2/PACE-Toolkit/pace/outputs/corrdiff.zarr
Rank 7: [37.] [datetime.datetime(2013, 4, 1, 6, 0)] [datetime.timedelta(days=1)] /p/project1/hclimrep/vozar2/PACE-Toolkit/pace/outputs/corrdiff.zarr
Rank 7: [38.] [datetime.datetime(2013, 4, 1, 12, 0)] [datetime.timedelta(days=1)] /p/project1/hclimrep/vozar2/PACE-Toolkit/pace/outputs/corrdiff.zarr
Rank 7: [39.] [datetime.datetime(2013, 4, 1, 18, 0)] [datetime.timedelta(days=1)] /p/project1/hclimrep/vozar2/PACE-Toolkit/pace/outputs/corrdiff.zarr
Rank 7: [40.] [datetime.datetime(2013, 4, 2, 0, 0)] [datetime.timedelta(days=1)] /p/project1/hclimrep/vozar2/PACE-Toolkit/pace/outputs/corrdiff.zarr
Rank 7: [41.] [datetime.datetime(2013, 4, 2, 6, 0)] [datetime.timedelta(days=1)] /p/project1/hclimrep/vozar2/PACE-Toolkit/pace/outputs/corrdiff.zarr
Rank 7: [42.] [datetime.datetime(2013, 4, 2, 12, 0)] [datetime.timedelta(days=1)] /p/project1/hclimrep/vozar2/PACE-Toolkit/pace/outputs/corrdiff.zarr
Rank 7: [43.] [datetime.datetime(2013, 4, 2, 18, 0)] [datetime.timedelta(days=1)] /p/project1/hclimrep/vozar2/PACE-Toolkit/pace/outputs/corrdiff.zarr
Rank 7: [44.] [datetime.datetime(2013, 4, 3, 0, 0)] [datetime.timedelta(days=1)] /p/project1/hclimrep/vozar2/PACE-Toolkit/pace/outputs/corrdiff.zarr
Rank 7: [45.] [datetime.datetime(2013, 4, 3, 6, 0)] [datetime.timedelta(days=1)] /p/project1/hclimrep/vozar2/PACE-Toolkit/pace/outputs/corrdiff.zarr
Rank 7: [46.] [datetime.datetime(2013, 4, 3, 12, 0)] [datetime.timedelta(days=1)] /p/project1/hclimrep/vozar2/PACE-Toolkit/pace/outputs/corrdiff.zarr
Rank 7: [47.] [datetime.datetime(2013, 4, 3, 18, 0)] [datetime.timedelta(days=1)] /p/project1/hclimrep/vozar2/PACE-Toolkit/pace/outputs/corrdiff.zarr
Rank 7: [48.] [datetime.datetime(2013, 3, 31, 18, 0)] [datetime.timedelta(seconds=21600)] /p/project1/hclimrep/vozar2/PACE-Toolkit/pace/outputs/corrdiff.zarr
Rank 7: [49.] [datetime.datetime(2013, 4, 1, 0, 0)] [datetime.timedelta(seconds=21600)] /p/project1/hclimrep/vozar2/PACE-Toolkit/pace/outputs/corrdiff.zarr
Rank 7: [50.] [datetime.datetime(2013, 4, 1, 6, 0)] [datetime.timedelta(seconds=21600)] /p/project1/hclimrep/vozar2/PACE-Toolkit/pace/outputs/corrdiff.zarr
Rank 7: [51.] [datetime.datetime(2013, 4, 1, 12, 0)] [datetime.timedelta(seconds=21600)] /p/project1/hclimrep/vozar2/PACE-Toolkit/pace/outputs/corrdiff.zarr
Rank 7: [52.] [datetime.datetime(2013, 4, 1, 18, 0)] [datetime.timedelta(seconds=21600)] /p/project1/hclimrep/vozar2/PACE-Toolkit/pace/outputs/corrdiff.zarr
Rank 6: [0.] [datetime.datetime(2013, 3, 31, 6, 0)] [datetime.timedelta(seconds=64800)] /p/project1/hclimrep/vozar2/PACE-Toolkit/pace/outputs/corrdiff.zarr
Rank 6: [1.] [datetime.datetime(2013, 3, 31, 12, 0)] [datetime.timedelta(seconds=64800)] /p/project1/hclimrep/vozar2/PACE-Toolkit/pace/outputs/corrdiff.zarr
Rank 6: [2.] [datetime.datetime(2013, 3, 31, 18, 0)] [datetime.timedelta(seconds=64800)] /p/project1/hclimrep/vozar2/PACE-Toolkit/pace/outputs/corrdiff.zarr
Rank 6: [3.] [datetime.datetime(2013, 4, 1, 0, 0)] [datetime.timedelta(seconds=64800)] /p/project1/hclimrep/vozar2/PACE-Toolkit/pace/outputs/corrdiff.zarr
Rank 6: [4.] [datetime.datetime(2013, 4, 1, 6, 0)] [datetime.timedelta(seconds=64800)] /p/project1/hclimrep/vozar2/PACE-Toolkit/pace/outputs/corrdiff.zarr
Rank 6: [5.] [datetime.datetime(2013, 4, 1, 12, 0)] [datetime.timedelta(seconds=64800)] /p/project1/hclimrep/vozar2/PACE-Toolkit/pace/outputs/corrdiff.zarr
Rank 6: [6.] [datetime.datetime(2013, 4, 1, 18, 0)] [datetime.timedelta(seconds=64800)] /p/project1/hclimrep/vozar2/PACE-Toolkit/pace/outputs/corrdiff.zarr
Rank 6: [7.] [datetime.datetime(2013, 4, 2, 0, 0)] [datetime.timedelta(seconds=64800)] /p/project1/hclimrep/vozar2/PACE-Toolkit/pace/outputs/corrdiff.zarr
Rank 6: [8.] [datetime.datetime(2013, 4, 2, 6, 0)] [datetime.timedelta(seconds=64800)] /p/project1/hclimrep/vozar2/PACE-Toolkit/pace/outputs/corrdiff.zarr
Rank 6: [9.] [datetime.datetime(2013, 4, 2, 12, 0)] [datetime.timedelta(seconds=64800)] /p/project1/hclimrep/vozar2/PACE-Toolkit/pace/outputs/corrdiff.zarr
Rank 6: [10.] [datetime.datetime(2013, 4, 2, 18, 0)] [datetime.timedelta(seconds=64800)] /p/project1/hclimrep/vozar2/PACE-Toolkit/pace/outputs/corrdiff.zarr
Rank 6: [11.] [datetime.datetime(2013, 4, 3, 0, 0)] [datetime.timedelta(seconds=64800)] /p/project1/hclimrep/vozar2/PACE-Toolkit/pace/outputs/corrdiff.zarr
Rank 6: [12.] [datetime.datetime(2013, 4, 3, 6, 0)] [datetime.timedelta(seconds=64800)] /p/project1/hclimrep/vozar2/PACE-Toolkit/pace/outputs/corrdiff.zarr
Rank 6: [13.] [datetime.datetime(2013, 4, 3, 12, 0)] [datetime.timedelta(seconds=64800)] /p/project1/hclimrep/vozar2/PACE-Toolkit/pace/outputs/corrdiff.zarr
Rank 6: [14.] [datetime.datetime(2013, 4, 3, 18, 0)] [datetime.timedelta(seconds=64800)] /p/project1/hclimrep/vozar2/PACE-Toolkit/pace/outputs/corrdiff.zarr
Rank 6: [15.] [datetime.datetime(2013, 4, 4, 0, 0)] [datetime.timedelta(seconds=64800)] /p/project1/hclimrep/vozar2/PACE-Toolkit/pace/outputs/corrdiff.zarr
Rank 6: [16.] [datetime.datetime(2013, 3, 31, 12, 0)] [datetime.timedelta(seconds=43200)] /p/project1/hclimrep/vozar2/PACE-Toolkit/pace/outputs/corrdiff.zarr
Rank 6: [17.] [datetime.datetime(2013, 3, 31, 18, 0)] [datetime.timedelta(seconds=43200)] /p/project1/hclimrep/vozar2/PACE-Toolkit/pace/outputs/corrdiff.zarr
Rank 6: [18.] [datetime.datetime(2013, 4, 1, 0, 0)] [datetime.timedelta(seconds=43200)] /p/project1/hclimrep/vozar2/PACE-Toolkit/pace/outputs/corrdiff.zarr
Rank 6: [19.] [datetime.datetime(2013, 4, 1, 6, 0)] [datetime.timedelta(seconds=43200)] /p/project1/hclimrep/vozar2/PACE-Toolkit/pace/outputs/corrdiff.zarr
Rank 6: [20.] [datetime.datetime(2013, 4, 1, 12, 0)] [datetime.timedelta(seconds=43200)] /p/project1/hclimrep/vozar2/PACE-Toolkit/pace/outputs/corrdiff.zarr
Rank 6: [21.] [datetime.datetime(2013, 4, 1, 18, 0)] [datetime.timedelta(seconds=43200)] /p/project1/hclimrep/vozar2/PACE-Toolkit/pace/outputs/corrdiff.zarr
Rank 6: [22.] [datetime.datetime(2013, 4, 2, 0, 0)] [datetime.timedelta(seconds=43200)] /p/project1/hclimrep/vozar2/PACE-Toolkit/pace/outputs/corrdiff.zarr
Rank 6: [23.] [datetime.datetime(2013, 4, 2, 6, 0)] [datetime.timedelta(seconds=43200)] /p/project1/hclimrep/vozar2/PACE-Toolkit/pace/outputs/corrdiff.zarr
Rank 6: [24.] [datetime.datetime(2013, 4, 2, 12, 0)] [datetime.timedelta(seconds=43200)] /p/project1/hclimrep/vozar2/PACE-Toolkit/pace/outputs/corrdiff.zarr
Rank 6: [25.] [datetime.datetime(2013, 4, 2, 18, 0)] [datetime.timedelta(seconds=43200)] /p/project1/hclimrep/vozar2/PACE-Toolkit/pace/outputs/corrdiff.zarr
Rank 6: [26.] [datetime.datetime(2013, 4, 3, 0, 0)] [datetime.timedelta(seconds=43200)] /p/project1/hclimrep/vozar2/PACE-Toolkit/pace/outputs/corrdiff.zarr
Rank 6: [27.] [datetime.datetime(2013, 4, 3, 6, 0)] [datetime.timedelta(seconds=43200)] /p/project1/hclimrep/vozar2/PACE-Toolkit/pace/outputs/corrdiff.zarr
Rank 6: [28.] [datetime.datetime(2013, 4, 3, 12, 0)] [datetime.timedelta(seconds=43200)] /p/project1/hclimrep/vozar2/PACE-Toolkit/pace/outputs/corrdiff.zarr
Rank 6: [29.] [datetime.datetime(2013, 4, 3, 18, 0)] [datetime.timedelta(seconds=43200)] /p/project1/hclimrep/vozar2/PACE-Toolkit/pace/outputs/corrdiff.zarr
Rank 6: [30.] [datetime.datetime(2013, 4, 4, 0, 0)] [datetime.timedelta(seconds=43200)] /p/project1/hclimrep/vozar2/PACE-Toolkit/pace/outputs/corrdiff.zarr
Rank 6: [31.] [datetime.datetime(2013, 4, 4, 6, 0)] [datetime.timedelta(seconds=43200)] /p/project1/hclimrep/vozar2/PACE-Toolkit/pace/outputs/corrdiff.zarr
Rank 6: [32.] [datetime.datetime(2013, 3, 31, 0, 0)] [datetime.timedelta(days=1)] /p/project1/hclimrep/vozar2/PACE-Toolkit/pace/outputs/corrdiff.zarr
Rank 6: [33.] [datetime.datetime(2013, 3, 31, 6, 0)] [datetime.timedelta(days=1)] /p/project1/hclimrep/vozar2/PACE-Toolkit/pace/outputs/corrdiff.zarr
Rank 6: [34.] [datetime.datetime(2013, 3, 31, 12, 0)] [datetime.timedelta(days=1)] /p/project1/hclimrep/vozar2/PACE-Toolkit/pace/outputs/corrdiff.zarr
Rank 6: [35.] [datetime.datetime(2013, 3, 31, 18, 0)] [datetime.timedelta(days=1)] /p/project1/hclimrep/vozar2/PACE-Toolkit/pace/outputs/corrdiff.zarr
Rank 6: [36.] [datetime.datetime(2013, 4, 1, 0, 0)] [datetime.timedelta(days=1)] /p/project1/hclimrep/vozar2/PACE-Toolkit/pace/outputs/corrdiff.zarr
Rank 6: [37.] [datetime.datetime(2013, 4, 1, 6, 0)] [datetime.timedelta(days=1)] /p/project1/hclimrep/vozar2/PACE-Toolkit/pace/outputs/corrdiff.zarr
Rank 6: [38.] [datetime.datetime(2013, 4, 1, 12, 0)] [datetime.timedelta(days=1)] /p/project1/hclimrep/vozar2/PACE-Toolkit/pace/outputs/corrdiff.zarr
Rank 6: [39.] [datetime.datetime(2013, 4, 1, 18, 0)] [datetime.timedelta(days=1)] /p/project1/hclimrep/vozar2/PACE-Toolkit/pace/outputs/corrdiff.zarr
Rank 6: [40.] [datetime.datetime(2013, 4, 2, 0, 0)] [datetime.timedelta(days=1)] /p/project1/hclimrep/vozar2/PACE-Toolkit/pace/outputs/corrdiff.zarr
Rank 6: [41.] [datetime.datetime(2013, 4, 2, 6, 0)] [datetime.timedelta(days=1)] /p/project1/hclimrep/vozar2/PACE-Toolkit/pace/outputs/corrdiff.zarr
Rank 6: [42.] [datetime.datetime(2013, 4, 2, 12, 0)] [datetime.timedelta(days=1)] /p/project1/hclimrep/vozar2/PACE-Toolkit/pace/outputs/corrdiff.zarr
Rank 6: [43.] [datetime.datetime(2013, 4, 2, 18, 0)] [datetime.timedelta(days=1)] /p/project1/hclimrep/vozar2/PACE-Toolkit/pace/outputs/corrdiff.zarr
Rank 6: [44.] [datetime.datetime(2013, 4, 3, 0, 0)] [datetime.timedelta(days=1)] /p/project1/hclimrep/vozar2/PACE-Toolkit/pace/outputs/corrdiff.zarr
Rank 6: [45.] [datetime.datetime(2013, 4, 3, 6, 0)] [datetime.timedelta(days=1)] /p/project1/hclimrep/vozar2/PACE-Toolkit/pace/outputs/corrdiff.zarr
Rank 6: [46.] [datetime.datetime(2013, 4, 3, 12, 0)] [datetime.timedelta(days=1)] /p/project1/hclimrep/vozar2/PACE-Toolkit/pace/outputs/corrdiff.zarr
Rank 6: [47.] [datetime.datetime(2013, 4, 3, 18, 0)] [datetime.timedelta(days=1)] /p/project1/hclimrep/vozar2/PACE-Toolkit/pace/outputs/corrdiff.zarr
Rank 6: [48.] [datetime.datetime(2013, 3, 31, 18, 0)] [datetime.timedelta(seconds=21600)] /p/project1/hclimrep/vozar2/PACE-Toolkit/pace/outputs/corrdiff.zarr
Rank 6: [49.] [datetime.datetime(2013, 4, 1, 0, 0)] [datetime.timedelta(seconds=21600)] /p/project1/hclimrep/vozar2/PACE-Toolkit/pace/outputs/corrdiff.zarr
Rank 6: [50.] [datetime.datetime(2013, 4, 1, 6, 0)] [datetime.timedelta(seconds=21600)] /p/project1/hclimrep/vozar2/PACE-Toolkit/pace/outputs/corrdiff.zarr
Rank 6: [51.] [datetime.datetime(2013, 4, 1, 12, 0)] [datetime.timedelta(seconds=21600)] /p/project1/hclimrep/vozar2/PACE-Toolkit/pace/outputs/corrdiff.zarr
Rank 6: [52.] [datetime.datetime(2013, 4, 1, 18, 0)] [datetime.timedelta(seconds=21600)] /p/project1/hclimrep/vozar2/PACE-Toolkit/pace/outputs/corrdiff.zarr
Rank 1: [0.] [datetime.datetime(2013, 3, 31, 6, 0)] [datetime.timedelta(seconds=64800)] /p/project1/hclimrep/vozar2/PACE-Toolkit/pace/outputs/corrdiff.zarr
Rank 1: [1.] [datetime.datetime(2013, 3, 31, 12, 0)] [datetime.timedelta(seconds=64800)] /p/project1/hclimrep/vozar2/PACE-Toolkit/pace/outputs/corrdiff.zarr
Rank 1: [2.] [datetime.datetime(2013, 3, 31, 18, 0)] [datetime.timedelta(seconds=64800)] /p/project1/hclimrep/vozar2/PACE-Toolkit/pace/outputs/corrdiff.zarr
Rank 1: [3.] [datetime.datetime(2013, 4, 1, 0, 0)] [datetime.timedelta(seconds=64800)] /p/project1/hclimrep/vozar2/PACE-Toolkit/pace/outputs/corrdiff.zarr
Rank 1: [4.] [datetime.datetime(2013, 4, 1, 6, 0)] [datetime.timedelta(seconds=64800)] /p/project1/hclimrep/vozar2/PACE-Toolkit/pace/outputs/corrdiff.zarr
Rank 1: [5.] [datetime.datetime(2013, 4, 1, 12, 0)] [datetime.timedelta(seconds=64800)] /p/project1/hclimrep/vozar2/PACE-Toolkit/pace/outputs/corrdiff.zarr
Rank 1: [6.] [datetime.datetime(2013, 4, 1, 18, 0)] [datetime.timedelta(seconds=64800)] /p/project1/hclimrep/vozar2/PACE-Toolkit/pace/outputs/corrdiff.zarr
Rank 1: [7.] [datetime.datetime(2013, 4, 2, 0, 0)] [datetime.timedelta(seconds=64800)] /p/project1/hclimrep/vozar2/PACE-Toolkit/pace/outputs/corrdiff.zarr
Rank 1: [8.] [datetime.datetime(2013, 4, 2, 6, 0)] [datetime.timedelta(seconds=64800)] /p/project1/hclimrep/vozar2/PACE-Toolkit/pace/outputs/corrdiff.zarr
Rank 1: [9.] [datetime.datetime(2013, 4, 2, 12, 0)] [datetime.timedelta(seconds=64800)] /p/project1/hclimrep/vozar2/PACE-Toolkit/pace/outputs/corrdiff.zarr
Rank 1: [10.] [datetime.datetime(2013, 4, 2, 18, 0)] [datetime.timedelta(seconds=64800)] /p/project1/hclimrep/vozar2/PACE-Toolkit/pace/outputs/corrdiff.zarr
Rank 1: [11.] [datetime.datetime(2013, 4, 3, 0, 0)] [datetime.timedelta(seconds=64800)] /p/project1/hclimrep/vozar2/PACE-Toolkit/pace/outputs/corrdiff.zarr
Rank 1: [12.] [datetime.datetime(2013, 4, 3, 6, 0)] [datetime.timedelta(seconds=64800)] /p/project1/hclimrep/vozar2/PACE-Toolkit/pace/outputs/corrdiff.zarr
Rank 1: [13.] [datetime.datetime(2013, 4, 3, 12, 0)] [datetime.timedelta(seconds=64800)] /p/project1/hclimrep/vozar2/PACE-Toolkit/pace/outputs/corrdiff.zarr
Rank 1: [14.] [datetime.datetime(2013, 4, 3, 18, 0)] [datetime.timedelta(seconds=64800)] /p/project1/hclimrep/vozar2/PACE-Toolkit/pace/outputs/corrdiff.zarr
Rank 1: [15.] [datetime.datetime(2013, 4, 4, 0, 0)] [datetime.timedelta(seconds=64800)] /p/project1/hclimrep/vozar2/PACE-Toolkit/pace/outputs/corrdiff.zarr
Rank 1: [16.] [datetime.datetime(2013, 3, 31, 12, 0)] [datetime.timedelta(seconds=43200)] /p/project1/hclimrep/vozar2/PACE-Toolkit/pace/outputs/corrdiff.zarr
Rank 1: [17.] [datetime.datetime(2013, 3, 31, 18, 0)] [datetime.timedelta(seconds=43200)] /p/project1/hclimrep/vozar2/PACE-Toolkit/pace/outputs/corrdiff.zarr
Rank 1: [18.] [datetime.datetime(2013, 4, 1, 0, 0)] [datetime.timedelta(seconds=43200)] /p/project1/hclimrep/vozar2/PACE-Toolkit/pace/outputs/corrdiff.zarr
Rank 1: [19.] [datetime.datetime(2013, 4, 1, 6, 0)] [datetime.timedelta(seconds=43200)] /p/project1/hclimrep/vozar2/PACE-Toolkit/pace/outputs/corrdiff.zarr
Rank 1: [20.] [datetime.datetime(2013, 4, 1, 12, 0)] [datetime.timedelta(seconds=43200)] /p/project1/hclimrep/vozar2/PACE-Toolkit/pace/outputs/corrdiff.zarr
Rank 1: [21.] [datetime.datetime(2013, 4, 1, 18, 0)] [datetime.timedelta(seconds=43200)] /p/project1/hclimrep/vozar2/PACE-Toolkit/pace/outputs/corrdiff.zarr
Rank 1: [22.] [datetime.datetime(2013, 4, 2, 0, 0)] [datetime.timedelta(seconds=43200)] /p/project1/hclimrep/vozar2/PACE-Toolkit/pace/outputs/corrdiff.zarr
Rank 1: [23.] [datetime.datetime(2013, 4, 2, 6, 0)] [datetime.timedelta(seconds=43200)] /p/project1/hclimrep/vozar2/PACE-Toolkit/pace/outputs/corrdiff.zarr
Rank 1: [24.] [datetime.datetime(2013, 4, 2, 12, 0)] [datetime.timedelta(seconds=43200)] /p/project1/hclimrep/vozar2/PACE-Toolkit/pace/outputs/corrdiff.zarr
Rank 1: [25.] [datetime.datetime(2013, 4, 2, 18, 0)] [datetime.timedelta(seconds=43200)] /p/project1/hclimrep/vozar2/PACE-Toolkit/pace/outputs/corrdiff.zarr
Rank 1: [26.] [datetime.datetime(2013, 4, 3, 0, 0)] [datetime.timedelta(seconds=43200)] /p/project1/hclimrep/vozar2/PACE-Toolkit/pace/outputs/corrdiff.zarr
Rank 1: [27.] [datetime.datetime(2013, 4, 3, 6, 0)] [datetime.timedelta(seconds=43200)] /p/project1/hclimrep/vozar2/PACE-Toolkit/pace/outputs/corrdiff.zarr
Rank 1: [28.] [datetime.datetime(2013, 4, 3, 12, 0)] [datetime.timedelta(seconds=43200)] /p/project1/hclimrep/vozar2/PACE-Toolkit/pace/outputs/corrdiff.zarr
Rank 1: [29.] [datetime.datetime(2013, 4, 3, 18, 0)] [datetime.timedelta(seconds=43200)] /p/project1/hclimrep/vozar2/PACE-Toolkit/pace/outputs/corrdiff.zarr
Rank 1: [30.] [datetime.datetime(2013, 4, 4, 0, 0)] [datetime.timedelta(seconds=43200)] /p/project1/hclimrep/vozar2/PACE-Toolkit/pace/outputs/corrdiff.zarr
Rank 1: [31.] [datetime.datetime(2013, 4, 4, 6, 0)] [datetime.timedelta(seconds=43200)] /p/project1/hclimrep/vozar2/PACE-Toolkit/pace/outputs/corrdiff.zarr
Rank 1: [32.] [datetime.datetime(2013, 3, 31, 0, 0)] [datetime.timedelta(days=1)] /p/project1/hclimrep/vozar2/PACE-Toolkit/pace/outputs/corrdiff.zarr
Rank 1: [33.] [datetime.datetime(2013, 3, 31, 6, 0)] [datetime.timedelta(days=1)] /p/project1/hclimrep/vozar2/PACE-Toolkit/pace/outputs/corrdiff.zarr
Rank 1: [34.] [datetime.datetime(2013, 3, 31, 12, 0)] [datetime.timedelta(days=1)] /p/project1/hclimrep/vozar2/PACE-Toolkit/pace/outputs/corrdiff.zarr
Rank 1: [35.] [datetime.datetime(2013, 3, 31, 18, 0)] [datetime.timedelta(days=1)] /p/project1/hclimrep/vozar2/PACE-Toolkit/pace/outputs/corrdiff.zarr
Rank 1: [36.] [datetime.datetime(2013, 4, 1, 0, 0)] [datetime.timedelta(days=1)] /p/project1/hclimrep/vozar2/PACE-Toolkit/pace/outputs/corrdiff.zarr
Rank 1: [37.] [datetime.datetime(2013, 4, 1, 6, 0)] [datetime.timedelta(days=1)] /p/project1/hclimrep/vozar2/PACE-Toolkit/pace/outputs/corrdiff.zarr
Rank 1: [38.] [datetime.datetime(2013, 4, 1, 12, 0)] [datetime.timedelta(days=1)] /p/project1/hclimrep/vozar2/PACE-Toolkit/pace/outputs/corrdiff.zarr
Rank 1: [39.] [datetime.datetime(2013, 4, 1, 18, 0)] [datetime.timedelta(days=1)] /p/project1/hclimrep/vozar2/PACE-Toolkit/pace/outputs/corrdiff.zarr
Rank 1: [40.] [datetime.datetime(2013, 4, 2, 0, 0)] [datetime.timedelta(days=1)] /p/project1/hclimrep/vozar2/PACE-Toolkit/pace/outputs/corrdiff.zarr
Rank 1: [41.] [datetime.datetime(2013, 4, 2, 6, 0)] [datetime.timedelta(days=1)] /p/project1/hclimrep/vozar2/PACE-Toolkit/pace/outputs/corrdiff.zarr
Rank 1: [42.] [datetime.datetime(2013, 4, 2, 12, 0)] [datetime.timedelta(days=1)] /p/project1/hclimrep/vozar2/PACE-Toolkit/pace/outputs/corrdiff.zarr
Rank 1: [43.] [datetime.datetime(2013, 4, 2, 18, 0)] [datetime.timedelta(days=1)] /p/project1/hclimrep/vozar2/PACE-Toolkit/pace/outputs/corrdiff.zarr
Rank 1: [44.] [datetime.datetime(2013, 4, 3, 0, 0)] [datetime.timedelta(days=1)] /p/project1/hclimrep/vozar2/PACE-Toolkit/pace/outputs/corrdiff.zarr
Rank 1: [45.] [datetime.datetime(2013, 4, 3, 6, 0)] [datetime.timedelta(days=1)] /p/project1/hclimrep/vozar2/PACE-Toolkit/pace/outputs/corrdiff.zarr
Rank 1: [46.] [datetime.datetime(2013, 4, 3, 12, 0)] [datetime.timedelta(days=1)] /p/project1/hclimrep/vozar2/PACE-Toolkit/pace/outputs/corrdiff.zarr
Rank 1: [47.] [datetime.datetime(2013, 4, 3, 18, 0)] [datetime.timedelta(days=1)] /p/project1/hclimrep/vozar2/PACE-Toolkit/pace/outputs/corrdiff.zarr
Rank 1: [48.] [datetime.datetime(2013, 3, 31, 18, 0)] [datetime.timedelta(seconds=21600)] /p/project1/hclimrep/vozar2/PACE-Toolkit/pace/outputs/corrdiff.zarr
Rank 1: [49.] [datetime.datetime(2013, 4, 1, 0, 0)] [datetime.timedelta(seconds=21600)] /p/project1/hclimrep/vozar2/PACE-Toolkit/pace/outputs/corrdiff.zarr
Rank 1: [50.] [datetime.datetime(2013, 4, 1, 6, 0)] [datetime.timedelta(seconds=21600)] /p/project1/hclimrep/vozar2/PACE-Toolkit/pace/outputs/corrdiff.zarr
Rank 1: [51.] [datetime.datetime(2013, 4, 1, 12, 0)] [datetime.timedelta(seconds=21600)] /p/project1/hclimrep/vozar2/PACE-Toolkit/pace/outputs/corrdiff.zarr
Rank 1: [52.] [datetime.datetime(2013, 4, 1, 18, 0)] [datetime.timedelta(seconds=21600)] /p/project1/hclimrep/vozar2/PACE-Toolkit/pace/outputs/corrdiff.zarr
Rank 3: [0.] [datetime.datetime(2013, 3, 31, 6, 0)] [datetime.timedelta(seconds=64800)] /p/project1/hclimrep/vozar2/PACE-Toolkit/pace/outputs/corrdiff.zarr
Rank 3: [1.] [datetime.datetime(2013, 3, 31, 12, 0)] [datetime.timedelta(seconds=64800)] /p/project1/hclimrep/vozar2/PACE-Toolkit/pace/outputs/corrdiff.zarr
Rank 3: [2.] [datetime.datetime(2013, 3, 31, 18, 0)] [datetime.timedelta(seconds=64800)] /p/project1/hclimrep/vozar2/PACE-Toolkit/pace/outputs/corrdiff.zarr
Rank 3: [3.] [datetime.datetime(2013, 4, 1, 0, 0)] [datetime.timedelta(seconds=64800)] /p/project1/hclimrep/vozar2/PACE-Toolkit/pace/outputs/corrdiff.zarr
Rank 3: [4.] [datetime.datetime(2013, 4, 1, 6, 0)] [datetime.timedelta(seconds=64800)] /p/project1/hclimrep/vozar2/PACE-Toolkit/pace/outputs/corrdiff.zarr
Rank 3: [5.] [datetime.datetime(2013, 4, 1, 12, 0)] [datetime.timedelta(seconds=64800)] /p/project1/hclimrep/vozar2/PACE-Toolkit/pace/outputs/corrdiff.zarr
Rank 3: [6.] [datetime.datetime(2013, 4, 1, 18, 0)] [datetime.timedelta(seconds=64800)] /p/project1/hclimrep/vozar2/PACE-Toolkit/pace/outputs/corrdiff.zarr
Rank 3: [7.] [datetime.datetime(2013, 4, 2, 0, 0)] [datetime.timedelta(seconds=64800)] /p/project1/hclimrep/vozar2/PACE-Toolkit/pace/outputs/corrdiff.zarr
Rank 3: [8.] [datetime.datetime(2013, 4, 2, 6, 0)] [datetime.timedelta(seconds=64800)] /p/project1/hclimrep/vozar2/PACE-Toolkit/pace/outputs/corrdiff.zarr
Rank 3: [9.] [datetime.datetime(2013, 4, 2, 12, 0)] [datetime.timedelta(seconds=64800)] /p/project1/hclimrep/vozar2/PACE-Toolkit/pace/outputs/corrdiff.zarr
Rank 3: [10.] [datetime.datetime(2013, 4, 2, 18, 0)] [datetime.timedelta(seconds=64800)] /p/project1/hclimrep/vozar2/PACE-Toolkit/pace/outputs/corrdiff.zarr
Rank 3: [11.] [datetime.datetime(2013, 4, 3, 0, 0)] [datetime.timedelta(seconds=64800)] /p/project1/hclimrep/vozar2/PACE-Toolkit/pace/outputs/corrdiff.zarr
Rank 3: [12.] [datetime.datetime(2013, 4, 3, 6, 0)] [datetime.timedelta(seconds=64800)] /p/project1/hclimrep/vozar2/PACE-Toolkit/pace/outputs/corrdiff.zarr
Rank 3: [13.] [datetime.datetime(2013, 4, 3, 12, 0)] [datetime.timedelta(seconds=64800)] /p/project1/hclimrep/vozar2/PACE-Toolkit/pace/outputs/corrdiff.zarr
Rank 3: [14.] [datetime.datetime(2013, 4, 3, 18, 0)] [datetime.timedelta(seconds=64800)] /p/project1/hclimrep/vozar2/PACE-Toolkit/pace/outputs/corrdiff.zarr
Rank 3: [15.] [datetime.datetime(2013, 4, 4, 0, 0)] [datetime.timedelta(seconds=64800)] /p/project1/hclimrep/vozar2/PACE-Toolkit/pace/outputs/corrdiff.zarr
Rank 3: [16.] [datetime.datetime(2013, 3, 31, 12, 0)] [datetime.timedelta(seconds=43200)] /p/project1/hclimrep/vozar2/PACE-Toolkit/pace/outputs/corrdiff.zarr
Rank 3: [17.] [datetime.datetime(2013, 3, 31, 18, 0)] [datetime.timedelta(seconds=43200)] /p/project1/hclimrep/vozar2/PACE-Toolkit/pace/outputs/corrdiff.zarr
Rank 3: [18.] [datetime.datetime(2013, 4, 1, 0, 0)] [datetime.timedelta(seconds=43200)] /p/project1/hclimrep/vozar2/PACE-Toolkit/pace/outputs/corrdiff.zarr
Rank 3: [19.] [datetime.datetime(2013, 4, 1, 6, 0)] [datetime.timedelta(seconds=43200)] /p/project1/hclimrep/vozar2/PACE-Toolkit/pace/outputs/corrdiff.zarr
Rank 3: [20.] [datetime.datetime(2013, 4, 1, 12, 0)] [datetime.timedelta(seconds=43200)] /p/project1/hclimrep/vozar2/PACE-Toolkit/pace/outputs/corrdiff.zarr
Rank 3: [21.] [datetime.datetime(2013, 4, 1, 18, 0)] [datetime.timedelta(seconds=43200)] /p/project1/hclimrep/vozar2/PACE-Toolkit/pace/outputs/corrdiff.zarr
Rank 3: [22.] [datetime.datetime(2013, 4, 2, 0, 0)] [datetime.timedelta(seconds=43200)] /p/project1/hclimrep/vozar2/PACE-Toolkit/pace/outputs/corrdiff.zarr
Rank 3: [23.] [datetime.datetime(2013, 4, 2, 6, 0)] [datetime.timedelta(seconds=43200)] /p/project1/hclimrep/vozar2/PACE-Toolkit/pace/outputs/corrdiff.zarr
Rank 3: [24.] [datetime.datetime(2013, 4, 2, 12, 0)] [datetime.timedelta(seconds=43200)] /p/project1/hclimrep/vozar2/PACE-Toolkit/pace/outputs/corrdiff.zarr
Rank 3: [25.] [datetime.datetime(2013, 4, 2, 18, 0)] [datetime.timedelta(seconds=43200)] /p/project1/hclimrep/vozar2/PACE-Toolkit/pace/outputs/corrdiff.zarr
Rank 3: [26.] [datetime.datetime(2013, 4, 3, 0, 0)] [datetime.timedelta(seconds=43200)] /p/project1/hclimrep/vozar2/PACE-Toolkit/pace/outputs/corrdiff.zarr
Rank 3: [27.] [datetime.datetime(2013, 4, 3, 6, 0)] [datetime.timedelta(seconds=43200)] /p/project1/hclimrep/vozar2/PACE-Toolkit/pace/outputs/corrdiff.zarr
Rank 3: [28.] [datetime.datetime(2013, 4, 3, 12, 0)] [datetime.timedelta(seconds=43200)] /p/project1/hclimrep/vozar2/PACE-Toolkit/pace/outputs/corrdiff.zarr
Rank 3: [29.] [datetime.datetime(2013, 4, 3, 18, 0)] [datetime.timedelta(seconds=43200)] /p/project1/hclimrep/vozar2/PACE-Toolkit/pace/outputs/corrdiff.zarr
Rank 3: [30.] [datetime.datetime(2013, 4, 4, 0, 0)] [datetime.timedelta(seconds=43200)] /p/project1/hclimrep/vozar2/PACE-Toolkit/pace/outputs/corrdiff.zarr
Rank 3: [31.] [datetime.datetime(2013, 4, 4, 6, 0)] [datetime.timedelta(seconds=43200)] /p/project1/hclimrep/vozar2/PACE-Toolkit/pace/outputs/corrdiff.zarr
Rank 3: [32.] [datetime.datetime(2013, 3, 31, 0, 0)] [datetime.timedelta(days=1)] /p/project1/hclimrep/vozar2/PACE-Toolkit/pace/outputs/corrdiff.zarr
Rank 3: [33.] [datetime.datetime(2013, 3, 31, 6, 0)] [datetime.timedelta(days=1)] /p/project1/hclimrep/vozar2/PACE-Toolkit/pace/outputs/corrdiff.zarr
Rank 3: [34.] [datetime.datetime(2013, 3, 31, 12, 0)] [datetime.timedelta(days=1)] /p/project1/hclimrep/vozar2/PACE-Toolkit/pace/outputs/corrdiff.zarr
Rank 3: [35.] [datetime.datetime(2013, 3, 31, 18, 0)] [datetime.timedelta(days=1)] /p/project1/hclimrep/vozar2/PACE-Toolkit/pace/outputs/corrdiff.zarr
Rank 3: [36.] [datetime.datetime(2013, 4, 1, 0, 0)] [datetime.timedelta(days=1)] /p/project1/hclimrep/vozar2/PACE-Toolkit/pace/outputs/corrdiff.zarr
Rank 3: [37.] [datetime.datetime(2013, 4, 1, 6, 0)] [datetime.timedelta(days=1)] /p/project1/hclimrep/vozar2/PACE-Toolkit/pace/outputs/corrdiff.zarr
Rank 3: [38.] [datetime.datetime(2013, 4, 1, 12, 0)] [datetime.timedelta(days=1)] /p/project1/hclimrep/vozar2/PACE-Toolkit/pace/outputs/corrdiff.zarr
Rank 3: [39.] [datetime.datetime(2013, 4, 1, 18, 0)] [datetime.timedelta(days=1)] /p/project1/hclimrep/vozar2/PACE-Toolkit/pace/outputs/corrdiff.zarr
Rank 3: [40.] [datetime.datetime(2013, 4, 2, 0, 0)] [datetime.timedelta(days=1)] /p/project1/hclimrep/vozar2/PACE-Toolkit/pace/outputs/corrdiff.zarr
Rank 3: [41.] [datetime.datetime(2013, 4, 2, 6, 0)] [datetime.timedelta(days=1)] /p/project1/hclimrep/vozar2/PACE-Toolkit/pace/outputs/corrdiff.zarr
Rank 3: [42.] [datetime.datetime(2013, 4, 2, 12, 0)] [datetime.timedelta(days=1)] /p/project1/hclimrep/vozar2/PACE-Toolkit/pace/outputs/corrdiff.zarr
Rank 3: [43.] [datetime.datetime(2013, 4, 2, 18, 0)] [datetime.timedelta(days=1)] /p/project1/hclimrep/vozar2/PACE-Toolkit/pace/outputs/corrdiff.zarr
Rank 3: [44.] [datetime.datetime(2013, 4, 3, 0, 0)] [datetime.timedelta(days=1)] /p/project1/hclimrep/vozar2/PACE-Toolkit/pace/outputs/corrdiff.zarr
Rank 3: [45.] [datetime.datetime(2013, 4, 3, 6, 0)] [datetime.timedelta(days=1)] /p/project1/hclimrep/vozar2/PACE-Toolkit/pace/outputs/corrdiff.zarr
Rank 3: [46.] [datetime.datetime(2013, 4, 3, 12, 0)] [datetime.timedelta(days=1)] /p/project1/hclimrep/vozar2/PACE-Toolkit/pace/outputs/corrdiff.zarr
Rank 3: [47.] [datetime.datetime(2013, 4, 3, 18, 0)] [datetime.timedelta(days=1)] /p/project1/hclimrep/vozar2/PACE-Toolkit/pace/outputs/corrdiff.zarr
Rank 3: [48.] [datetime.datetime(2013, 3, 31, 18, 0)] [datetime.timedelta(seconds=21600)] /p/project1/hclimrep/vozar2/PACE-Toolkit/pace/outputs/corrdiff.zarr
Rank 3: [49.] [datetime.datetime(2013, 4, 1, 0, 0)] [datetime.timedelta(seconds=21600)] /p/project1/hclimrep/vozar2/PACE-Toolkit/pace/outputs/corrdiff.zarr
Rank 3: [50.] [datetime.datetime(2013, 4, 1, 6, 0)] [datetime.timedelta(seconds=21600)] /p/project1/hclimrep/vozar2/PACE-Toolkit/pace/outputs/corrdiff.zarr
Rank 3: [51.] [datetime.datetime(2013, 4, 1, 12, 0)] [datetime.timedelta(seconds=21600)] /p/project1/hclimrep/vozar2/PACE-Toolkit/pace/outputs/corrdiff.zarr
Rank 3: [52.] [datetime.datetime(2013, 4, 1, 18, 0)] [datetime.timedelta(seconds=21600)] /p/project1/hclimrep/vozar2/PACE-Toolkit/pace/outputs/corrdiff.zarr
Rank 6: [53.] [datetime.datetime(2013, 4, 2, 0, 0)] [datetime.timedelta(seconds=21600)] /p/project1/hclimrep/vozar2/PACE-Toolkit/pace/outputs/corrdiff.zarr
Rank 6: [54.] [datetime.datetime(2013, 4, 2, 6, 0)] [datetime.timedelta(seconds=21600)] /p/project1/hclimrep/vozar2/PACE-Toolkit/pace/outputs/corrdiff.zarr
Rank 6: [55.] [datetime.datetime(2013, 4, 2, 12, 0)] [datetime.timedelta(seconds=21600)] /p/project1/hclimrep/vozar2/PACE-Toolkit/pace/outputs/corrdiff.zarr
Rank 6: [56.] [datetime.datetime(2013, 4, 2, 18, 0)] [datetime.timedelta(seconds=21600)] /p/project1/hclimrep/vozar2/PACE-Toolkit/pace/outputs/corrdiff.zarr
Rank 6: [57.] [datetime.datetime(2013, 4, 3, 0, 0)] [datetime.timedelta(seconds=21600)] /p/project1/hclimrep/vozar2/PACE-Toolkit/pace/outputs/corrdiff.zarr
Rank 6: [58.] [datetime.datetime(2013, 4, 3, 6, 0)] [datetime.timedelta(seconds=21600)] /p/project1/hclimrep/vozar2/PACE-Toolkit/pace/outputs/corrdiff.zarr
Rank 6: [59.] [datetime.datetime(2013, 4, 3, 12, 0)] [datetime.timedelta(seconds=21600)] /p/project1/hclimrep/vozar2/PACE-Toolkit/pace/outputs/corrdiff.zarr
Rank 6: [60.] [datetime.datetime(2013, 4, 3, 18, 0)] [datetime.timedelta(seconds=21600)] /p/project1/hclimrep/vozar2/PACE-Toolkit/pace/outputs/corrdiff.zarr
Rank 6: [61.] [datetime.datetime(2013, 4, 4, 0, 0)] [datetime.timedelta(seconds=21600)] /p/project1/hclimrep/vozar2/PACE-Toolkit/pace/outputs/corrdiff.zarr
Rank 6: [62.] [datetime.datetime(2013, 4, 4, 6, 0)] [datetime.timedelta(seconds=21600)] /p/project1/hclimrep/vozar2/PACE-Toolkit/pace/outputs/corrdiff.zarr
Rank 6: [63.] [datetime.datetime(2013, 4, 4, 12, 0)] [datetime.timedelta(seconds=21600)] /p/project1/hclimrep/vozar2/PACE-Toolkit/pace/outputs/corrdiff.zarr
Rank 6 processed 64 samples.
Rank 6 waiting at barrier.
Rank 6 passed barrier.
Passed barrier after corrdiff.
Rank 6 waiting at barrier.
Passed barrier after None.

--- All ranks finished writing. Now performing final check. ---
Elapsed time: 13.55 s
Rank 4: [53.] [datetime.datetime(2013, 4, 2, 0, 0)] [datetime.timedelta(seconds=21600)] /p/project1/hclimrep/vozar2/PACE-Toolkit/pace/outputs/corrdiff.zarr
Rank 4: [54.] [datetime.datetime(2013, 4, 2, 6, 0)] [datetime.timedelta(seconds=21600)] /p/project1/hclimrep/vozar2/PACE-Toolkit/pace/outputs/corrdiff.zarr
Rank 4: [55.] [datetime.datetime(2013, 4, 2, 12, 0)] [datetime.timedelta(seconds=21600)] /p/project1/hclimrep/vozar2/PACE-Toolkit/pace/outputs/corrdiff.zarr
Rank 4: [56.] [datetime.datetime(2013, 4, 2, 18, 0)] [datetime.timedelta(seconds=21600)] /p/project1/hclimrep/vozar2/PACE-Toolkit/pace/outputs/corrdiff.zarr
Rank 4: [57.] [datetime.datetime(2013, 4, 3, 0, 0)] [datetime.timedelta(seconds=21600)] /p/project1/hclimrep/vozar2/PACE-Toolkit/pace/outputs/corrdiff.zarr
Rank 4: [58.] [datetime.datetime(2013, 4, 3, 6, 0)] [datetime.timedelta(seconds=21600)] /p/project1/hclimrep/vozar2/PACE-Toolkit/pace/outputs/corrdiff.zarr
Rank 7: [53.] [datetime.datetime(2013, 4, 2, 0, 0)] [datetime.timedelta(seconds=21600)] /p/project1/hclimrep/vozar2/PACE-Toolkit/pace/outputs/corrdiff.zarr
Rank 7: [54.] [datetime.datetime(2013, 4, 2, 6, 0)] [datetime.timedelta(seconds=21600)] /p/project1/hclimrep/vozar2/PACE-Toolkit/pace/outputs/corrdiff.zarr
Rank 7: [55.] [datetime.datetime(2013, 4, 2, 12, 0)] [datetime.timedelta(seconds=21600)] /p/project1/hclimrep/vozar2/PACE-Toolkit/pace/outputs/corrdiff.zarr
Rank 7: [56.] [datetime.datetime(2013, 4, 2, 18, 0)] [datetime.timedelta(seconds=21600)] /p/project1/hclimrep/vozar2/PACE-Toolkit/pace/outputs/corrdiff.zarr
Rank 7: [57.] [datetime.datetime(2013, 4, 3, 0, 0)] [datetime.timedelta(seconds=21600)] /p/project1/hclimrep/vozar2/PACE-Toolkit/pace/outputs/corrdiff.zarr
Rank 7: [58.] [datetime.datetime(2013, 4, 3, 6, 0)] [datetime.timedelta(seconds=21600)] /p/project1/hclimrep/vozar2/PACE-Toolkit/pace/outputs/corrdiff.zarr
Rank 4: [59.] [datetime.datetime(2013, 4, 3, 12, 0)] [datetime.timedelta(seconds=21600)] /p/project1/hclimrep/vozar2/PACE-Toolkit/pace/outputs/corrdiff.zarr
Rank 4: [60.] [datetime.datetime(2013, 4, 3, 18, 0)] [datetime.timedelta(seconds=21600)] /p/project1/hclimrep/vozar2/PACE-Toolkit/pace/outputs/corrdiff.zarr
Rank 4: [61.] [datetime.datetime(2013, 4, 4, 0, 0)] [datetime.timedelta(seconds=21600)] /p/project1/hclimrep/vozar2/PACE-Toolkit/pace/outputs/corrdiff.zarr
Rank 4: [62.] [datetime.datetime(2013, 4, 4, 6, 0)] [datetime.timedelta(seconds=21600)] /p/project1/hclimrep/vozar2/PACE-Toolkit/pace/outputs/corrdiff.zarr
Rank 4: [63.] [datetime.datetime(2013, 4, 4, 12, 0)] [datetime.timedelta(seconds=21600)] /p/project1/hclimrep/vozar2/PACE-Toolkit/pace/outputs/corrdiff.zarr
Rank 4 processed 64 samples.
Rank 4 waiting at barrier.
Rank 4 passed barrier.
Passed barrier after corrdiff.
Rank 4 waiting at barrier.
Passed barrier after None.

--- All ranks finished writing. Now performing final check. ---
Elapsed time: 13.55 s
Rank 7: [59.] [datetime.datetime(2013, 4, 3, 12, 0)] [datetime.timedelta(seconds=21600)] /p/project1/hclimrep/vozar2/PACE-Toolkit/pace/outputs/corrdiff.zarr
Rank 7: [60.] [datetime.datetime(2013, 4, 3, 18, 0)] [datetime.timedelta(seconds=21600)] /p/project1/hclimrep/vozar2/PACE-Toolkit/pace/outputs/corrdiff.zarr
Rank 7: [61.] [datetime.datetime(2013, 4, 4, 0, 0)] [datetime.timedelta(seconds=21600)] /p/project1/hclimrep/vozar2/PACE-Toolkit/pace/outputs/corrdiff.zarr
Rank 7: [62.] [datetime.datetime(2013, 4, 4, 6, 0)] [datetime.timedelta(seconds=21600)] /p/project1/hclimrep/vozar2/PACE-Toolkit/pace/outputs/corrdiff.zarr
Rank 7: [63.] [datetime.datetime(2013, 4, 4, 12, 0)] [datetime.timedelta(seconds=21600)] /p/project1/hclimrep/vozar2/PACE-Toolkit/pace/outputs/corrdiff.zarr
Rank 7 processed 64 samples.
Rank 7 waiting at barrier.
Rank 7 passed barrier.
Passed barrier after corrdiff.
Rank 7 waiting at barrier.
Passed barrier after None.

--- All ranks finished writing. Now performing final check. ---
Elapsed time: 13.55 s
Rank 5: [53.] [datetime.datetime(2013, 4, 2, 0, 0)] [datetime.timedelta(seconds=21600)] /p/project1/hclimrep/vozar2/PACE-Toolkit/pace/outputs/corrdiff.zarr
Rank 5: [54.] [datetime.datetime(2013, 4, 2, 6, 0)] [datetime.timedelta(seconds=21600)] /p/project1/hclimrep/vozar2/PACE-Toolkit/pace/outputs/corrdiff.zarr
Rank 5: [55.] [datetime.datetime(2013, 4, 2, 12, 0)] [datetime.timedelta(seconds=21600)] /p/project1/hclimrep/vozar2/PACE-Toolkit/pace/outputs/corrdiff.zarr
Rank 5: [56.] [datetime.datetime(2013, 4, 2, 18, 0)] [datetime.timedelta(seconds=21600)] /p/project1/hclimrep/vozar2/PACE-Toolkit/pace/outputs/corrdiff.zarr
Rank 5: [57.] [datetime.datetime(2013, 4, 3, 0, 0)] [datetime.timedelta(seconds=21600)] /p/project1/hclimrep/vozar2/PACE-Toolkit/pace/outputs/corrdiff.zarr
Rank 5: [58.] [datetime.datetime(2013, 4, 3, 6, 0)] [datetime.timedelta(seconds=21600)] /p/project1/hclimrep/vozar2/PACE-Toolkit/pace/outputs/corrdiff.zarr
Rank 5: [59.] [datetime.datetime(2013, 4, 3, 12, 0)] [datetime.timedelta(seconds=21600)] /p/project1/hclimrep/vozar2/PACE-Toolkit/pace/outputs/corrdiff.zarr
Rank 5: [60.] [datetime.datetime(2013, 4, 3, 18, 0)] [datetime.timedelta(seconds=21600)] /p/project1/hclimrep/vozar2/PACE-Toolkit/pace/outputs/corrdiff.zarr
Rank 5: [61.] [datetime.datetime(2013, 4, 4, 0, 0)] [datetime.timedelta(seconds=21600)] /p/project1/hclimrep/vozar2/PACE-Toolkit/pace/outputs/corrdiff.zarr
Rank 5: [62.] [datetime.datetime(2013, 4, 4, 6, 0)] [datetime.timedelta(seconds=21600)] /p/project1/hclimrep/vozar2/PACE-Toolkit/pace/outputs/corrdiff.zarr
Rank 5: [63.] [datetime.datetime(2013, 4, 4, 12, 0)] [datetime.timedelta(seconds=21600)] /p/project1/hclimrep/vozar2/PACE-Toolkit/pace/outputs/corrdiff.zarr
Rank 5 processed 64 samples.
Rank 5 waiting at barrier.
Rank 5 passed barrier.
Passed barrier after corrdiff.
Rank 5 waiting at barrier.
Passed barrier after None.

--- All ranks finished writing. Now performing final check. ---
Elapsed time: 13.55 s
Rank 1: [53.] [datetime.datetime(2013, 4, 2, 0, 0)] [datetime.timedelta(seconds=21600)] /p/project1/hclimrep/vozar2/PACE-Toolkit/pace/outputs/corrdiff.zarr
Rank 1: [54.] [datetime.datetime(2013, 4, 2, 6, 0)] [datetime.timedelta(seconds=21600)] /p/project1/hclimrep/vozar2/PACE-Toolkit/pace/outputs/corrdiff.zarr
Rank 1: [55.] [datetime.datetime(2013, 4, 2, 12, 0)] [datetime.timedelta(seconds=21600)] /p/project1/hclimrep/vozar2/PACE-Toolkit/pace/outputs/corrdiff.zarr
Rank 1: [56.] [datetime.datetime(2013, 4, 2, 18, 0)] [datetime.timedelta(seconds=21600)] /p/project1/hclimrep/vozar2/PACE-Toolkit/pace/outputs/corrdiff.zarr
Rank 1: [57.] [datetime.datetime(2013, 4, 3, 0, 0)] [datetime.timedelta(seconds=21600)] /p/project1/hclimrep/vozar2/PACE-Toolkit/pace/outputs/corrdiff.zarr
Rank 1: [58.] [datetime.datetime(2013, 4, 3, 6, 0)] [datetime.timedelta(seconds=21600)] /p/project1/hclimrep/vozar2/PACE-Toolkit/pace/outputs/corrdiff.zarr
Rank 3: [53.] [datetime.datetime(2013, 4, 2, 0, 0)] [datetime.timedelta(seconds=21600)] /p/project1/hclimrep/vozar2/PACE-Toolkit/pace/outputs/corrdiff.zarr
Rank 3: [54.] [datetime.datetime(2013, 4, 2, 6, 0)] [datetime.timedelta(seconds=21600)] /p/project1/hclimrep/vozar2/PACE-Toolkit/pace/outputs/corrdiff.zarr
Rank 3: [55.] [datetime.datetime(2013, 4, 2, 12, 0)] [datetime.timedelta(seconds=21600)] /p/project1/hclimrep/vozar2/PACE-Toolkit/pace/outputs/corrdiff.zarr
Rank 3: [56.] [datetime.datetime(2013, 4, 2, 18, 0)] [datetime.timedelta(seconds=21600)] /p/project1/hclimrep/vozar2/PACE-Toolkit/pace/outputs/corrdiff.zarr
Rank 3: [57.] [datetime.datetime(2013, 4, 3, 0, 0)] [datetime.timedelta(seconds=21600)] /p/project1/hclimrep/vozar2/PACE-Toolkit/pace/outputs/corrdiff.zarr
Rank 3: [58.] [datetime.datetime(2013, 4, 3, 6, 0)] [datetime.timedelta(seconds=21600)] /p/project1/hclimrep/vozar2/PACE-Toolkit/pace/outputs/corrdiff.zarr
Rank 1: [59.] [datetime.datetime(2013, 4, 3, 12, 0)] [datetime.timedelta(seconds=21600)] /p/project1/hclimrep/vozar2/PACE-Toolkit/pace/outputs/corrdiff.zarr
Rank 1: [60.] [datetime.datetime(2013, 4, 3, 18, 0)] [datetime.timedelta(seconds=21600)] /p/project1/hclimrep/vozar2/PACE-Toolkit/pace/outputs/corrdiff.zarr
Rank 1: [61.] [datetime.datetime(2013, 4, 4, 0, 0)] [datetime.timedelta(seconds=21600)] /p/project1/hclimrep/vozar2/PACE-Toolkit/pace/outputs/corrdiff.zarr
Rank 1: [62.] [datetime.datetime(2013, 4, 4, 6, 0)] [datetime.timedelta(seconds=21600)] /p/project1/hclimrep/vozar2/PACE-Toolkit/pace/outputs/corrdiff.zarr
Rank 1: [63.] [datetime.datetime(2013, 4, 4, 12, 0)] [datetime.timedelta(seconds=21600)] /p/project1/hclimrep/vozar2/PACE-Toolkit/pace/outputs/corrdiff.zarr
Rank 1 processed 64 samples.
Rank 1 waiting at barrier.
Rank 1 passed barrier.
Passed barrier after corrdiff.
Rank 1 waiting at barrier.
Passed barrier after None.

--- All ranks finished writing. Now performing final check. ---
Elapsed time: 14.01 s
Rank 3: [59.] [datetime.datetime(2013, 4, 3, 12, 0)] [datetime.timedelta(seconds=21600)] /p/project1/hclimrep/vozar2/PACE-Toolkit/pace/outputs/corrdiff.zarr
Rank 3: [60.] [datetime.datetime(2013, 4, 3, 18, 0)] [datetime.timedelta(seconds=21600)] /p/project1/hclimrep/vozar2/PACE-Toolkit/pace/outputs/corrdiff.zarr
Rank 3: [61.] [datetime.datetime(2013, 4, 4, 0, 0)] [datetime.timedelta(seconds=21600)] /p/project1/hclimrep/vozar2/PACE-Toolkit/pace/outputs/corrdiff.zarr
Rank 3: [62.] [datetime.datetime(2013, 4, 4, 6, 0)] [datetime.timedelta(seconds=21600)] /p/project1/hclimrep/vozar2/PACE-Toolkit/pace/outputs/corrdiff.zarr
Rank 3: [63.] [datetime.datetime(2013, 4, 4, 12, 0)] [datetime.timedelta(seconds=21600)] /p/project1/hclimrep/vozar2/PACE-Toolkit/pace/outputs/corrdiff.zarr
Rank 3 processed 64 samples.
Rank 3 waiting at barrier.
Rank 3 passed barrier.
Passed barrier after corrdiff.
Rank 3 waiting at barrier.
Passed barrier after None.

--- All ranks finished writing. Now performing final check. ---
Elapsed time: 14.01 s
Rank 2: [53.] [datetime.datetime(2013, 4, 2, 0, 0)] [datetime.timedelta(seconds=21600)] /p/project1/hclimrep/vozar2/PACE-Toolkit/pace/outputs/corrdiff.zarr
Rank 2: [54.] [datetime.datetime(2013, 4, 2, 6, 0)] [datetime.timedelta(seconds=21600)] /p/project1/hclimrep/vozar2/PACE-Toolkit/pace/outputs/corrdiff.zarr
Rank 2: [55.] [datetime.datetime(2013, 4, 2, 12, 0)] [datetime.timedelta(seconds=21600)] /p/project1/hclimrep/vozar2/PACE-Toolkit/pace/outputs/corrdiff.zarr
Rank 2: [56.] [datetime.datetime(2013, 4, 2, 18, 0)] [datetime.timedelta(seconds=21600)] /p/project1/hclimrep/vozar2/PACE-Toolkit/pace/outputs/corrdiff.zarr
Rank 2: [57.] [datetime.datetime(2013, 4, 3, 0, 0)] [datetime.timedelta(seconds=21600)] /p/project1/hclimrep/vozar2/PACE-Toolkit/pace/outputs/corrdiff.zarr
Rank 2: [58.] [datetime.datetime(2013, 4, 3, 6, 0)] [datetime.timedelta(seconds=21600)] /p/project1/hclimrep/vozar2/PACE-Toolkit/pace/outputs/corrdiff.zarr
Rank 2: [59.] [datetime.datetime(2013, 4, 3, 12, 0)] [datetime.timedelta(seconds=21600)] /p/project1/hclimrep/vozar2/PACE-Toolkit/pace/outputs/corrdiff.zarr
Rank 2: [60.] [datetime.datetime(2013, 4, 3, 18, 0)] [datetime.timedelta(seconds=21600)] /p/project1/hclimrep/vozar2/PACE-Toolkit/pace/outputs/corrdiff.zarr
Rank 2: [61.] [datetime.datetime(2013, 4, 4, 0, 0)] [datetime.timedelta(seconds=21600)] /p/project1/hclimrep/vozar2/PACE-Toolkit/pace/outputs/corrdiff.zarr
Rank 2: [62.] [datetime.datetime(2013, 4, 4, 6, 0)] [datetime.timedelta(seconds=21600)] /p/project1/hclimrep/vozar2/PACE-Toolkit/pace/outputs/corrdiff.zarr
Rank 2: [63.] [datetime.datetime(2013, 4, 4, 12, 0)] [datetime.timedelta(seconds=21600)] /p/project1/hclimrep/vozar2/PACE-Toolkit/pace/outputs/corrdiff.zarr
Rank 2 processed 64 samples.
Rank 2 waiting at barrier.
Rank 2 passed barrier.
Passed barrier after corrdiff.
Rank 2 waiting at barrier.
Passed barrier after None.

--- All ranks finished writing. Now performing final check. ---
Elapsed time: 14.01 s
Rank 0: [53.] [datetime.datetime(2013, 4, 2, 0, 0)] [datetime.timedelta(seconds=21600)] /p/project1/hclimrep/vozar2/PACE-Toolkit/pace/outputs/corrdiff.zarr
Rank 0: [54.] [datetime.datetime(2013, 4, 2, 6, 0)] [datetime.timedelta(seconds=21600)] /p/project1/hclimrep/vozar2/PACE-Toolkit/pace/outputs/corrdiff.zarr
Rank 0: [55.] [datetime.datetime(2013, 4, 2, 12, 0)] [datetime.timedelta(seconds=21600)] /p/project1/hclimrep/vozar2/PACE-Toolkit/pace/outputs/corrdiff.zarr
Rank 0: [56.] [datetime.datetime(2013, 4, 2, 18, 0)] [datetime.timedelta(seconds=21600)] /p/project1/hclimrep/vozar2/PACE-Toolkit/pace/outputs/corrdiff.zarr
Rank 0: [57.] [datetime.datetime(2013, 4, 3, 0, 0)] [datetime.timedelta(seconds=21600)] /p/project1/hclimrep/vozar2/PACE-Toolkit/pace/outputs/corrdiff.zarr
Rank 0: [58.] [datetime.datetime(2013, 4, 3, 6, 0)] [datetime.timedelta(seconds=21600)] /p/project1/hclimrep/vozar2/PACE-Toolkit/pace/outputs/corrdiff.zarr
Rank 0: [59.] [datetime.datetime(2013, 4, 3, 12, 0)] [datetime.timedelta(seconds=21600)] /p/project1/hclimrep/vozar2/PACE-Toolkit/pace/outputs/corrdiff.zarr
Rank 0: [60.] [datetime.datetime(2013, 4, 3, 18, 0)] [datetime.timedelta(seconds=21600)] /p/project1/hclimrep/vozar2/PACE-Toolkit/pace/outputs/corrdiff.zarr
Rank 0: [61.] [datetime.datetime(2013, 4, 4, 0, 0)] [datetime.timedelta(seconds=21600)] /p/project1/hclimrep/vozar2/PACE-Toolkit/pace/outputs/corrdiff.zarr
Rank 0: [62.] [datetime.datetime(2013, 4, 4, 6, 0)] [datetime.timedelta(seconds=21600)] /p/project1/hclimrep/vozar2/PACE-Toolkit/pace/outputs/corrdiff.zarr
Rank 0: [63.] [datetime.datetime(2013, 4, 4, 12, 0)] [datetime.timedelta(seconds=21600)] /p/project1/hclimrep/vozar2/PACE-Toolkit/pace/outputs/corrdiff.zarr
Rank 0 processed 64 samples.
Rank 0 waiting at barrier.
Rank 0 passed barrier.
Passed barrier after corrdiff.
Rank 0 waiting at barrier.
Passed barrier after None.

--- All ranks finished writing. Now performing final check. ---

<zarr.core.Array '/idx' (471,) float32 read-only>
[ 0.  0.  1.  0.  0.  2.  1.  0.  1.  2.  3.  0.  3.  0.  0.  1.  4.  1.
  0.  1.  1.  4.  1.  2.  2.  2.  2.  3.  2.  5.  2.  3.  3.  3.  6.  3.
  4.  5.  4.  7.  5.  6.  5.  8.  7.  6.  9.  4.  7.  8. 10.  5.  8. 11.
  9.  3. 12.  9.  6.  7. 13.  4.  7. 14.  8.  4.  5. 10.  5.  9. 11.  6.
 10. 12.  7. 11. 10.  5. 13.  8. 12. 14. 11.  6. 13. 12.  9. 13.  8. 10.
 14. 14. 11. 15.  6. 15. 12. 16. 16. 15. 17. 17. 13. 16.  9. 18. 14. 19.
 15. 10. 18. 15. 19. 11. 20.  7. 12. 16.  8. 13.  7. 16.  8. 17. 14. 21.
 18.  9. 20. 15.  9. 19. 17. 10. 18. 21. 16. 11. 22. 12. 20. 19. 17. 13.
 21. 20. 22. 18. 14. 21. 23. 15. 19. 23. 24. 22. 20. 23. 22. 25. 24. 24.
 21. 25. 10. 23. 26. 22. 24. 11. 27. 25. 23. 28. 26. 29. 24. 27. 16. 30.
 17. 28. 31. 25. 12. 32. 26. 26. 25. 33. 13. 34. 27. 14. 28. 17. 26. 15.
 27. 27. 18. 29. 16. 28. 30. 28. 17. 29. 19. 18. 29. 30. 31. 30. 29. 31.
 31. 19. 20. 32. 32. 21. 33. 33. 20. 19. 21. 20. 22. 35. 32. 22. 36. 26.
 40. 27. 43. 27. 44. 28. 41. 29. 37. 27. 42. 28. 30. 45. 43. 33. 46. 44.
 31. 34. 28. 45. 32. 38. 29. 39. 47. 30. 40. 48. 46. 31. 49. 47. 50. 48.
 51. 41. 35. 49. 36. 32. 37. 50. 52. 38. 38. 51. 53. 39. 39. 54. 40. 52.
 41. 53. 42. 33. 29. 54. 34. 55. 30. 35. 33. 36. 42. 34. 37. 43. 56. 35.
 31. 38. 57. 44. 40. 43. 58. 39. 45. 36. 41. 59. 32. 40. 42. 44. 43. 41.
 45. 60. 33. 37. 61. 44. 42. 38. 35. 45. 43. 36. 46. 46. 44. 39. 47. 45.
 37. 40. 48. 38. 49. 41. 50. 46. 47. 39. 55. 51. 62. 47. 40. 63. 47. 48.
 41. 49. 48. 50. 49. 51. 56. 50. 57. 42. 42. 52. 58. 51. 59. 52. 48. 52.
 43. 49. 60. 44. 50. 61. 53. 53. 62. 54. 63. 55. 45. 56. 51. 43. 52. 53.
 54. 54. 46. 55. 47. 56. 48. 57. 49. 54. 55. 44. 50. 58. 57. 55. 51. 59.
 45. 56. 60. 52. 46. 61. 58. 56. 62. 57. 63. 53. 54. 58. 47. 48. 49. 59.
 57. 50. 55. 60. 58. 56. 59. 51. 59. 57. 52. 60. 58. 60. 61. 61. 62. 62.
 59. 61. 63. 60. 62. 63. 61. 62. 63. 63. 53. 54. 55. 56. 57. 58. 59. 60.
 61. 62. 63.]
/
 ├── base_time (458,) datetime64[ns]
 ├── idx (471,) float32
 ├── lat (40,) float32
 ├── lead_time (474,) timedelta64[h]
 └── lon (155,) float32
Starting robust harmonization based on 'base_time'...
  -> Slicing 'lead_time' on 'idx': 474 -> 458
Harmonization complete.

<xarray.Dataset>
Dimensions:    (idx: 458, lat: 40, lon: 155)
Coordinates:
  * idx        (idx) datetime64[ns] 2013-03-31T06:00:00 ... 2013-04-04T12:00:00
  * lat        (lat) float32 49.01 49.04 49.06 49.09 ... 49.91 49.94 49.96 49.99
  * lon        (lon) float32 1.138 1.163 1.188 1.212 ... 4.912 4.938 4.963 4.988
Data variables:
    lead_time  (idx) timedelta64[ns] 18:00:00 18:00:00 ... 06:00:00 06:00:00
None
Elapsed time: 14.54 s
