output dir: /p/scratch/hclimrep/vozar2/outputs_cluster
DEBUG: rank=0, world_size=1, comm_size=1, comm_rank=0
Preparing files for graphcast...
Done. Found 40 usable files (2021-04-01 00:00:00 -- 2021-04-20 23:59:00).

Static fields setup... Done
Checking required field for metrics...
geostrophic_balance     is complete.
hydrostatic_balance     is complete.
correlation             is complete.
correlation_map         is complete.
potential_vorticity     is complete.
humidity_temperature    is complete.

Selected 10 samples for graphcast.
---------------------------------------------

Index map:  10
10
Preparing files for era5...
Done. Found 20 usable files (2021-04-01 00:00:00 -- 2021-04-20 23:59:00).

Static fields setup... Done
Checking required field for metrics...
geostrophic_balance     is complete.
hydrostatic_balance     is complete.
correlation             is complete.
correlation_map         is complete.
potential_vorticity     is complete.
humidity_temperature    is complete.

Selected 4 samples for era5.
---------------------------------------------

Index map:  4
Rank 0: Initializing Zarr archive and index at /p/scratch/hclimrep/vozar2/outputs_cluster/graphcast.zarr
All 1 ranks have opened the synchronized Zarr archive.
Rank 0: Initializing Zarr archive and index at /p/scratch/hclimrep/vozar2/outputs_cluster/era5.zarr
All 1 ranks have opened the synchronized Zarr archive.
0: Zarr store initialized for xarray at: /p/scratch/hclimrep/vozar2/outputs_cluster/graphcast.zarr
Rank 0: Saved idx 0 for 2021-04-09 00:00:00 to /p/scratch/hclimrep/vozar2/outputs_cluster/graphcast.zarr
Rank 0: Saved idx 1 for 2021-04-08 12:00:00 to /p/scratch/hclimrep/vozar2/outputs_cluster/graphcast.zarr
Rank 0: Saved idx 2 for 2021-04-15 12:00:00 to /p/scratch/hclimrep/vozar2/outputs_cluster/graphcast.zarr
Rank 0: Saved idx 3 for 2021-04-09 12:00:00 to /p/scratch/hclimrep/vozar2/outputs_cluster/graphcast.zarr
Rank 0: Saved idx 4 for 2021-04-13 00:00:00 to /p/scratch/hclimrep/vozar2/outputs_cluster/graphcast.zarr
Rank 0: Saved idx 5 for 2021-04-15 00:00:00 to /p/scratch/hclimrep/vozar2/outputs_cluster/graphcast.zarr
Rank 0: Saved idx 6 for 2021-04-01 12:00:00 to /p/scratch/hclimrep/vozar2/outputs_cluster/graphcast.zarr
Rank 0: Saved idx 7 for 2021-04-13 12:00:00 to /p/scratch/hclimrep/vozar2/outputs_cluster/graphcast.zarr
Rank 0: Saved idx 8 for 2021-04-02 00:00:00 to /p/scratch/hclimrep/vozar2/outputs_cluster/graphcast.zarr
Rank 0: Saved idx 9 for 2021-04-02 12:00:00 to /p/scratch/hclimrep/vozar2/outputs_cluster/graphcast.zarr
Rank 0 processed 10 samples.
Rank 0 waiting at barrier.
Rank 0 passed barrier.
Passed barrier after graphcast.
0: Zarr store initialized for xarray at: /p/scratch/hclimrep/vozar2/outputs_cluster/era5.zarr
Rank 0: Saved idx 0 for 2021-04-16 00:00:00 to /p/scratch/hclimrep/vozar2/outputs_cluster/era5.zarr
Rank 0: Saved idx 1 for 2021-04-09 00:00:00 to /p/scratch/hclimrep/vozar2/outputs_cluster/era5.zarr
Rank 0: Saved idx 2 for 2021-04-14 00:00:00 to /p/scratch/hclimrep/vozar2/outputs_cluster/era5.zarr
Rank 0: Saved idx 3 for 2021-04-02 00:00:00 to /p/scratch/hclimrep/vozar2/outputs_cluster/era5.zarr
Rank 0 processed 4 samples.
Rank 0 waiting at barrier.
Passed barrier after <utils.dataset.UnifiedDataset object at 0x1461ee3f5690>.

--- All ranks finished writing. Now performing final check. ---
conflicting sizes for dimension 'level': length 3 on 'geostrophic_wind_ratio' and length 1 on {'idx': 'base_time', 'level': 'correlation', 'lat': 'correlation', 'lon': 'correlation'}

<zarr.core.Array '/idx' (10,) int64 read-only>
[0 1 2 3 4 5 6 7 8 9]
/
 ├── base_time (10,) datetime64[ns]
 ├── correlation (10, 1, 4, 4) float32
 ├── geostrophic_wind_ratio (10, 3, 21, 21) float64
 ├── hydrostatic_abs_error (10, 3, 21, 21) float32
 ├── hydrostatic_rel_error (10, 3, 21, 21) float32
 ├── hydrostatic_rmse (10, 1, 21, 21) float32
 ├── idx (10,) int64
 ├── lat (21,) float32
 ├── lead_time (10,) timedelta64[h]
 ├── level (3,) int32
 ├── lon (21,) float32
 ├── potential_vorticity (10, 3, 21, 21) float32
 └── relative_humidity (10, 3, 21, 21) float32
Starting universal harmonization based on 'idx'...
  -> Broadcasting 'correlation' on 'level' dim: 1 -> 3
  -> Broadcasting 'hydrostatic_rmse' on 'level' dim: 1 -> 3
Harmonization complete.

<xarray.Dataset>
Dimensions:                 (idx: 10, lat: 21, lon: 21, level: 3, dim_2: 4,
                             dim_3: 4)
Coordinates:
  * idx                     (idx) int64 0 1 2 3 4 5 6 7 8 9
  * lat                     (lat) float32 45.0 45.25 45.5 ... 49.5 49.75 50.0
  * lon                     (lon) float32 45.0 45.25 45.5 ... 49.5 49.75 50.0
  * level                   (level) int32 1 2 3
    base_time               (idx) datetime64[ns] 2021-04-09 ... 2021-04-02T12...
    lead_time               (idx) timedelta64[ns] 0 days 18:00:00 ... 0 days ...
Dimensions without coordinates: dim_2, dim_3
Data variables:
    hydrostatic_rel_error   (idx, level, lat, lon) float32 nan nan ... 0.004596
    potential_vorticity     (idx, level, lat, lon) float32 nan nan ... nan nan
    correlation             (idx, level, dim_2, dim_3) float32 0.9937 ... 0.9999
    hydrostatic_rmse        (idx, level, lat, lon) float32 211.6 220.6 ... 96.1
    geostrophic_wind_ratio  (idx, level, lat, lon) float64 1.441 ... 0.2115
    relative_humidity       (idx, level, lat, lon) float32 0.0002313 ... 0.00...
    hydrostatic_abs_error   (idx, level, lat, lon) float32 nan nan ... 134.7
Elapsed time: 18.36 s
