
  [01;33mThis stage is deprecated. Please consider moving to a new stage (2025
or newer)[0m

srun: Setting --cpu-bind=threads as a default of --threads-per-core use
srun: defined options
srun: -------------------- --------------------
srun: (null)              : jwc00n[004-005]
srun: jobid               : 12208038
srun: job-name            : run_cluster.sbatch
srun: licenses            : home@just,project1@just,scratch@just
srun: mpi                 : pspmix
srun: nodes               : 2
srun: ntasks              : 8
srun: ntasks-per-node     : 4
srun: threads-per-core    : 1
srun: verbose             : 1
srun: -------------------- --------------------
srun: end of defined options
srun: jobid 12208038: nodes(2):`jwc00n[004-005]', cpu counts: 48(x2)
srun: CpuBindType=threads
srun: launching StepId=12208038.0 on host jwc00n004, 4 tasks: [0-3]
srun: launching StepId=12208038.0 on host jwc00n005, 4 tasks: [4-7]
srun: topology/tree: init: topology tree plugin loaded
srun: Node jwc00n004, 4 tasks started
srun: Node jwc00n005, 4 tasks started
[W socket.cpp:663] [c10d] The client socket cannot be initialized to connect to [jwc00n004.juwels]:18038 (errno: 97 - Address family not supported by protocol).
[W socket.cpp:663] [c10d] The client socket cannot be initialized to connect to [jwc00n004.juwels]:18038 (errno: 97 - Address family not supported by protocol).
[W socket.cpp:663] [c10d] The client socket cannot be initialized to connect to [jwc00n004.juwels]:18038 (errno: 97 - Address family not supported by protocol).
[W socket.cpp:663] [c10d] The client socket cannot be initialized to connect to [jwc00n004.juwels]:18038 (errno: 97 - Address family not supported by protocol).
[W socket.cpp:436] [c10d] The server socket cannot be initialized on [::]:18038 (errno: 97 - Address family not supported by protocol).
[W socket.cpp:663] [c10d] The client socket cannot be initialized to connect to [jwc00n004.juwels]:18038 (errno: 97 - Address family not supported by protocol).
[W socket.cpp:663] [c10d] The client socket cannot be initialized to connect to [jwc00n004.juwels]:18038 (errno: 97 - Address family not supported by protocol).
[W socket.cpp:663] [c10d] The client socket cannot be initialized to connect to [jwc00n004.juwels]:18038 (errno: 97 - Address family not supported by protocol).
[W socket.cpp:663] [c10d] The client socket cannot be initialized to connect to [jwc00n004.juwels]:18038 (errno: 97 - Address family not supported by protocol).
Traceback (most recent call last):
  File "/p/project1/hclimrep/vozar2/PACE-Toolkit/pace/evaluator.py", line 245, in <module>
    main()
  File "/p/project1/hclimrep/vozar2/PACE-Toolkit/pace/evaluator.py", line 184, in main
    evaluate_and_log(
  File "/p/project1/hclimrep/vozar2/PACE-Toolkit/pace/utils/functions.py", line 43, in evaluate_and_log
    logger.save(sample_out)
  File "/p/project1/hclimrep/vozar2/PACE-Toolkit/pace/utils/output_logger.py", line 71, in save
    self.saver(sample)
  File "/p/software/juwels/stages/2024/software/PyTorch/2.1.2-gcccoreflexiblas-12.3.0-3.3.1/lib/python3.11/site-packages/torch/nn/modules/module.py", line 1518, in _wrapped_call_impl
    return self._call_impl(*args, **kwargs)
           ^^^^^^^^^^^^^^^^^^^^^^^^^^^^^^^^
  File "/p/software/juwels/stages/2024/software/PyTorch/2.1.2-gcccoreflexiblas-12.3.0-3.3.1/lib/python3.11/site-packages/torch/nn/modules/module.py", line 1527, in _call_impl
    return forward_call(*args, **kwargs)
           ^^^^^^^^^^^^^^^^^^^^^^^^^^^^^
  File "/p/project1/hclimrep/vozar2/PACE-Toolkit/pace/utils/output_logger.py", line 252, in forward
    self.root[name][indices_np] = data_np  # write at actual idx
    ~~~~~~~~~^^^^^^
  File "/p/software/default/stages/2024/software/zarr/2.18.3-GCCcore-12.3.0/lib/python3.11/site-packages/zarr/hierarchy.py", line 511, in __getitem__
    raise KeyError(item)
KeyError: 'geostrophic_wind_ratio'
Traceback (most recent call last):
  File "/p/project1/hclimrep/vozar2/PACE-Toolkit/pace/evaluator.py", line 245, in <module>
    main()
  File "/p/project1/hclimrep/vozar2/PACE-Toolkit/pace/evaluator.py", line 184, in main
    evaluate_and_log(
  File "/p/project1/hclimrep/vozar2/PACE-Toolkit/pace/utils/functions.py", line 43, in evaluate_and_log
    logger.save(sample_out)
  File "/p/project1/hclimrep/vozar2/PACE-Toolkit/pace/utils/output_logger.py", line 71, in save
    self.saver(sample)
  File "/p/software/juwels/stages/2024/software/PyTorch/2.1.2-gcccoreflexiblas-12.3.0-3.3.1/lib/python3.11/site-packages/torch/nn/modules/module.py", line 1518, in _wrapped_call_impl
    return self._call_impl(*args, **kwargs)
           ^^^^^^^^^^^^^^^^^^^^^^^^^^^^^^^^
  File "/p/software/juwels/stages/2024/software/PyTorch/2.1.2-gcccoreflexiblas-12.3.0-3.3.1/lib/python3.11/site-packages/torch/nn/modules/module.py", line 1527, in _call_impl
    return forward_call(*args, **kwargs)
           ^^^^^^^^^^^^^^^^^^^^^^^^^^^^^
  File "/p/project1/hclimrep/vozar2/PACE-Toolkit/pace/utils/output_logger.py", line 252, in forward
    self.root[name][indices_np] = data_np  # write at actual idx
    ~~~~~~~~~^^^^^^
  File "/p/software/default/stages/2024/software/zarr/2.18.3-GCCcore-12.3.0/lib/python3.11/site-packages/zarr/hierarchy.py", line 511, in __getitem__
    raise KeyError(item)
KeyError: 'geostrophic_wind_ratio'
Traceback (most recent call last):
  File "/p/project1/hclimrep/vozar2/PACE-Toolkit/pace/evaluator.py", line 245, in <module>
    main()
  File "/p/project1/hclimrep/vozar2/PACE-Toolkit/pace/evaluator.py", line 184, in main
    evaluate_and_log(
  File "/p/project1/hclimrep/vozar2/PACE-Toolkit/pace/utils/functions.py", line 33, in evaluate_and_log
    logger.initialize_store(sample_out)
  File "/p/project1/hclimrep/vozar2/PACE-Toolkit/pace/utils/output_logger.py", line 164, in initialize_store
    zarr.consolidate_metadata(self.path)
  File "/p/software/default/stages/2024/software/zarr/2.18.3-GCCcore-12.3.0/lib/python3.11/site-packages/zarr/convenience.py", line 1293, in consolidate_metadata
    "metadata": {key: json_loads(store[key]) for key in store if is_zarr_key(key)},
                ^^^^^^^^^^^^^^^^^^^^^^^^^^^^^^^^^^^^^^^^^^^^^^^^^^^^^^^^^^^^^^^^^^
  File "/p/software/default/stages/2024/software/zarr/2.18.3-GCCcore-12.3.0/lib/python3.11/site-packages/zarr/convenience.py", line 1293, in <dictcomp>
    "metadata": {key: json_loads(store[key]) for key in store if is_zarr_key(key)},
                      ^^^^^^^^^^^^^^^^^^^^^^
  File "/p/software/default/stages/2024/software/zarr/2.18.3-GCCcore-12.3.0/lib/python3.11/site-packages/zarr/util.py", line 76, in json_loads
    return json.loads(ensure_text(s, "utf-8"))
           ^^^^^^^^^^^^^^^^^^^^^^^^^^^^^^^^^^^
  File "/p/software/juwels/stages/2024/software/Python/3.11.3-GCCcore-12.3.0/lib/python3.11/json/__init__.py", line 346, in loads
    return _default_decoder.decode(s)
           ^^^^^^^^^^^^^^^^^^^^^^^^^^
  File "/p/software/juwels/stages/2024/software/Python/3.11.3-GCCcore-12.3.0/lib/python3.11/json/decoder.py", line 337, in decode
    obj, end = self.raw_decode(s, idx=_w(s, 0).end())
               ^^^^^^^^^^^^^^^^^^^^^^^^^^^^^^^^^^^^^^
  File "/p/software/juwels/stages/2024/software/Python/3.11.3-GCCcore-12.3.0/lib/python3.11/json/decoder.py", line 355, in raw_decode
    raise JSONDecodeError("Expecting value", s, err.value) from None
json.decoder.JSONDecodeError: Expecting value: line 1 column 1 (char 0)
Fatal error in internal_Barrier: Other MPI error, error stack:
internal_Barrier(84)................: MPI_Barrier(MPI_COMM_WORLD) failed
MPID_Barrier(49)....................: 
MPIR_Barrier_impl(105)..............: 
MPIR_Barrier_allcomm_auto(53).......: 
MPIR_Barrier_intra_smp(23)..........: 
MPID_Barrier(49)....................: 
MPIR_Barrier_impl(105)..............: 
MPIR_Barrier_allcomm_auto(53).......: 
MPIR_Barrier_intra_dissemination(34): 
mpid_irecv_done(98).................: read from socket failed - request state:recv(pde)done
MPIR_Barrier_intra_dissemination(34): 
mpid_irecv_done(98).................: read from socket failed - request state:recv(pde)done
MPIR_Barrier_intra_smp(52)..........: 
MPID_Bcast(87)......................: 
MPIR_Bcast_impl(444)................: 
MPIR_Bcast_allcomm_auto(370)........: 
MPIR_Bcast_intra_binomial(105)......: 
mpid_irecv_done(98).................: read from socket failed - request state:recv(pde)done
pspmix_service_abort: on users request from rank 3: Fatal error in internal_Barrier: Other MPI error, error stack:
internal_Barrier(84)................: MPI_Barrier(MPI_COMM_WORLD) failed
MPID_Barrier(49)....................: 
MPIR_Barrier_impl(105)..............: 
MPIR_Barrier_allcomm_auto(53).......: 
MPIR_Barrier_intra_smp(23)..........: 
MPID_Barrier(49)....................: 
MPIR_Barrier_impl(105)..............: 
MPIR_Barrier_allcomm_auto(53).......: 
MPIR_Barrier_intra_dissemination(34): 
mpid_irecv_done(98).................: read from socket failed - request state:recv(pde)done
MPIR_Barrier_intra_dissemination(34): 
mpid_irecv_done(98).................: read from socket failed - request state:recv(pde)done
MPIR_Barrier_intra_smp(52)..........: 
MPID_Bcast(87)......................: 
MPIR_Bcast_impl(444)................: 
MPIR_Bcast_allcomm_auto(370)........: 
MPIR_Bcast_intra_binomial(105)......: 
mpid_irecv_done(98).................: read from socket failed - request state:recv(pde)done
srun: Received task exit notification for 4 tasks of StepId=12208038.0 (status=0x000f).
srun: error: jwc00n005: tasks 4-7: Terminated
srun: Received task exit notification for 1 task of StepId=12208038.0 (status=0x8f00).
srun: error: jwc00n004: task 3: Exited with exit code 143
srun: Received task exit notification for 3 tasks of StepId=12208038.0 (status=0x000f).
srun: error: jwc00n004: tasks 0-2: Terminated
srun: Force Terminated StepId=12208038.0
srun: Setting --cpu-bind=threads as a default of --threads-per-core use
srun: defined options
srun: -------------------- --------------------
srun: (null)              : jwc00n[004-005]
srun: jobid               : 12208038
srun: job-name            : run_cluster.sbatch
srun: licenses            : home@just,project1@just,scratch@just
srun: mpi                 : pspmix
srun: nodes               : 2
srun: ntasks              : 8
srun: ntasks-per-node     : 4
srun: threads-per-core    : 1
srun: verbose             : 1
srun: -------------------- --------------------
srun: end of defined options
srun: jobid 12208038: nodes(2):`jwc00n[004-005]', cpu counts: 48(x2)
srun: CpuBindType=threads
srun: launching StepId=12208038.1 on host jwc00n004, 4 tasks: [0-3]
srun: launching StepId=12208038.1 on host jwc00n005, 4 tasks: [4-7]
srun: topology/tree: init: topology tree plugin loaded
srun: Node jwc00n004, 4 tasks started
srun: Node jwc00n005, 4 tasks started
/p/project1/hclimrep/vozar2/PACE-Toolkit/pace/postprocess.py:28: RuntimeWarning: Failed to open Zarr store with consolidated metadata, but successfully read with non-consolidated metadata. This is typically much slower for opening a dataset. To silence this warning, consider:
1. Consolidating metadata in this existing store with zarr.consolidate_metadata().
2. Explicitly setting consolidated=False, to avoid trying to read consolidate metadata, or
3. Explicitly setting consolidated=True, to raise an error in this case instead of falling back to try reading non-consolidated metadata.
  ds = xr.open_zarr(zarr_path)  # lazy loading
/p/project1/hclimrep/vozar2/PACE-Toolkit/pace/postprocess.py:28: RuntimeWarning: Failed to open Zarr store with consolidated metadata, but successfully read with non-consolidated metadata. This is typically much slower for opening a dataset. To silence this warning, consider:
1. Consolidating metadata in this existing store with zarr.consolidate_metadata().
2. Explicitly setting consolidated=False, to avoid trying to read consolidate metadata, or
3. Explicitly setting consolidated=True, to raise an error in this case instead of falling back to try reading non-consolidated metadata.
  ds = xr.open_zarr(zarr_path)  # lazy loading
srun: Received task exit notification for 4 tasks of StepId=12208038.1 (status=0x0000).
srun: jwc00n005: tasks 4-7: Completed
srun: Received task exit notification for 4 tasks of StepId=12208038.1 (status=0x0000).
srun: jwc00n004: tasks 0-3: Completed
