ds_config_path: /p/project1/hclimrep/vozar2/PACE-Toolkit/pace/configs/config_graphcast.json
output dir: /p/scratch/hclimrep/vozar2/outputs_cluster
DEBUG: rank=0, world_size=1, comm_size=1, comm_rank=0
Preparing files for graphcast...
Done. Found 8 usable files (2021-04-01 00:00:00 -- 2021-04-04 23:59:00).

Static fields setup... Done
Checking required field for metrics...
geostrophic_balance     is complete.
hydrostatic_balance     is complete.
correlation             is complete.
correlation_map         is complete.
potential_vorticity     is complete.
humidity_temperature    is complete.

Selected 34 samples for graphcast.
---------------------------------------------

Index map:  34
34
Preparing files for era5...
Done. Found 4 usable files (2021-04-01 00:00:00 -- 2021-04-04 23:59:00).

Static fields setup... Done
Checking required field for metrics...
geostrophic_balance     is complete.
hydrostatic_balance     is complete.
correlation             is complete.
correlation_map         is complete.
potential_vorticity     is complete.
humidity_temperature    is complete.

Selected 15 samples for era5.
---------------------------------------------

Index map:  15
Rank 0: Initializing Zarr archive and index at /p/scratch/hclimrep/vozar2/outputs_cluster/graphcast.zarr
All 1 ranks have opened the synchronized Zarr archive.
Rank 0: Initializing Zarr archive and index at /p/scratch/hclimrep/vozar2/outputs_cluster/era5.zarr
All 1 ranks have opened the synchronized Zarr archive.
torch.Size([1, 1, 21, 21])
torch.Size([1, 1, 21, 21])
torch.Size([1, 1, 21, 21])
torch.Size([1, 1, 21, 21])
0: Zarr store initialized for xarray at: /p/scratch/hclimrep/vozar2/outputs_cluster/graphcast.zarr
torch.Size([1, 1, 21, 21])
torch.Size([1, 1, 21, 21])
torch.Size([1, 1, 21, 21])
torch.Size([1, 1, 21, 21])
torch.Size([1, 1, 21, 21])
torch.Size([1, 1, 21, 21])
torch.Size([1, 1, 21, 21])
torch.Size([1, 1, 21, 21])
torch.Size([1, 1, 21, 21])
torch.Size([1, 1, 21, 21])
torch.Size([1, 1, 21, 21])
torch.Size([1, 1, 21, 21])
torch.Size([1, 1, 21, 21])
torch.Size([1, 1, 21, 21])
torch.Size([1, 1, 21, 21])
torch.Size([1, 1, 21, 21])
torch.Size([1, 1, 21, 21])
torch.Size([1, 1, 21, 21])
torch.Size([1, 1, 21, 21])
torch.Size([1, 1, 21, 21])
torch.Size([1, 1, 21, 21])
torch.Size([1, 1, 21, 21])
torch.Size([1, 1, 21, 21])
torch.Size([1, 1, 21, 21])
torch.Size([1, 1, 21, 21])
torch.Size([1, 1, 21, 21])
torch.Size([1, 1, 21, 21])
torch.Size([1, 1, 21, 21])
torch.Size([1, 1, 21, 21])
torch.Size([1, 1, 21, 21])
torch.Size([1, 1, 21, 21])
torch.Size([1, 1, 21, 21])
torch.Size([1, 1, 21, 21])
torch.Size([1, 1, 21, 21])
torch.Size([1, 1, 21, 21])
torch.Size([1, 1, 21, 21])
torch.Size([1, 1, 21, 21])
torch.Size([1, 1, 21, 21])
torch.Size([1, 1, 21, 21])
torch.Size([1, 1, 21, 21])
torch.Size([1, 1, 21, 21])
torch.Size([1, 1, 21, 21])
torch.Size([1, 1, 21, 21])
torch.Size([1, 1, 21, 21])
torch.Size([1, 1, 21, 21])
torch.Size([1, 1, 21, 21])
torch.Size([1, 1, 21, 21])
torch.Size([1, 1, 21, 21])
torch.Size([1, 1, 21, 21])
torch.Size([1, 1, 21, 21])
torch.Size([1, 1, 21, 21])
torch.Size([1, 1, 21, 21])
torch.Size([1, 1, 21, 21])
torch.Size([1, 1, 21, 21])
torch.Size([1, 1, 21, 21])
torch.Size([1, 1, 21, 21])
torch.Size([1, 1, 21, 21])
torch.Size([1, 1, 21, 21])
torch.Size([1, 1, 21, 21])
torch.Size([1, 1, 21, 21])
torch.Size([1, 1, 21, 21])
torch.Size([1, 1, 21, 21])
torch.Size([1, 1, 21, 21])
torch.Size([1, 1, 21, 21])
torch.Size([1, 1, 21, 21])
torch.Size([1, 1, 21, 21])
torch.Size([1, 1, 21, 21])
torch.Size([1, 1, 21, 21])
torch.Size([1, 1, 21, 21])
torch.Size([1, 1, 21, 21])
torch.Size([1, 1, 21, 21])
torch.Size([1, 1, 21, 21])
torch.Size([1, 1, 21, 21])
torch.Size([1, 1, 21, 21])
torch.Size([1, 1, 21, 21])
torch.Size([1, 1, 21, 21])
torch.Size([1, 1, 21, 21])
torch.Size([1, 1, 21, 21])
torch.Size([1, 1, 21, 21])
torch.Size([1, 1, 21, 21])
torch.Size([1, 1, 21, 21])
torch.Size([1, 1, 21, 21])
torch.Size([1, 1, 21, 21])
torch.Size([1, 1, 21, 21])
torch.Size([1, 1, 21, 21])
torch.Size([1, 1, 21, 21])
torch.Size([1, 1, 21, 21])
torch.Size([1, 1, 21, 21])
torch.Size([1, 1, 21, 21])
torch.Size([1, 1, 21, 21])
torch.Size([1, 1, 21, 21])
torch.Size([1, 1, 21, 21])
torch.Size([1, 1, 21, 21])
torch.Size([1, 1, 21, 21])
torch.Size([1, 1, 21, 21])
torch.Size([1, 1, 21, 21])
torch.Size([1, 1, 21, 21])
torch.Size([1, 1, 21, 21])
torch.Size([1, 1, 21, 21])
torch.Size([1, 1, 21, 21])
torch.Size([1, 1, 21, 21])
torch.Size([1, 1, 21, 21])
torch.Size([1, 1, 21, 21])
torch.Size([1, 1, 21, 21])
torch.Size([1, 1, 21, 21])
torch.Size([1, 1, 21, 21])
torch.Size([1, 1, 21, 21])
torch.Size([1, 1, 21, 21])
torch.Size([1, 1, 21, 21])
torch.Size([1, 1, 21, 21])
torch.Size([1, 1, 21, 21])
torch.Size([1, 1, 21, 21])
torch.Size([1, 1, 21, 21])
torch.Size([1, 1, 21, 21])
torch.Size([1, 1, 21, 21])
torch.Size([1, 1, 21, 21])
torch.Size([1, 1, 21, 21])
torch.Size([1, 1, 21, 21])
torch.Size([1, 1, 21, 21])
torch.Size([1, 1, 21, 21])
torch.Size([1, 1, 21, 21])
torch.Size([1, 1, 21, 21])
torch.Size([1, 1, 21, 21])
torch.Size([1, 1, 21, 21])
torch.Size([1, 1, 21, 21])
torch.Size([1, 1, 21, 21])
torch.Size([1, 1, 21, 21])
torch.Size([1, 1, 21, 21])
torch.Size([1, 1, 21, 21])
torch.Size([1, 1, 21, 21])
torch.Size([1, 1, 21, 21])
torch.Size([1, 1, 21, 21])
torch.Size([1, 1, 21, 21])
torch.Size([1, 1, 21, 21])
torch.Size([1, 1, 21, 21])
torch.Size([1, 1, 21, 21])
Rank 0 processed 34 samples.
Rank 0 waiting at barrier.
Rank 0 passed barrier.
Passed barrier after graphcast.
torch.Size([1, 1, 21, 21])
torch.Size([1, 1, 21, 21])
torch.Size([1, 1, 21, 21])
torch.Size([1, 1, 21, 21])
0: Zarr store initialized for xarray at: /p/scratch/hclimrep/vozar2/outputs_cluster/era5.zarr
torch.Size([1, 1, 21, 21])
torch.Size([1, 1, 21, 21])
torch.Size([1, 1, 21, 21])
torch.Size([1, 1, 21, 21])
torch.Size([1, 1, 21, 21])
torch.Size([1, 1, 21, 21])
torch.Size([1, 1, 21, 21])
torch.Size([1, 1, 21, 21])
torch.Size([1, 1, 21, 21])
torch.Size([1, 1, 21, 21])
torch.Size([1, 1, 21, 21])
torch.Size([1, 1, 21, 21])
torch.Size([1, 1, 21, 21])
torch.Size([1, 1, 21, 21])
torch.Size([1, 1, 21, 21])
torch.Size([1, 1, 21, 21])
torch.Size([1, 1, 21, 21])
torch.Size([1, 1, 21, 21])
torch.Size([1, 1, 21, 21])
torch.Size([1, 1, 21, 21])
torch.Size([1, 1, 21, 21])
torch.Size([1, 1, 21, 21])
torch.Size([1, 1, 21, 21])
torch.Size([1, 1, 21, 21])
torch.Size([1, 1, 21, 21])
torch.Size([1, 1, 21, 21])
torch.Size([1, 1, 21, 21])
torch.Size([1, 1, 21, 21])
torch.Size([1, 1, 21, 21])
torch.Size([1, 1, 21, 21])
torch.Size([1, 1, 21, 21])
torch.Size([1, 1, 21, 21])
torch.Size([1, 1, 21, 21])
torch.Size([1, 1, 21, 21])
torch.Size([1, 1, 21, 21])
torch.Size([1, 1, 21, 21])
torch.Size([1, 1, 21, 21])
torch.Size([1, 1, 21, 21])
torch.Size([1, 1, 21, 21])
torch.Size([1, 1, 21, 21])
torch.Size([1, 1, 21, 21])
torch.Size([1, 1, 21, 21])
torch.Size([1, 1, 21, 21])
torch.Size([1, 1, 21, 21])
torch.Size([1, 1, 21, 21])
torch.Size([1, 1, 21, 21])
torch.Size([1, 1, 21, 21])
torch.Size([1, 1, 21, 21])
torch.Size([1, 1, 21, 21])
torch.Size([1, 1, 21, 21])
torch.Size([1, 1, 21, 21])
torch.Size([1, 1, 21, 21])
torch.Size([1, 1, 21, 21])
torch.Size([1, 1, 21, 21])
torch.Size([1, 1, 21, 21])
torch.Size([1, 1, 21, 21])
torch.Size([1, 1, 21, 21])
torch.Size([1, 1, 21, 21])
torch.Size([1, 1, 21, 21])
torch.Size([1, 1, 21, 21])
Rank 0 processed 15 samples.
Rank 0 waiting at barrier.
Passed barrier after <utils.dataset.UnifiedDataset object at 0x1530a889ea50>.

--- All ranks finished writing. Now performing final check. ---
<zarr.core.Array '/idx' (34,) int64 read-only>
[ 0  1  2  3  4  5  6  7  8  9 10 11 12 13 14 15 16 17 18 19 20 21 22 23
 24 25 26 27 28 29 30 31 32 33]
/
 ├── base_time (34,) datetime64[ns]
 ├── correlation (34, 4, 4) float32
 ├── geostrophic_wind_ratio (34, 3, 21, 21) float64
 ├── hydrostatic_abs_error (34, 3, 21, 21) float32
 ├── hydrostatic_rel_error (34, 3, 21, 21) float32
 ├── hydrostatic_rmse (34, 3, 21, 21) float32
 ├── idx (34,) int64
 ├── lat (21,) float32
 ├── lead_time (34,) timedelta64[h]
 ├── level (3,) int32
 ├── lon (21,) float32
 ├── potential_vorticity (34, 3, 21, 21) float32
 └── relative_humidity (34, 3, 21, 21) float32
Opened using xarray.
<xarray.Dataset>
Dimensions:                 (base_time: 34, idx: 34, var_1: 4, var_2: 4,
                             level: 3, lat: 21, lon: 21, lead_time: 34)
Coordinates:
  * base_time               (base_time) datetime64[ns] 2021-04-03T12:00:00 .....
  * idx                     (idx) float64 nan 1.0 2.0 3.0 ... 31.0 32.0 33.0
  * lat                     (lat) float32 45.0 45.25 45.5 ... 49.5 49.75 50.0
  * lead_time               (lead_time) timedelta64[h] 0 days 06:00:00 ... 0 ...
  * level                   (level) float64 1.0 2.0 3.0
  * lon                     (lon) float32 45.0 45.25 45.5 ... 49.5 49.75 50.0
Dimensions without coordinates: var_1, var_2
Data variables:
    correlation             (idx, var_1, var_2) float32 ...
    geostrophic_wind_ratio  (idx, level, lat, lon) float64 ...
    hydrostatic_abs_error   (idx, level, lat, lon) float32 ...
    hydrostatic_rel_error   (idx, level, lat, lon) float32 ...
    hydrostatic_rmse        (idx, level, lat, lon) float32 ...
    potential_vorticity     (idx, level, lat, lon) float32 ...
    relative_humidity       (idx, level, lat, lon) float32 ...
Elapsed time: 25.75 s
