
  [01;33mThis stage is deprecated. Please consider moving to a new stage (2025
or newer)[0m

srun: Setting --cpu-bind=threads as a default of --threads-per-core use
srun: defined options
srun: -------------------- --------------------
srun: (null)              : jwc00n024
srun: jobid               : 12152708
srun: job-name            : minimal_run.sbatch
srun: licenses            : home@just,project1@just,scratch@just
srun: mpi                 : pspmix
srun: nodes               : 1
srun: ntasks              : 1
srun: ntasks-per-node     : 1
srun: threads-per-core    : 1
srun: verbose             : 1
srun: -------------------- --------------------
srun: end of defined options
srun: jobid 12152708: nodes(1):`jwc00n024', cpu counts: 48(x1)
srun: CpuBindType=threads
srun: launching StepId=12152708.0 on host jwc00n024, 1 tasks: 0
srun: topology/tree: init: topology tree plugin loaded
srun: Node jwc00n024, 1 tasks started
srun: Received task exit notification for 1 task of StepId=12152708.0 (status=0x0000).
srun: jwc00n024: task 0: Completed
