Preparing files for corrdiff...
Done. Found 32 usable files (2013-10-25 00:00:00 -- 2013-10-26 23:59:00).

Grid setup... Done.
Checking required fields for metrics...
correlation_corrdiff    is complete.
correlation_map_corrdiff is complete.

Selected 4 samples for corrdiff.
---------------------------------------------

Preparing files for rea...
Done. Found 32 usable files (2013-10-25 00:00:00 -- 2013-10-26 23:59:00).

Grid setup... Done.
Checking required fields for metrics...
correlation_corrdiff    is complete.
correlation_map_corrdiff is complete.

Selected 4 samples for rea.
---------------------------------------------

[Rank 0] Initializing Zarr archive at /p/scratch/hclimrep/vozar2/outputs_cluster/corrdiff.zarr

[Rank 0] Initializing Zarr archive at /p/scratch/hclimrep/vozar2/outputs_cluster/rea.zarr

2013-10-25 00:00:00 18:00:00 vmax_10m tensor(29.4754)
2013-10-25 00:00:00 18:00:00 total_precipitation tensor(24.4448)
2013-10-25 00:00:00 18:00:00 2m_temperature tensor(282.3326)
[Rank 0] Zarr store initialized for xarray at: /p/scratch/hclimrep/vozar2/outputs_cluster/corrdiff.zarr

2013-10-25 00:00:00 18:00:00 vmax_10m tensor(29.4754)
2013-10-25 00:00:00 18:00:00 total_precipitation tensor(24.4448)
2013-10-25 00:00:00 18:00:00 2m_temperature tensor(282.3326)
2013-10-25 06:00:00 12:00:00 vmax_10m tensor(30.9641)
2013-10-25 06:00:00 12:00:00 total_precipitation tensor(23.2355)
2013-10-25 06:00:00 12:00:00 2m_temperature tensor(283.2287)
2013-10-24 18:00:00 1 day, 0:00:00 vmax_10m tensor(25.2660)
2013-10-24 18:00:00 1 day, 0:00:00 total_precipitation tensor(16.8360)
2013-10-24 18:00:00 1 day, 0:00:00 2m_temperature tensor(281.6278)
2013-10-25 12:00:00 6:00:00 vmax_10m tensor(32.1184)
2013-10-25 12:00:00 6:00:00 total_precipitation tensor(18.3108)
2013-10-25 12:00:00 6:00:00 2m_temperature tensor(283.5804)
0
Rank 0 is aggregating results from all ranks...
Aggregation complete. Total count: 5
torch.Size([3, 3, 448, 640]) tensor(-1.0000) tensor(1.0000)
Correlation map computed and saved.
Rank 0 processed 4 samples.
Finished evaluation of corrdiff.

[Rank 0] Zarr store initialized for xarray at: /p/scratch/hclimrep/vozar2/outputs_cluster/rea.zarr

0
Rank 0 is aggregating results from all ranks...
Aggregation complete. Total count: 10
torch.Size([3, 3, 448, 640]) tensor(-0.9951) tensor(1.)
Correlation map computed and saved.
Rank 0 processed 4 samples.
Finished evaluation of rea.

Metadata consolidation complete.

Opening model dataset using xarray.

<xarray.Dataset>
Dimensions:          (idx: 4, var_1: 3, var_2: 3, lat: 448, lon: 640)
Coordinates:
    base_time        (idx) datetime64[ns] ...
  * idx              (idx) float64 0.0 1.0 2.0 3.0
  * lat              (lat) float32 45.39 45.41 45.44 45.46 ... 56.51 56.54 56.56
    lead_time        (idx) timedelta64[h] ...
  * lon              (lon) float32 1.138 1.163 1.188 1.212 ... 17.06 17.09 17.11
  * var_1            (var_1) object 'vmax_10m' ... '2m_temperature'
  * var_2            (var_2) object 'vmax_10m' ... '2m_temperature'
Data variables:
    corr_column      (idx, var_1, var_2) float32 ...
    correlation_map  (var_1, var_2, lat, lon) float32 ...

Elapsed time: 9.75 s
Histogram visualization disabled in config.

Vertical profile visualization disabled in config.


Running correlation visualization...
index 3 is out of bounds for axis 0 with size 3

Running correlation map visualization...

Spatial slice visualization disabled in config.

Spatial average visualization disabled in config.

Time series visualization disabled in config.


Elapsed time: 6.55 s
