
  [01;33mThis stage is deprecated. Please consider moving to a new stage (2025
or newer)[0m

srun: Setting --cpu-bind=threads as a default of --threads-per-core use
srun: defined options
srun: -------------------- --------------------
srun: (null)              : jwc00n[024-025]
srun: jobid               : 12224125
srun: job-name            : run_cluster.sbatch
srun: licenses            : home@just,project1@just,scratch@just
srun: mpi                 : pspmix
srun: nodes               : 2
srun: ntasks              : 8
srun: ntasks-per-node     : 4
srun: threads-per-core    : 1
srun: verbose             : 1
srun: -------------------- --------------------
srun: end of defined options
srun: jobid 12224125: nodes(2):`jwc00n[024-025]', cpu counts: 48(x2)
srun: CpuBindType=threads
srun: launching StepId=12224125.0 on host jwc00n024, 4 tasks: [0-3]
srun: launching StepId=12224125.0 on host jwc00n025, 4 tasks: [4-7]
srun: topology/tree: init: topology tree plugin loaded
srun: Node jwc00n024, 4 tasks started
srun: Node jwc00n025, 4 tasks started
Fatal error in internal_Barrier: Other MPI error, error stack:
internal_Barrier(84)................: MPI_Barrier(MPI_COMM_WORLD) failed
MPID_Barrier(49)....................: 
MPIR_Barrier_impl(105)..............: 
MPIR_Barrier_allcomm_auto(53).......: 
MPIR_Barrier_intra_smp(36)..........: 
MPID_Barrier(49)....................: 
MPIR_Barrier_impl(105)..............: 
MPIR_Barrier_allcomm_auto(53).......: 
MPIR_Barrier_intra_dissemination(34): 
mpid_irecv_done(98).................: read from socket failed - request state:recv(pde)done
MPIR_Barrier_intra_smp(52)..........: 
MPID_Bcast(87)......................: 
MPIR_Bcast_impl(444)................: 
MPIR_Bcast_allcomm_auto(370)........: 
MPIR_Bcast_intra_binomial(174)......: Failure during collective
pspmix_service_abort: on users request from rank 0: Fatal error in internal_Barrier: Other MPI error, error stack:
internal_Barrier(84)................: MPI_Barrier(MPI_COMM_WORLD) failed
MPID_Barrier(49)....................: 
MPIR_Barrier_impl(105)..............: 
MPIR_Barrier_allcomm_auto(53).......: 
MPIR_Barrier_intra_smp(36)..........: 
MPID_Barrier(49)....................: 
MPIR_Barrier_impl(105)..............: 
MPIR_Barrier_allcomm_auto(53).......: 
MPIR_Barrier_intra_dissemination(34): 
mpid_irecv_done(98).................: read from socket failed - request state:recv(pde)done
MPIR_Barrier_intra_smp(52)..........: 
MPID_Bcast(87)......................: 
MPIR_Bcast_impl(444)................: 
MPIR_Bcast_allcomm_auto(370)........: 
MPIR_Bcast_intra_binomial(174)......: Failure during collective
srun: Received task exit notification for 4 tasks of StepId=12224125.0 (status=0x000f).
srun: error: jwc00n025: tasks 4-7: Terminated
srun: Received task exit notification for 1 task of StepId=12224125.0 (status=0x8f00).
srun: error: jwc00n024: task 0: Exited with exit code 143
srun: Received task exit notification for 3 tasks of StepId=12224125.0 (status=0x000f).
srun: error: jwc00n024: tasks 1-3: Terminated
srun: Force Terminated StepId=12224125.0
srun: Setting --cpu-bind=threads as a default of --threads-per-core use
srun: defined options
srun: -------------------- --------------------
srun: (null)              : jwc00n[024-025]
srun: jobid               : 12224125
srun: job-name            : run_cluster.sbatch
srun: licenses            : home@just,project1@just,scratch@just
srun: mpi                 : pspmix
srun: nodes               : 2
srun: ntasks              : 8
srun: ntasks-per-node     : 4
srun: threads-per-core    : 1
srun: verbose             : 1
srun: -------------------- --------------------
srun: end of defined options
srun: jobid 12224125: nodes(2):`jwc00n[024-025]', cpu counts: 48(x2)
srun: CpuBindType=threads
srun: launching StepId=12224125.1 on host jwc00n024, 4 tasks: [0-3]
srun: launching StepId=12224125.1 on host jwc00n025, 4 tasks: [4-7]
srun: topology/tree: init: topology tree plugin loaded
srun: Node jwc00n025, 4 tasks started
srun: Node jwc00n024, 4 tasks started
srun: Received task exit notification for 4 tasks of StepId=12224125.1 (status=0x0000).
srun: jwc00n025: tasks 4-7: Completed
srun: Received task exit notification for 4 tasks of StepId=12224125.1 (status=0x0000).
srun: jwc00n024: tasks 0-3: Completed
