
  [01;33mThis stage is deprecated. Please consider moving to a new stage (2025
or newer)[0m

srun: Setting --cpu-bind=threads as a default of --threads-per-core use
srun: defined options
srun: -------------------- --------------------
srun: (null)              : jwc07n268
srun: jobid               : 12137309
srun: job-name            : run_cluster.sbatch
srun: licenses            : home@just,project1@just,scratch@just
srun: mpi                 : pspmix
srun: nodes               : 1
srun: ntasks              : 1
srun: ntasks-per-node     : 1
srun: threads-per-core    : 1
srun: verbose             : 1
srun: -------------------- --------------------
srun: end of defined options
srun: jobid 12137309: nodes(1):`jwc07n268', cpu counts: 48(x1)
srun: CpuBindType=threads
srun: launching StepId=12137309.0 on host jwc07n268, 1 tasks: 0
srun: topology/tree: init: topology tree plugin loaded
srun: Node jwc07n268, 1 tasks started
Traceback (most recent call last):
  File "/p/project1/hclimrep/vas1/PACE-Toolkit/pace/evaluator.py", line 225, in <module>
    main()
  File "/p/project1/hclimrep/vas1/PACE-Toolkit/pace/evaluator.py", line 125, in main
    model_output_logger = MPIZarrSaver(
                          ^^^^^^^^^^^^^
  File "/p/project1/hclimrep/vas1/PACE-Toolkit/pace/utils/output_logger.py", line 33, in __init__
    shutil.rmtree(self.path)
  File "/p/software/juwels/stages/2024/software/Python/3.11.3-GCCcore-12.3.0/lib/python3.11/shutil.py", line 732, in rmtree
    _rmtree_safe_fd(fd, path, onerror)
  File "/p/software/juwels/stages/2024/software/Python/3.11.3-GCCcore-12.3.0/lib/python3.11/shutil.py", line 660, in _rmtree_safe_fd
    _rmtree_safe_fd(dirfd, fullname, onerror)
  File "/p/software/juwels/stages/2024/software/Python/3.11.3-GCCcore-12.3.0/lib/python3.11/shutil.py", line 683, in _rmtree_safe_fd
    onerror(os.unlink, fullname, sys.exc_info())
  File "/p/software/juwels/stages/2024/software/Python/3.11.3-GCCcore-12.3.0/lib/python3.11/shutil.py", line 681, in _rmtree_safe_fd
    os.unlink(entry.name, dir_fd=topfd)
PermissionError: [Errno 13] Permission denied: '.zarray'
srun: Received task exit notification for 1 task of StepId=12137309.0 (status=0x0100).
srun: error: jwc07n268: task 0: Exited with exit code 1
