output dir: /p/scratch/hclimrep/vozar2/outputs_cluster
DEBUG: rank=0, world_size=1, comm_size=1, comm_rank=0
Preparing files for graphcast...
Done. Found 40 usable files (2021-04-01 00:00:00 -- 2021-04-20 23:59:00).

Static fields setup... Done
Checking required field for metrics...
geostrophic_balance     is complete.
hydrostatic_balance     is complete.
correlation             is complete.
correlation_map         is complete.
potential_vorticity     is complete.
humidity_temperature    is complete.

Selected 10 samples for graphcast.
---------------------------------------------

Index map:  10
10
Preparing files for era5...
Done. Found 20 usable files (2021-04-01 00:00:00 -- 2021-04-20 23:59:00).

Static fields setup... Done
Checking required field for metrics...
geostrophic_balance     is complete.
hydrostatic_balance     is complete.
correlation             is complete.
correlation_map         is complete.
potential_vorticity     is complete.
humidity_temperature    is complete.

Selected 4 samples for era5.
---------------------------------------------

Index map:  4
Rank 0: Initializing Zarr archive and index at /p/scratch/hclimrep/vozar2/outputs_cluster/graphcast.zarr
All 1 ranks have opened the synchronized Zarr archive.
Rank 0: Initializing Zarr archive and index at /p/scratch/hclimrep/vozar2/outputs_cluster/era5.zarr
All 1 ranks have opened the synchronized Zarr archive.
0: Zarr store initialized for xarray at: /p/scratch/hclimrep/vozar2/outputs_cluster/graphcast.zarr
Rank 0: Saved idx 0 for 2021-04-09 00:00:00 to /p/scratch/hclimrep/vozar2/outputs_cluster/graphcast.zarr
Rank 0: Saved idx 1 for 2021-04-08 12:00:00 to /p/scratch/hclimrep/vozar2/outputs_cluster/graphcast.zarr
Rank 0: Saved idx 2 for 2021-04-15 12:00:00 to /p/scratch/hclimrep/vozar2/outputs_cluster/graphcast.zarr
Rank 0: Saved idx 3 for 2021-04-09 12:00:00 to /p/scratch/hclimrep/vozar2/outputs_cluster/graphcast.zarr
Rank 0: Saved idx 4 for 2021-04-13 00:00:00 to /p/scratch/hclimrep/vozar2/outputs_cluster/graphcast.zarr
Rank 0: Saved idx 5 for 2021-04-15 00:00:00 to /p/scratch/hclimrep/vozar2/outputs_cluster/graphcast.zarr
Rank 0: Saved idx 6 for 2021-04-01 12:00:00 to /p/scratch/hclimrep/vozar2/outputs_cluster/graphcast.zarr
Rank 0: Saved idx 7 for 2021-04-13 12:00:00 to /p/scratch/hclimrep/vozar2/outputs_cluster/graphcast.zarr
Rank 0: Saved idx 8 for 2021-04-02 00:00:00 to /p/scratch/hclimrep/vozar2/outputs_cluster/graphcast.zarr
Rank 0: Saved idx 9 for 2021-04-02 12:00:00 to /p/scratch/hclimrep/vozar2/outputs_cluster/graphcast.zarr
Rank 0 processed 10 samples.
Rank 0 waiting at barrier.
Rank 0 passed barrier.
Passed barrier after graphcast.
0: Zarr store initialized for xarray at: /p/scratch/hclimrep/vozar2/outputs_cluster/era5.zarr
Rank 0: Saved idx 0 for 2021-04-16 00:00:00 to /p/scratch/hclimrep/vozar2/outputs_cluster/era5.zarr
Rank 0: Saved idx 1 for 2021-04-09 00:00:00 to /p/scratch/hclimrep/vozar2/outputs_cluster/era5.zarr
Rank 0: Saved idx 2 for 2021-04-14 00:00:00 to /p/scratch/hclimrep/vozar2/outputs_cluster/era5.zarr
Rank 0: Saved idx 3 for 2021-04-02 00:00:00 to /p/scratch/hclimrep/vozar2/outputs_cluster/era5.zarr
Rank 0 processed 4 samples.
Rank 0 waiting at barrier.
Passed barrier after <utils.dataset.UnifiedDataset object at 0x14af4b900990>.

--- All ranks finished writing. Now performing final check. ---
Opened using xarray.
<xarray.Dataset>
Dimensions:                 (idx: 0, var_1: 4, var_2: 4, level: 3, lat: 21,
                             lon: 21)
Coordinates:
    base_time               (idx) datetime64[ns] ...
  * idx                     (idx) float64 
  * lat                     (lat) float32 45.0 45.25 45.5 ... 49.5 49.75 50.0
    lead_time               (idx) timedelta64[h] ...
  * level                   (level) float64 1.0 2.0 3.0
  * lon                     (lon) float32 45.0 45.25 45.5 ... 49.5 49.75 50.0
Dimensions without coordinates: var_1, var_2
Data variables:
    correlation             (idx, var_1, var_2) float32 ...
    geostrophic_wind_ratio  (idx, level, lat, lon) float64 ...
    hydrostatic_abs_error   (idx, level, lat, lon) float32 ...
    hydrostatic_rel_error   (idx, level, lat, lon) float32 ...
    hydrostatic_rmse        (idx, level, lat, lon) float32 ...
    potential_vorticity     (idx, level, lat, lon) float32 ...
    relative_humidity       (idx, level, lat, lon) float32 ...
Elapsed time: 13.90 s
