ds_config_path: /p/project1/hclimrep/vozar2/PACE-Toolkit/pace/configs/config_devel_c.json
output dir: /p/scratch/hclimrep/vozar2/outputs_cluster
DEBUG: rank=0, world_size=8, comm_size=8, comm_rank=0
Preparing files for corrdiff...
5824 files parsed from directory: /p/scratch/hclimrep/pavel1/CorrDiff/CorrDiff_Output_Code4Earth/
Done. Found 480 usable files (2013-06-01 00:00:00 -- 2013-06-30 23:59:00).

Static fields setup... Done
Checking required field for metrics...
correlation_corrdiff    is complete.
correlation_map_corrdiff is complete.

Selected 480 samples for corrdiff.
---------------------------------------------

Index map:  480
480
Rank 0: Initializing Zarr archive and index at /p/scratch/hclimrep/vozar2/outputs_cluster/corrdiff.zarr
All 8 ranks have opened the synchronized Zarr archive.
0: Zarr store initialized for xarray at: /p/scratch/hclimrep/vozar2/outputs_cluster/corrdiff.zarr
480
480
480
480
480
480
480
correlation_map_corrdiff success
Rank 2 processed 60 samples.
Rank 2 waiting at barrier.
Rank 2 passed barrier.
Rank 2 waiting at barrier.
correlation_map_corrdiff success
Rank 7 processed 60 samples.
Rank 7 waiting at barrier.
Rank 7 passed barrier.
Rank 7 waiting at barrier.
correlation_map_corrdiff success
Rank 1 processed 60 samples.
Rank 1 waiting at barrier.
Rank 1 passed barrier.
Rank 1 waiting at barrier.
correlation_map_corrdiff success
Rank 3 processed 60 samples.
Rank 3 waiting at barrier.
Rank 3 passed barrier.
Rank 3 waiting at barrier.
correlation_map_corrdiff success
Rank 5 processed 60 samples.
Rank 5 waiting at barrier.
Rank 5 passed barrier.
Rank 5 waiting at barrier.
correlation_map_corrdiff success
Rank 4 processed 60 samples.
Rank 4 waiting at barrier.
Rank 4 passed barrier.
Rank 4 waiting at barrier.
correlation_map_corrdiff success
Rank 6 processed 60 samples.
Rank 6 waiting at barrier.
Rank 6 passed barrier.
Rank 6 waiting at barrier.
correlation_corrdiff 'GenericHistogram' object has no attribute 'evaluate'
Rank 0 is aggregating results from all ranks...
Aggregation complete. Total count: 1443
torch.Size([3, 3, 448, 640]) torch.Size([3, 3, 448, 640])
torch.Size([3, 3, 448, 640])
correlation_map_corrdiff success
Rank 0 processed 60 samples.
Rank 0 waiting at barrier.
Rank 0 passed barrier.
Passed barrier after corrdiff.
Rank 0 waiting at barrier.
Passed barrier after None.
Reconsolidating metadata...
Done.

--- All ranks finished writing. Now performing final check. ---
<zarr.core.Array '/idx' (480,) int64 read-only>
[  0   1   2   3   4   5   6   7   8   9  10  11  12  13  14  15  16  17
  18  19  20  21  22  23  24  25  26  27  28  29  30  31  32  33  34  35
  36  37  38  39  40  41  42  43  44  45  46  47  48  49  50  51  52  53
  54  55  56  57  58  59  60  61  62  63  64  65  66  67  68  69  70  71
  72  73  74  75  76  77  78  79  80  81  82  83  84  85  86  87  88  89
  90  91  92  93  94  95  96  97  98  99 100 101 102 103 104 105 106 107
 108 109 110 111 112 113 114 115 116 117 118 119 120 121 122 123 124 125
 126 127 128 129 130 131 132 133 134 135 136 137 138 139 140 141 142 143
 144 145 146 147 148 149 150 151 152 153 154 155 156 157 158 159 160 161
 162 163 164 165 166 167 168 169 170 171 172 173 174 175 176 177 178 179
 180 181 182 183 184 185 186 187 188 189 190 191 192 193 194 195 196 197
 198 199 200 201 202 203 204 205 206 207 208 209 210 211 212 213 214 215
 216 217 218 219 220 221 222 223 224 225 226 227 228 229 230 231 232 233
 234 235 236 237 238 239 240 241 242 243 244 245 246 247 248 249 250 251
 252 253 254 255 256 257 258 259 260 261 262 263 264 265 266 267 268 269
 270 271 272 273 274 275 276 277 278 279 280 281 282 283 284 285 286 287
 288 289 290 291 292 293 294 295 296 297 298 299 300 301 302 303 304 305
 306 307 308 309 310 311 312 313 314 315 316 317 318 319 320 321 322 323
 324 325 326 327 328 329 330 331 332 333 334 335 336 337 338 339 340 341
 342 343 344 345 346 347 348 349 350 351 352 353 354 355 356 357 358 359
 360 361 362 363 364 365 366 367 368 369 370 371 372 373 374 375 376 377
 378 379 380 381 382 383 384 385 386 387 388 389 390 391 392 393 394 395
 396 397 398 399 400 401 402 403 404 405 406 407 408 409 410 411 412 413
 414 415 416 417 418 419 420 421 422 423 424 425 426 427 428 429 430 431
 432 433 434 435 436 437 438 439 440 441 442 443 444 445 446 447 448 449
 450 451 452 453 454 455 456 457 458 459 460 461 462 463 464 465 466 467
 468 469 470 471 472 473 474 475 476 477 478 479]
/
 ├── base_time (480,) datetime64[ns]
 ├── corr_column (480, 3, 3) float32
 ├── corr_map_rank_0
 │   ├── count () int64
 │   ├── sum_c (1, 3, 448, 640) float32
 │   ├── sum_c_sq (1, 3, 448, 640) float32
 │   └── sum_cc (3, 3, 448, 640) float32
 ├── corr_map_rank_1
 │   ├── count () int64
 │   ├── sum_c (1, 3, 448, 640) float32
 │   ├── sum_c_sq (1, 3, 448, 640) float32
 │   └── sum_cc (3, 3, 448, 640) float32
 ├── corr_map_rank_2
 │   ├── count () int64
 │   ├── sum_c (1, 3, 448, 640) float32
 │   ├── sum_c_sq (1, 3, 448, 640) float32
 │   └── sum_cc (3, 3, 448, 640) float32
 ├── corr_map_rank_3
 │   ├── count () int64
 │   ├── sum_c (1, 3, 448, 640) float32
 │   ├── sum_c_sq (1, 3, 448, 640) float32
 │   └── sum_cc (3, 3, 448, 640) float32
 ├── corr_map_rank_4
 │   ├── count () int64
 │   ├── sum_c (1, 3, 448, 640) float32
 │   ├── sum_c_sq (1, 3, 448, 640) float32
 │   └── sum_cc (3, 3, 448, 640) float32
 ├── corr_map_rank_5
 │   ├── count () int64
 │   ├── sum_c (1, 3, 448, 640) float32
 │   ├── sum_c_sq (1, 3, 448, 640) float32
 │   └── sum_cc (3, 3, 448, 640) float32
 ├── corr_map_rank_6
 │   ├── count () int64
 │   ├── sum_c (1, 3, 448, 640) float32
 │   ├── sum_c_sq (1, 3, 448, 640) float32
 │   └── sum_cc (3, 3, 448, 640) float32
 ├── corr_map_rank_7
 │   ├── count () int64
 │   ├── sum_c (1, 3, 448, 640) float32
 │   ├── sum_c_sq (1, 3, 448, 640) float32
 │   └── sum_cc (3, 3, 448, 640) float32
 ├── correlation_map (3, 3, 448, 640) float32
 ├── idx (480,) int64
 ├── lat (448,) float32
 ├── lead_time (480,) timedelta64[h]
 ├── lon (640,) float32
 ├── var_1 (3,) object
 └── var_2 (3,) object
Opened using xarray.
<xarray.Dataset>
Dimensions:          (idx: 480, var_1: 3, var_2: 3, lat: 448, lon: 640)
Coordinates:
    base_time        (idx) datetime64[ns] ...
  * idx              (idx) float64 0.0 1.0 2.0 3.0 ... 476.0 477.0 478.0 479.0
  * lat              (lat) float32 45.39 45.41 45.44 45.46 ... 56.51 56.54 56.56
    lead_time        (idx) timedelta64[h] ...
  * lon              (lon) float32 1.138 1.163 1.188 1.212 ... 17.06 17.09 17.11
  * var_1            (var_1) object 'vmax_10m' ... '2m_temperature'
  * var_2            (var_2) object 'vmax_10m' ... '2m_temperature'
Data variables:
    corr_column      (idx, var_1, var_2) float32 ...
    correlation_map  (var_1, var_2, lat, lon) float32 ...
Elapsed time: 14.90 s
